#
# A fatal error has been detected by the Java Runtime Environment:
#
#  EXCEPTION_ACCESS_VIOLATION (0xc0000005) at pc=0x00007ffcd45ca9a9, pid=14516, tid=2940
#
# JRE version: Java(TM) SE Runtime Environment (24.0+36) (build 24+36-3646)
# Java VM: Java HotSpot(TM) 64-Bit Server VM (24+36-3646, mixed mode, sharing, tiered, compressed oops, compressed class ptrs, g1 gc, windows-amd64)
# Problematic frame:
# C  [awt.dll+0xda9a9]
#
# No core dump will be written. Minidumps are not enabled by default on client versions of Windows
#
# If you would like to submit a bug report, please visit:
#   https://bugreport.java.com/bugreport/crash.jsp
# The crash happened outside the Java Virtual Machine in native code.
# See problematic frame for where to report the bug.
#

---------------  S U M M A R Y ------------

Command Line: -Dfile.encoding=UTF-8 -agentlib:jdwp=transport=dt_shmem,address=javadebug --module-path=C:\Users\Administrator\Documents\NetBeansProjects\PABaru\PA\build\classes pa.Cashier

Host: Intel(R) Core(TM) i5-10400F CPU @ 2.90GHz, 12 cores, 15G,  Windows 11 , 64 bit Build 26100 (10.0.26100.3775)
Time: Sun Jun 22 13:03:40 2025 SE Asia Standard Time elapsed time: 12.755919 seconds (0d 0h 0m 12s)

---------------  T H R E A D  ---------------

Current thread (0x0000021d7f1117e0):  JavaThread "AWT-EventQueue-0"        [_thread_in_native, id=2940, stack(0x000000a065c00000,0x000000a065d00000) (1024K)]

Stack: [0x000000a065c00000,0x000000a065d00000],  sp=0x000000a065cfee00,  free space=1019k
Native frames: (J=compiled Java code, j=interpreted, Vv=VM code, C=native code)
C  [awt.dll+0xda9a9]  (no source info available)
C  [awt.dll+0xd9d68]  (no source info available)
C  0x0000021d7335078b  (no source info available)

The last pc belongs to native method entry point (kind = native) (printed below).
Java frames: (J=compiled Java code, j=interpreted, Vv=VM code)
j  sun.awt.Win32GraphicsConfig.getBounds(I)Ljava/awt/Rectangle;+0 java.desktop@24
j  sun.awt.Win32GraphicsConfig.getBounds()Ljava/awt/Rectangle;+8 java.desktop@24
j  sun.awt.Win32GraphicsDevice.displayChanged()V+23 java.desktop@24
j  sun.awt.Win32GraphicsEnvironment.displayChanged()V+271 java.desktop@24
j  sun.awt.windows.WToolkit.lambda$displayChanged$0()V+15 java.desktop@24
j  sun.awt.windows.WToolkit$$Lambda+0x0000021d051d7c88.run()V+0 java.desktop@24
j  java.awt.event.InvocationEvent.dispatch()V+47 java.desktop@24
j  java.awt.EventQueue.dispatchEventImpl(Ljava/awt/AWTEvent;Ljava/lang/Object;)V+21 java.desktop@24
j  java.awt.EventQueue.dispatchEvent(Ljava/awt/AWTEvent;)V+22 java.desktop@24
j  java.awt.EventDispatchThread.pumpOneEventForFilters(I)V+81 java.desktop@24
j  java.awt.EventDispatchThread.pumpEventsForFilter(ILjava/awt/Conditional;Ljava/awt/EventFilter;)V+35 java.desktop@24
j  java.awt.EventDispatchThread.pumpEventsForHierarchy(ILjava/awt/Conditional;Ljava/awt/Component;)V+11 java.desktop@24
j  java.awt.EventDispatchThread.pumpEvents(ILjava/awt/Conditional;)V+4 java.desktop@24
j  java.awt.EventDispatchThread.pumpEvents(Ljava/awt/Conditional;)V+3 java.desktop@24
j  java.awt.EventDispatchThread.run()V+9 java.desktop@24
v  ~StubRoutines::call_stub 0x0000021d73340fcd

siginfo: EXCEPTION_ACCESS_VIOLATION (0xc0000005), reading address 0x0000000000000028


Registers:
RAX=0x0000000000000000, RBX=0x0000021d49bf8260, RCX=0x0000000000000000, RDX=0x0000000000000000
RSP=0x000000a065cfee00, RBP=0x0000000000000000, RSI=0x0000000000000000, RDI=0x0000000000000000
R8 =0x0000000000000001, R9 =0x000000a063ee1000, R10=0x0000021d499673b0, R11=0x0000021d45572d18
R12=0x0000000000000000, R13=0x0000021d49963ac8, R14=0x0000021d493fc460, R15=0x0000000000000000
RIP=0x00007ffcd45ca9a9, EFLAGS=0x0000000000010246

XMM[0]=0x0000000000000000 0x0000000000000000
XMM[1]=0x0000000000000000 0x000000a065cfeed0
XMM[2]=0xffe4e7edffe4e7ed 0xffe4e7edffe4e7ed
XMM[3]=0xffe4e7edffe4e7ed 0xffe4e7edffe4e7ed
XMM[4]=0x0000000000000000 0xffe4e7edffe4e7ed
XMM[5]=0x0000021d7f1117e0 0xffe4e7edffe4e701
XMM[6]=0x0000000000000000 0xc219d78da11019ce
XMM[7]=0x0000000000000000 0xf623122f092d115d
XMM[8]=0x0000000000000000 0x0b3c73a1337a3a98
XMM[9]=0x0000000000000000 0x49d8f57fd4a14531
XMM[10]=0x0000000000000000 0x000000008ac84fb2
XMM[11]=0x0000000000000000 0x001f9269d4c0d79a
XMM[12]=0x0000000000000000 0x00000000d4a14531
XMM[13]=0x0000000000000000 0x0000000000000000
XMM[14]=0x0000000000000000 0x0000000000000000
XMM[15]=0x0000000000000000 0x0000000000000000
  MXCSR=0x00001fa6


Register to memory mapping:

RAX=0x0 is null
RBX=0x0000021d49bf8260 points into unknown readable memory: 0x0000021d4abac780 | 80 c7 ba 4a 1d 02 00 00
RCX=0x0 is null
RDX=0x0 is null
RSP=0x000000a065cfee00 is pointing into the stack for thread: 0x0000021d7f1117e0
RBP=0x0 is null
RSI=0x0 is null
RDI=0x0 is null
R8 =0x0000000000000001 is an unknown value
R9 =0x000000a063ee1000 points into unknown readable memory: 0x0000000000000000 | 00 00 00 00 00 00 00 00
R10=0x0000021d499673b0 points into unknown readable memory: 0x0000004000000003 | 03 00 00 00 40 00 00 00
R11={method} {0x0000021d45572d20} '<init>' '(IIII)V' in 'java/awt/Rectangle'
R12=0x0 is null
R13=0x0000021d49963ac8 points into unknown readable memory: 0x0000021d45572d18 | 18 2d 57 45 1d 02 00 00
R14=0x0000021d493fc460 points into unknown readable memory: 0x0000000710db35f0 | f0 35 db 10 07 00 00 00
R15=0x0 is null

Top of Stack: (sp=0x000000a065cfee00)
0x000000a065cfee00:   00007ffcd4627838 0000021d49bf8260   8xb.....`..I....
0x000000a065cfee10:   0000021d7f111ba8 0000021d49bf8260   ........`..I....
0x000000a065cfee20:   0000021d7f111ba8 00007ffcd45c9d68   ........h.\.....
0x000000a065cfee30:   0000021d49bf8260 0000021d49bf8260   `..I....`..I....
0x000000a065cfee40:   000000005eeaa830 0000021d7f111ba8   0..^............
0x000000a065cfee50:   0000000710b20c08 0000021d45441540   ........@.DE....
0x000000a065cfee60:   0000000000000000 000000a065cfee80   ...........e....
0x000000a065cfee70:   0000000000000000 0000000000000000   ................
0x000000a065cfee80:   0000f7be5bbe19a8 0000000710b32a88   ...[.....*......
0x000000a065cfee90:   0000021d7f1117e0 000000a065cfef78   ........x..e....
0x000000a065cfeea0:   0000021d45469060 0000000000000000   `.FE............
0x000000a065cfeeb0:   0000000000000298 000000005eeaa830   ........0..^....
0x000000a065cfeec0:   000000a065cfef50 0000021d7335078b   P..e......5s....
0x000000a065cfeed0:   000000a065cfeee8 0000021d45469060   ...e....`.FE....
0x000000a065cfeee0:   0000021d73349154 0000000000000000   T.4s............
0x000000a065cfeef0:   0000000710b32a88 000000070f2888f8   .*........(.....
0x000000a065cfef00:   000000070f2888f8 fffffffffffffff7   ..(.............
0x000000a065cfef10:   0000000000000000 0000000000000005   ................
0x000000a065cfef20:   0000021d4546bb98 0000000000000000   ..FE............
0x000000a065cfef30:   0000000710b33df8 0000021d45469060   .=......`.FE....
0x000000a065cfef40:   0000000000000000 000000a065cfef70   ........p..e....
0x000000a065cfef50:   000000a065cfefc8 0000021d73349681   ...e......4s....
0x000000a065cfef60:   0000000000000000 0000021d7334c75a   ........Z.4s....
0x000000a065cfef70:   0000000000000000 000000070f2888f8   ..........(.....
0x000000a065cfef80:   fffffffffffffff7 0000021d45469108   ..........FE....
0x000000a065cfef90:   0000000000000002 0000021d4546bb98   ..........FE....
0x000000a065cfefa0:   0000000000000000 0000000710b33df8   .........=......
0x000000a065cfefb0:   0000021d45469120 fffffffffffffff5    .FE............
0x000000a065cfefc0:   000000a065cfefd8 000000a065cff028   ...e....(..e....
0x000000a065cfefd0:   0000021d73349681 000000070f2888f8   ..4s......(.....
0x000000a065cfefe0:   fffffffffffffff7 0000021d45441397   ..........DE....
0x000000a065cfeff0:   0000000000000003 0000021d45442c58   ........X,DE....

Instructions: (pc=0x00007ffcd45ca9a9)
  0x00007ffcd45ca8a9:   cc cc cc cc cc cc cc 48 89 5c 24 08 48 89 6c 24
  0x00007ffcd45ca8b9:   10 48 89 74 24 18 57 48 83 ec 20 41 8b f8 0f b6
  0x00007ffcd45ca8c9:   f2 48 8b e9 e8 ce d3 f4 ff 48 8b d8 48 89 44 24
  0x00007ffcd45ca8d9:   48 41 b8 01 00 00 00 8b d7 48 8b c8 e8 36 d3 f4
  0x00007ffcd45ca8e9:   ff 48 8b c8 44 0f b6 c6 48 8b d5 e8 97 fa ff ff
  0x00007ffcd45ca8f9:   48 8b f8 48 8b cb e8 5c d5 f4 ff 90 48 8b c7 48
  0x00007ffcd45ca909:   8b 5c 24 30 48 8b 6c 24 38 48 8b 74 24 40 48 83
  0x00007ffcd45ca919:   c4 20 5f c3 cc cc cc 48 8b 49 28 e9 07 07 00 00
  0x00007ffcd45ca929:   cc cc cc cc cc cc cc 48 89 5c 24 08 57 48 83 ec
  0x00007ffcd45ca939:   20 8b f9 e8 5f d3 f4 ff 48 8b d8 48 89 44 24 38
  0x00007ffcd45ca949:   41 b8 01 00 00 00 8b d7 48 8b c8 e8 c7 d2 f4 ff
  0x00007ffcd45ca959:   48 8b 08 8b 39 48 8b cb e8 fa d4 f4 ff 90 8b c7
  0x00007ffcd45ca969:   48 8b 5c 24 30 48 83 c4 20 5f c3 cc cc cc cc cc
  0x00007ffcd45ca979:   cc cc cc cc cc cc cc 48 89 5c 24 08 57 48 83 ec
  0x00007ffcd45ca989:   20 8b f9 e8 0f d3 f4 ff 48 8b d8 48 89 44 24 38
  0x00007ffcd45ca999:   41 b8 01 00 00 00 8b d7 48 8b c8 e8 77 d2 f4 ff
=>0x00007ffcd45ca9a9:   48 8b 78 28 48 8b cb e8 ab d4 f4 ff 90 48 8b c7
  0x00007ffcd45ca9b9:   48 8b 5c 24 30 48 83 c4 20 5f c3 cc cc cc cc cc
  0x00007ffcd45ca9c9:   cc cc cc cc cc cc cc 48 89 5c 24 08 57 48 83 ec
  0x00007ffcd45ca9d9:   20 8b f9 e8 bf d2 f4 ff 48 8b d8 48 89 44 24 38
  0x00007ffcd45ca9e9:   41 b8 01 00 00 00 8b d7 48 8b c8 e8 27 d2 f4 ff
  0x00007ffcd45ca9f9:   48 8b 78 30 48 8b cb e8 5b d4 f4 ff 90 48 8b c7
  0x00007ffcd45caa09:   48 8b 5c 24 30 48 83 c4 20 5f c3 cc cc cc cc cc
  0x00007ffcd45caa19:   cc cc cc cc cc cc cc 48 89 5c 24 08 57 48 83 ec
  0x00007ffcd45caa29:   20 8b f9 e8 6f d2 f4 ff 48 8b d8 48 89 44 24 38
  0x00007ffcd45caa39:   41 b8 01 00 00 00 8b d7 48 8b c8 e8 d7 d1 f4 ff
  0x00007ffcd45caa49:   48 8b 78 08 48 85 ff 74 07 48 8b bf 08 0c 00 00
  0x00007ffcd45caa59:   48 8b cb e8 ff d3 f4 ff 90 48 8b c7 48 8b 5c 24
  0x00007ffcd45caa69:   30 48 83 c4 20 5f c3 f3 0f 10 41 48 c3 cc cc cc
  0x00007ffcd45caa79:   cc cc cc cc cc cc cc f3 0f 10 41 4c c3 cc cc cc
  0x00007ffcd45caa89:   cc cc cc cc cc cc cc 48 89 5c 24 10 48 89 74 24
  0x00007ffcd45caa99:   18 55 57 41 56 48 8d 6c 24 e0 48 81 ec 20 01 00


Stack slot to memory mapping:

stack at sp + 0 slots: 0x00007ffcd4627838 awt.dll
stack at sp + 1 slots: 0x0000021d49bf8260 points into unknown readable memory: 0x0000021d4abac780 | 80 c7 ba 4a 1d 02 00 00
stack at sp + 2 slots: 0x0000021d7f111ba8 points into unknown readable memory: 0x00007ffcc78117b0 | b0 17 81 c7 fc 7f 00 00
stack at sp + 3 slots: 0x0000021d49bf8260 points into unknown readable memory: 0x0000021d4abac780 | 80 c7 ba 4a 1d 02 00 00
stack at sp + 4 slots: 0x0000021d7f111ba8 points into unknown readable memory: 0x00007ffcc78117b0 | b0 17 81 c7 fc 7f 00 00
stack at sp + 5 slots: 0x00007ffcd45c9d68 awt.dll
stack at sp + 6 slots: 0x0000021d49bf8260 points into unknown readable memory: 0x0000021d4abac780 | 80 c7 ba 4a 1d 02 00 00
stack at sp + 7 slots: 0x0000021d49bf8260 points into unknown readable memory: 0x0000021d4abac780 | 80 c7 ba 4a 1d 02 00 00

Lock stack of current Java thread (top to bottom):

native method entry point (kind = native)  [0x0000021d73350020, 0x0000021d73351170]  4432 bytes
[MachCode]
  0x0000021d73350020: 488b 4b08 | 0fb7 492e | 584c 8d74 | ccf8 6800 | 0000 0068 | 0000 0000 | 5055 488b | ec41 5568 
  0x0000021d73350040: 0000 0000 | 4c8b 6b08 | 4d8d 6d38 | 5348 8b53 | 0848 8b52 | 0848 8b52 | 1848 8b52 | 7048 8b12 
  0x0000021d73350060: 5248 8b53 | 1048 85d2 | 0f84 0700 | 0000 4881 | c208 0100 | 0052 488b | 5308 488b | 5208 488b 
  0x0000021d73350080: 5210 5249 | 8bc6 482b | c548 c1e8 | 0350 6800 | 0000 0068 | f7ff ffff | 41c6 8771 | 0400 0001 
  0x0000021d733500a0: 488b 4310 | 4885 c074 | 208b 88cc | 0000 0083 | c102 8988 | cc00 0000 | 2388 e000 | 0000 0f84 
  0x0000021d733500c0: 430f 0000 | e984 0100 | 0048 8b43 | 1848 85c0 | 0f85 6701 | 0000 e805 | 0000 00e9 | 5001 0000 
  0x0000021d733500e0: 488b d348 | 8d44 2408 | 4c89 6dc0 | 498b cfc5 | f877 4989 | afb8 0300 | 0049 8987 | a803 0000 
  0x0000021d73350100: 4883 ec20 | 40f6 c40f | 0f84 1900 | 0000 4883 | ec08 48b8 | 0031 ffc6 | fc7f 0000 | ffd0 4883 
  0x0000021d73350120: c408 e90c | 0000 0048 | b800 31ff | c6fc 7f00 | 00ff d048 | 83c4 2049 | c787 a803 | 0000 0000 
  0x0000021d73350140: 0000 49c7 | 87b8 0300 | 0000 0000 | 0049 c787 | b003 0000 | 0000 0000 | c5f8 7741 | 8b8f 3405 
  0x0000021d73350160: 0000 f6c1 | 010f 8442 | 0000 00f6 | c102 0f85 | 3900 0000 | 4883 ec20 | 40f6 c40f | 0f84 1900 
  0x0000021d73350180: 0000 4883 | ec08 48b8 | 5004 ffc6 | fc7f 0000 | ffd0 4883 | c408 e90c | 0000 0048 | b850 04ff 
  0x0000021d733501a0: c6fc 7f00 | 00ff d048 | 83c4 20ff | e049 8b8f | f805 0000 | 4885 c90f | 8455 0000 | 008b 899c 
  0x0000021d733501c0: 0000 0083 | f901 0f85 | 4600 0000 | 498b 8ff8 | 0500 008b | 89a0 0000 | 0048 83ec | 2040 f6c4 
  0x0000021d733501e0: 0f0f 8419 | 0000 0048 | 83ec 0848 | b840 04ff | c6fc 7f00 | 00ff d048 | 83c4 08e9 | 0c00 0000 
  0x0000021d73350200: 48b8 4004 | ffc6 fc7f | 0000 ffd0 | 4883 c420 | ffe0 4983 | 7f08 000f | 8405 0000 | 00e9 9e0c 
  0x0000021d73350220: ffff 4c8b | 6dc0 4c8b | 75c8 4e8d | 74f5 00c3 | 488b 4318 | 4885 c00f | 8410 0000 | 008b 0883 
  0x0000021d73350240: c102 8908 | 2348 140f | 84ba 0d00 | 0049 3ba7 | f004 0000 | 0f87 4800 | 0000 8984 | 2400 f0ff 
  0x0000021d73350260: ff89 8424 | 00e0 ffff | 8984 2400 | d0ff ff89 | 8424 00c0 | ffff 8984 | 2400 b0ff | ff89 8424 
  0x0000021d73350280: 00a0 ffff | 8984 2400 | 90ff ff89 | 8424 0080 | ffff 493b | a7e8 0400 | 0076 0749 | 89a7 f004 
  0x0000021d733502a0: 0000 41c6 | 8771 0400 | 0000 418b | 9700 0600 | 0085 d20f | 8457 0100 | 00e8 0500 | 0000 e94d 
  0x0000021d733502c0: 0100 0048 | 8d44 2408 | 4c89 6dc0 | 498b cfc5 | f877 4989 | afb8 0300 | 0049 8987 | a803 0000 
  0x0000021d733502e0: 4883 ec20 | 40f6 c40f | 0f84 1900 | 0000 4883 | ec08 48b8 | 4059 ffc6 | fc7f 0000 | ffd0 4883 
  0x0000021d73350300: c408 e90c | 0000 0048 | b840 59ff | c6fc 7f00 | 00ff d048 | 83c4 2049 | c787 a803 | 0000 0000 
  0x0000021d73350320: 0000 49c7 | 87b8 0300 | 0000 0000 | 0049 c787 | b003 0000 | 0000 0000 | c5f8 7741 | 8b8f 3405 
  0x0000021d73350340: 0000 f6c1 | 010f 8442 | 0000 00f6 | c102 0f85 | 3900 0000 | 4883 ec20 | 40f6 c40f | 0f84 1900 
  0x0000021d73350360: 0000 4883 | ec08 48b8 | 5004 ffc6 | fc7f 0000 | ffd0 4883 | c408 e90c | 0000 0048 | b850 04ff 
  0x0000021d73350380: c6fc 7f00 | 00ff d048 | 83c4 20ff | e049 8b8f | f805 0000 | 4885 c90f | 8455 0000 | 008b 899c 
  0x0000021d733503a0: 0000 0083 | f901 0f85 | 4600 0000 | 498b 8ff8 | 0500 008b | 89a0 0000 | 0048 83ec | 2040 f6c4 
  0x0000021d733503c0: 0f0f 8419 | 0000 0048 | 83ec 0848 | b840 04ff | c6fc 7f00 | 00ff d048 | 83c4 08e9 | 0c00 0000 
  0x0000021d733503e0: 48b8 4004 | ffc6 fc7f | 0000 ffd0 | 4883 c420 | ffe0 4983 | 7f08 000f | 8405 0000 | 00e9 be0a 
  0x0000021d73350400: ffff 4c8b | 6dc0 4c8b | 75c8 4e8d | 74f5 00c3 | 488b 5de8 | 4c8b 5b08 | 450f b75b | 2e41 c1e3 
  0x0000021d73350420: 0349 2be3 | 4883 ec20 | 4883 e4f0 | 4c8b 5b60 | 4d85 db0f | 8562 0100 | 00e8 0500 | 0000 e950 
  0x0000021d73350440: 0100 0048 | 8bd3 488d | 4424 084c | 896d c049 | 8bcf c5f8 | 7749 89af | b803 0000 | 4989 87a8 
  0x0000021d73350460: 0300 0048 | 83ec 2040 | f6c4 0f0f | 8419 0000 | 0048 83ec | 0848 b840 | 5bff c6fc | 7f00 00ff 
  0x0000021d73350480: d048 83c4 | 08e9 0c00 | 0000 48b8 | 405b ffc6 | fc7f 0000 | ffd0 4883 | c420 49c7 | 87a8 0300 
  0x0000021d733504a0: 0000 0000 | 0049 c787 | b803 0000 | 0000 0000 | 49c7 87b0 | 0300 0000 | 0000 00c5 | f877 418b 
  0x0000021d733504c0: 8f34 0500 | 00f6 c101 | 0f84 4200 | 0000 f6c1 | 020f 8539 | 0000 0048 | 83ec 2040 | f6c4 0f0f 
  0x0000021d733504e0: 8419 0000 | 0048 83ec | 0848 b850 | 04ff c6fc | 7f00 00ff | d048 83c4 | 08e9 0c00 | 0000 48b8 
  0x0000021d73350500: 5004 ffc6 | fc7f 0000 | ffd0 4883 | c420 ffe0 | 498b 8ff8 | 0500 0048 | 85c9 0f84 | 5500 0000 
  0x0000021d73350520: 8b89 9c00 | 0000 83f9 | 010f 8546 | 0000 0049 | 8b8f f805 | 0000 8b89 | a000 0000 | 4883 ec20 
  0x0000021d73350540: 40f6 c40f | 0f84 1900 | 0000 4883 | ec08 48b8 | 4004 ffc6 | fc7f 0000 | ffd0 4883 | c408 e90c 
  0x0000021d73350560: 0000 0048 | b840 04ff | c6fc 7f00 | 00ff d048 | 83c4 20ff | e049 837f | 0800 0f84 | 0500 0000 
  0x0000021d73350580: e93b 09ff | ff4c 8b6d | c04c 8b75 | c84e 8d74 | f500 c348 | 8b5d e84c | 8b5b 6041 | ffd3 488b 
  0x0000021d733505a0: 5de8 4889 | 4518 448b | 5b28 41f6 | c308 0f84 | 1b00 0000 | 4c8b 5b08 | 4d8b 5b08 | 4d8b 5b18 
  0x0000021d733505c0: 4d8b 5b70 | 4d8b 1b4c | 895d 1048 | 8d55 1048 | 8b43 5849 | bad0 7138 | c7fc 7f00 | 0049 3bc2 
  0x0000021d733505e0: 0f85 6201 | 0000 e805 | 0000 00e9 | 5001 0000 | 488b d348 | 8d44 2408 | 4c89 6dc0 | 498b cfc5 
  0x0000021d73350600: f877 4989 | afb8 0300 | 0049 8987 | a803 0000 | 4883 ec20 | 40f6 c40f | 0f84 1900 | 0000 4883 
  0x0000021d73350620: ec08 48b8 | 405b ffc6 | fc7f 0000 | ffd0 4883 | c408 e90c | 0000 0048 | b840 5bff | c6fc 7f00 
  0x0000021d73350640: 00ff d048 | 83c4 2049 | c787 a803 | 0000 0000 | 0000 49c7 | 87b8 0300 | 0000 0000 | 0049 c787 
  0x0000021d73350660: b003 0000 | 0000 0000 | c5f8 7741 | 8b8f 3405 | 0000 f6c1 | 010f 8442 | 0000 00f6 | c102 0f85 
  0x0000021d73350680: 3900 0000 | 4883 ec20 | 40f6 c40f | 0f84 1900 | 0000 4883 | ec08 48b8 | 5004 ffc6 | fc7f 0000 
  0x0000021d733506a0: ffd0 4883 | c408 e90c | 0000 0048 | b850 04ff | c6fc 7f00 | 00ff d048 | 83c4 20ff | e049 8b8f 
  0x0000021d733506c0: f805 0000 | 4885 c90f | 8455 0000 | 008b 899c | 0000 0083 | f901 0f85 | 4600 0000 | 498b 8ff8 
  0x0000021d733506e0: 0500 008b | 89a0 0000 | 0048 83ec | 2040 f6c4 | 0f0f 8419 | 0000 0048 | 83ec 0848 | b840 04ff 
  0x0000021d73350700: c6fc 7f00 | 00ff d048 | 83c4 08e9 | 0c00 0000 | 48b8 4004 | ffc6 fc7f | 0000 ffd0 | 4883 c420 
  0x0000021d73350720: ffe0 4983 | 7f08 000f | 8405 0000 | 00e9 8e07 | ffff 4c8b | 6dc0 4c8b | 75c8 4e8d | 74f5 00c3 
  0x0000021d73350740: 488b 5de8 | 488b 4358 | 498d 8fc8 | 0300 004c | 8d15 d500 | 0000 4d89 | 97b0 0300 | 00c5 f877 
  0x0000021d73350760: 4989 afb8 | 0300 0049 | 89a7 a803 | 0000 41c7 | 8754 0400 | 0004 0000 | 0049 3ba7 | 4805 0000 
  0x0000021d73350780: 7607 4989 | a748 0500 | 00ff d049 | 3ba7 4805 | 0000 720b | 49c7 8748 | 0500 0000 | 0000 00c5 
  0x0000021d733507a0: f877 4883 | ec10 c5fb | 1104 2448 | 83ec 1048 | 8904 2448 | c744 2408 | 0000 0000 | 41c7 8754 
  0x0000021d733507c0: 0400 0005 | 0000 00f0 | 8344 24c0 | 0049 3b6f | 280f 870e | 0000 0041 | 83bf 5004 | 0000 000f 
  0x0000021d733507e0: 8420 0000 | 0049 8bcf | 4c8b e448 | 83ec 2048 | 83e4 f048 | b8c0 ba00 | c7fc 7f00 | 00ff d049 
  0x0000021d73350800: 8be4 4d33 | e441 c787 | 5404 0000 | 0800 0000 | 4d8b 9770 | 0500 0049 | 83fa 0074 | 3549 c787 
  0x0000021d73350820: 7005 0000 | 0000 0000 | 41ff e249 | bac0 e934 | 731d 0200 | 0041 ffd2 | 4883 ec10 | c5fb 1104 
  0x0000021d73350840: 2448 83ec | 1048 8904 | 2448 c744 | 2408 0000 | 0000 49c7 | 87a8 0300 | 0000 0000 | 0049 c787 
  0x0000021d73350860: b803 0000 | 0000 0000 | 49c7 87b0 | 0300 0000 | 0000 00c5 | f877 4d8b | 9f38 0400 | 0041 c783 
  0x0000021d73350880: 0001 0000 | 0000 0000 | 49bb 5ac7 | 3473 1d02 | 0000 4c3b | 5d18 0f85 | 5501 0000 | 488b 0424 
  0x0000021d733508a0: 4883 c410 | 4885 c00f | 842f 0100 | 00a8 030f | 8508 0000 | 0048 8b00 | e91f 0100 | 00a8 010f 
  0x0000021d733508c0: 8509 0000 | 0048 8b40 | fee9 0e01 | 0000 488b | 40ff 4180 | 7f48 000f | 84ff 0000 | 0048 83f8 
  0x0000021d733508e0: 000f 84f5 | 0000 004d | 8b5f 384d | 85db 0f84 | 1400 0000 | 4983 eb08 | 4d89 5f38 | 4d03 5f40 
  0x0000021d73350900: 4989 03e9 | d400 0000 | 4883 ec70 | 4889 0424 | 4889 4c24 | 0848 8954 | 2410 4c89 | 4424 184c 
  0x0000021d73350920: 894c 2420 | 4c89 5424 | 284c 895c | 2430 c5fb | 1144 2440 | c5fb 114c | 2448 c5fb | 1154 2450 
  0x0000021d73350940: c5fb 115c | 2458 c5fb | 1164 2460 | c5fb 116c | 2468 498b | d748 8bc8 | 4883 ec20 | 40f6 c40f 
  0x0000021d73350960: 0f84 1900 | 0000 4883 | ec08 48b8 | 304a f3c6 | fc7f 0000 | ffd0 4883 | c408 e90c | 0000 0048 
  0x0000021d73350980: b830 4af3 | c6fc 7f00 | 00ff d048 | 83c4 20c5 | fb10 6c24 | 68c5 fb10 | 6424 60c5 | fb10 5c24 
  0x0000021d733509a0: 58c5 fb10 | 5424 50c5 | fb10 4c24 | 48c5 fb10 | 4424 404c | 8b5c 2430 | 4c8b 5424 | 284c 8b4c 
  0x0000021d733509c0: 2420 4c8b | 4424 1848 | 8b54 2410 | 488b 4c24 | 0848 8b04 | 2448 83c4 | 70c5 f877 | 4889 4510 
  0x0000021d733509e0: 4883 ec10 | 4889 0424 | 48c7 4424 | 0800 0000 | 0041 83bf | d004 0000 | 020f 85bf | 0000 0048 
  0x0000021d73350a00: 81ec 8000 | 0000 4889 | 4424 7848 | 894c 2470 | 4889 5424 | 6848 895c | 2460 4889 | 6c24 5048 
  0x0000021d73350a20: 8974 2448 | 4889 7c24 | 404c 8944 | 2438 4c89 | 4c24 304c | 8954 2428 | 4c89 5c24 | 204c 8964 
  0x0000021d73350a40: 2418 4c89 | 6c24 104c | 8974 2408 | 4c89 3c24 | 4c8b e448 | 83ec 2048 | 83e4 f048 | b860 5838 
  0x0000021d73350a60: c7fc 7f00 | 00ff d049 | 8be4 4c8b | 3c24 4c8b | 7424 084c | 8b6c 2410 | 4c8b 6424 | 184c 8b5c 
  0x0000021d73350a80: 2420 4c8b | 5424 284c | 8b4c 2430 | 4c8b 4424 | 3848 8b7c | 2440 488b | 7424 4848 | 8b6c 2450 
  0x0000021d73350aa0: 488b 5c24 | 6048 8b54 | 2468 488b | 4c24 7048 | 8b44 2478 | 4881 c480 | 0000 004d | 33e4 488b 
  0x0000021d73350ac0: 5de8 4c8b | 6b08 4d8d | 6d38 4983 | 7f08 000f | 8472 0100 | 00e8 0500 | 0000 e94d | 0100 0048 
  0x0000021d73350ae0: 8d44 2408 | 4c89 6dc0 | 498b cfc5 | f877 4989 | afb8 0300 | 0049 8987 | a803 0000 | 4883 ec20 
  0x0000021d73350b00: 40f6 c40f | 0f84 1900 | 0000 4883 | ec08 48b8 | e079 ffc6 | fc7f 0000 | ffd0 4883 | c408 e90c 
  0x0000021d73350b20: 0000 0048 | b8e0 79ff | c6fc 7f00 | 00ff d048 | 83c4 2049 | c787 a803 | 0000 0000 | 0000 49c7 
  0x0000021d73350b40: 87b8 0300 | 0000 0000 | 0049 c787 | b003 0000 | 0000 0000 | c5f8 7741 | 8b8f 3405 | 0000 f6c1 
  0x0000021d73350b60: 010f 8442 | 0000 00f6 | c102 0f85 | 3900 0000 | 4883 ec20 | 40f6 c40f | 0f84 1900 | 0000 4883 
  0x0000021d73350b80: ec08 48b8 | 5004 ffc6 | fc7f 0000 | ffd0 4883 | c408 e90c | 0000 0048 | b850 04ff | c6fc 7f00 
  0x0000021d73350ba0: 00ff d048 | 83c4 20ff | e049 8b8f | f805 0000 | 4885 c90f | 8455 0000 | 008b 899c | 0000 0083 
  0x0000021d73350bc0: f901 0f85 | 4600 0000 | 498b 8ff8 | 0500 008b | 89a0 0000 | 0048 83ec | 2040 f6c4 | 0f0f 8419 
  0x0000021d73350be0: 0000 0048 | 83ec 0848 | b840 04ff | c6fc 7f00 | 00ff d048 | 83c4 08e9 | 0c00 0000 | 48b8 4004 
  0x0000021d73350c00: ffc6 fc7f | 0000 ffd0 | 4883 c420 | ffe0 4983 | 7f08 000f | 8405 0000 | 00e9 a202 | ffff 4c8b 
  0x0000021d73350c20: 6dc0 4c8b | 75c8 4e8d | 74f5 00c3 | 48b9 f8eb | 5ec7 fc7f | 0000 4883 | e4f0 48b8 | b0a9 25c7 
  0x0000021d73350c40: fc7f 0000 | ffd0 f444 | 8b5b 2841 | f6c3 200f | 8429 0200 | 0048 8d55 | a84c 8b5a | 084d 85db 
  0x0000021d73350c60: 0f85 7201 | 0000 e805 | 0000 00e9 | 4d01 0000 | 488d 4424 | 084c 896d | c049 8bcf | c5f8 7749 
  0x0000021d73350c80: 89af b803 | 0000 4989 | 87a8 0300 | 0048 83ec | 2040 f6c4 | 0f0f 8419 | 0000 0048 | 83ec 0848 
  0x0000021d73350ca0: b810 79ff | c6fc 7f00 | 00ff d048 | 83c4 08e9 | 0c00 0000 | 48b8 1079 | ffc6 fc7f | 0000 ffd0 
  0x0000021d73350cc0: 4883 c420 | 49c7 87a8 | 0300 0000 | 0000 0049 | c787 b803 | 0000 0000 | 0000 49c7 | 87b0 0300 
  0x0000021d73350ce0: 0000 0000 | 00c5 f877 | 418b 8f34 | 0500 00f6 | c101 0f84 | 4200 0000 | f6c1 020f | 8539 0000 
  0x0000021d73350d00: 0048 83ec | 2040 f6c4 | 0f0f 8419 | 0000 0048 | 83ec 0848 | b850 04ff | c6fc 7f00 | 00ff d048 
  0x0000021d73350d20: 83c4 08e9 | 0c00 0000 | 48b8 5004 | ffc6 fc7f | 0000 ffd0 | 4883 c420 | ffe0 498b | 8ff8 0500 
  0x0000021d73350d40: 0048 85c9 | 0f84 5500 | 0000 8b89 | 9c00 0000 | 83f9 010f | 8546 0000 | 0049 8b8f | f805 0000 
  0x0000021d73350d60: 8b89 a000 | 0000 4883 | ec20 40f6 | c40f 0f84 | 1900 0000 | 4883 ec08 | 48b8 4004 | ffc6 fc7f 
  0x0000021d73350d80: 0000 ffd0 | 4883 c408 | e90c 0000 | 0048 b840 | 04ff c6fc | 7f00 00ff | d048 83c4 | 20ff e049 
  0x0000021d73350da0: 837f 0800 | 0f84 0500 | 0000 e911 | 01ff ff4c | 8b6d c04c | 8b75 c84e | 8d74 f500 | c348 b9f8 
  0x0000021d73350dc0: eb5e c7fc | 7f00 0048 | 83e4 f048 | b8b0 a925 | c7fc 7f00 | 00ff d0f4 | 4c89 6dc0 | 4c8b 4a08 
  0x0000021d73350de0: 48c7 4208 | 0000 0000 | 458b 8758 | 0600 004f | 3b4c 07f8 | 0f85 4200 | 0000 4183 | af58 0600 
  0x0000021d73350e00: 0008 4f3b | 4c07 f00f | 842a 0000 | 0049 8b01 | a802 0f85 | 1200 0000 | 4c8b c049 | 83c8 01f0 
  0x0000021d73350e20: 4d0f b101 | 0f84 0d00 | 0000 4183 | 8758 0600 | 0008 e905 | 0000 00e9 | 3e00 0000 | 4c89 4a08 
  0x0000021d73350e40: 488b ca48 | 83ec 2040 | f6c4 0f0f | 8419 0000 | 0048 83ec | 0848 b830 | 4bff c6fc | 7f00 00ff 
  0x0000021d73350e60: d048 83c4 | 08e9 0c00 | 0000 48b8 | 304b ffc6 | fc7f 0000 | ffd0 4883 | c420 4c8b | 6dc0 418b 
  0x0000021d73350e80: 9700 0600 | 0085 d20f | 8457 0100 | 00e8 0500 | 0000 e94d | 0100 0048 | 8d44 2408 | 4c89 6dc0 
  0x0000021d73350ea0: 498b cfc5 | f877 4989 | afb8 0300 | 0049 8987 | a803 0000 | 4883 ec20 | 40f6 c40f | 0f84 1900 
  0x0000021d73350ec0: 0000 4883 | ec08 48b8 | 705a ffc6 | fc7f 0000 | ffd0 4883 | c408 e90c | 0000 0048 | b870 5aff 
  0x0000021d73350ee0: c6fc 7f00 | 00ff d048 | 83c4 2049 | c787 a803 | 0000 0000 | 0000 49c7 | 87b8 0300 | 0000 0000 
  0x0000021d73350f00: 0049 c787 | b003 0000 | 0000 0000 | c5f8 7741 | 8b8f 3405 | 0000 f6c1 | 010f 8442 | 0000 00f6 
  0x0000021d73350f20: c102 0f85 | 3900 0000 | 4883 ec20 | 40f6 c40f | 0f84 1900 | 0000 4883 | ec08 48b8 | 5004 ffc6 
  0x0000021d73350f40: fc7f 0000 | ffd0 4883 | c408 e90c | 0000 0048 | b850 04ff | c6fc 7f00 | 00ff d048 | 83c4 20ff 
  0x0000021d73350f60: e049 8b8f | f805 0000 | 4885 c90f | 8455 0000 | 008b 899c | 0000 0083 | f901 0f85 | 4600 0000 
  0x0000021d73350f80: 498b 8ff8 | 0500 008b | 89a0 0000 | 0048 83ec | 2040 f6c4 | 0f0f 8419 | 0000 0048 | 83ec 0848 
  0x0000021d73350fa0: b840 04ff | c6fc 7f00 | 00ff d048 | 83c4 08e9 | 0c00 0000 | 48b8 4004 | ffc6 fc7f | 0000 ffd0 
  0x0000021d73350fc0: 4883 c420 | ffe0 4983 | 7f08 000f | 8405 0000 | 00e9 eafe | feff 4c8b | 6dc0 4c8b | 75c8 4e8d 
  0x0000021d73350fe0: 74f5 00c3 | 488b 0424 | 4883 c410 | c5fb 1004 | 2448 83c4 | 104c 8b5d | 1841 ffd3 | 4c8b 5df8 
  0x0000021d73351000: c95f 498b | e3ff e7ba | 0000 0000 | e805 0000 | 00e9 4d01 | 0000 488d | 4424 084c | 896d c049 
  0x0000021d73351020: 8bcf c5f8 | 7749 89af | b803 0000 | 4989 87a8 | 0300 0048 | 83ec 2040 | f6c4 0f0f | 8419 0000 
  0x0000021d73351040: 0048 83ec | 0848 b8d0 | 3fff c6fc | 7f00 00ff | d048 83c4 | 08e9 0c00 | 0000 48b8 | d03f ffc6 
  0x0000021d73351060: fc7f 0000 | ffd0 4883 | c420 49c7 | 87a8 0300 | 0000 0000 | 0049 c787 | b803 0000 | 0000 0000 
  0x0000021d73351080: 49c7 87b0 | 0300 0000 | 0000 00c5 | f877 418b | 8f34 0500 | 00f6 c101 | 0f84 4200 | 0000 f6c1 
  0x0000021d733510a0: 020f 8539 | 0000 0048 | 83ec 2040 | f6c4 0f0f | 8419 0000 | 0048 83ec | 0848 b850 | 04ff c6fc 
  0x0000021d733510c0: 7f00 00ff | d048 83c4 | 08e9 0c00 | 0000 48b8 | 5004 ffc6 | fc7f 0000 | ffd0 4883 | c420 ffe0 
  0x0000021d733510e0: 498b 8ff8 | 0500 0048 | 85c9 0f84 | 5500 0000 | 8b89 9c00 | 0000 83f9 | 010f 8546 | 0000 0049 
  0x0000021d73351100: 8b8f f805 | 0000 8b89 | a000 0000 | 4883 ec20 | 40f6 c40f | 0f84 1900 | 0000 4883 | ec08 48b8 
  0x0000021d73351120: 4004 ffc6 | fc7f 0000 | ffd0 4883 | c408 e90c | 0000 0048 | b840 04ff | c6fc 7f00 | 00ff d048 
  0x0000021d73351140: 83c4 20ff | e049 837f | 0800 0f84 | 0500 0000 | e96b fdfe | ff4c 8b6d | c04c 8b75 | c84e 8d74 
  0x0000021d73351160: f500 c348 | 8b5d e8e9 | e1f0 ffff | 0f1f 4000 
[/MachCode]

---------------  P R O C E S S  ---------------

Threads class SMR info:
_java_thread_list=0x0000021d4ac880d0, length=20, elements={
0x0000021d7f0f5d60, 0x0000021d7f0f7210, 0x0000021d7f0ff220, 0x0000021d7f0ffd50,
0x0000021d7f10a0a0, 0x0000021d7f110940, 0x0000021d49021060, 0x0000021d7f11a210,
0x0000021d7f111f30, 0x0000021d49239aa0, 0x0000021d4923aa30, 0x0000021d4923b180,
0x0000021d7f111090, 0x0000021d7f10f350, 0x0000021d7f10faa0, 0x0000021d7f112680,
0x0000021d7f1117e0, 0x0000021d4992dce0, 0x0000021d4992e430, 0x0000021d4992bfa0
}

Java Threads: ( => current thread )
  0x0000021d7f0f5d60 JavaThread "Reference Handler"          daemon [_thread_blocked, id=23348, stack(0x000000a064c00000,0x000000a064d00000) (1024K)]
  0x0000021d7f0f7210 JavaThread "Finalizer"                  daemon [_thread_blocked, id=2884, stack(0x000000a064d00000,0x000000a064e00000) (1024K)]
  0x0000021d7f0ff220 JavaThread "Signal Dispatcher"          daemon [_thread_blocked, id=6168, stack(0x000000a064e00000,0x000000a064f00000) (1024K)]
  0x0000021d7f0ffd50 JavaThread "Attach Listener"            daemon [_thread_blocked, id=20760, stack(0x000000a064f00000,0x000000a065000000) (1024K)]
  0x0000021d7f10a0a0 JavaThread "Service Thread"             daemon [_thread_blocked, id=19400, stack(0x000000a065000000,0x000000a065100000) (1024K)]
  0x0000021d7f110940 JavaThread "Monitor Deflation Thread"   daemon [_thread_blocked, id=13988, stack(0x000000a065100000,0x000000a065200000) (1024K)]
  0x0000021d49021060 JavaThread "C2 CompilerThread0"         daemon [_thread_blocked, id=9664, stack(0x000000a065200000,0x000000a065300000) (1024K)]
  0x0000021d7f11a210 JavaThread "C1 CompilerThread0"         daemon [_thread_blocked, id=7912, stack(0x000000a065300000,0x000000a065400000) (1024K)]
  0x0000021d7f111f30 JavaThread "Common-Cleaner"             daemon [_thread_blocked, id=724, stack(0x000000a065400000,0x000000a065500000) (1024K)]
  0x0000021d49239aa0 JavaThread "JDWP Transport Listener: dt_shmem" daemon [_thread_blocked, id=20900, stack(0x000000a065500000,0x000000a065600000) (1024K)]
  0x0000021d4923aa30 JavaThread "JDWP Event Helper Thread"   daemon [_thread_blocked, id=21048, stack(0x000000a065600000,0x000000a065700000) (1024K)]
  0x0000021d4923b180 JavaThread "JDWP Command Reader"        daemon [_thread_in_native, id=24236, stack(0x000000a065700000,0x000000a065800000) (1024K)]
  0x0000021d7f111090 JavaThread "Notification Thread"        daemon [_thread_blocked, id=10624, stack(0x000000a065800000,0x000000a065900000) (1024K)]
  0x0000021d7f10f350 JavaThread "Java2D Disposer"            daemon [_thread_blocked, id=2296, stack(0x000000a065900000,0x000000a065a00000) (1024K)]
  0x0000021d7f10faa0 JavaThread "AWT-Shutdown"                      [_thread_blocked, id=2928, stack(0x000000a065a00000,0x000000a065b00000) (1024K)]
  0x0000021d7f112680 JavaThread "AWT-Windows"                daemon [_thread_in_native, id=3184, stack(0x000000a065b00000,0x000000a065c00000) (1024K)]
=>0x0000021d7f1117e0 JavaThread "AWT-EventQueue-0"                  [_thread_in_native, id=2940, stack(0x000000a065c00000,0x000000a065d00000) (1024K)]
  0x0000021d4992dce0 JavaThread "DestroyJavaVM"                     [_thread_blocked, id=22500, stack(0x000000a064400000,0x000000a064500000) (1024K)]
  0x0000021d4992e430 JavaThread "org.netbeans.modules.debugger.jpda.visual AWT Access Loop" daemon [_thread_blocked, id=1852, stack(0x000000a065d00000,0x000000a065e00000) (1024K)]
  0x0000021d4992bfa0 JavaThread "mysql-cj-abandoned-connection-cleanup" daemon [_thread_blocked, id=22808, stack(0x000000a066100000,0x000000a066200000) (1024K)]
Total: 20

Other Threads:
  0x0000021d7efae8e0 VMThread "VM Thread"                           [id=8468, stack(0x000000a064b00000,0x000000a064c00000) (1024K)]
  0x0000021d63566730 WatcherThread "VM Periodic Task Thread"        [id=7800, stack(0x000000a064a00000,0x000000a064b00000) (1024K)]
  0x0000021d635d3e10 WorkerThread "GC Thread#0"                     [id=19992, stack(0x000000a064500000,0x000000a064600000) (1024K)]
  0x0000021d635e9b80 ConcurrentGCThread "G1 Main Marker"            [id=7828, stack(0x000000a064600000,0x000000a064700000) (1024K)]
  0x0000021d635eae30 WorkerThread "G1 Conc#0"                       [id=19572, stack(0x000000a064700000,0x000000a064800000) (1024K)]
  0x0000021d6362e9f0 ConcurrentGCThread "G1 Refine#0"               [id=20320, stack(0x000000a064800000,0x000000a064900000) (1024K)]
  0x0000021d7efa3840 ConcurrentGCThread "G1 Service"                [id=6976, stack(0x000000a064900000,0x000000a064a00000) (1024K)]
Total: 7

Threads with active compile tasks:
Total: 0

VM state: not at safepoint (normal execution)

VM Mutex/Monitor currently owned by a thread: None

Heap address: 0x0000000701600000, size: 4074 MB, Compressed Oops mode: Zero based, Oop shift amount: 3

CDS archive(s) mapped at: [0x0000021d04000000-0x0000021d04d40000-0x0000021d04d40000), size 13893632, SharedBaseAddress: 0x0000021d04000000, ArchiveRelocationMode: 1.
Compressed class space mapped at: 0x0000021d05000000-0x0000021d45000000, reserved size: 1073741824
UseCompressedClassPointers 1, UseCompactObjectHeaders 0
Narrow klass pointer bits 32, Max shift 3
Narrow klass base: 0x0000021d04000000, Narrow klass shift: 0
Encoding Range: [0x0000021d04000000 - 0x0000021e04000000), (4294967296 bytes)
Klass Range:    [0x0000021d04000000 - 0x0000021d45000000), (1090519040 bytes)
Klass ID Range:  [8 - 1090519033) (1090519025)

GC Precious Log:
 CardTable entry size: 512
 Card Set container configuration: InlinePtr #cards 4 size 8 Array Of Cards #cards 16 size 48 Howl #buckets 8 coarsen threshold 3686 Howl Bitmap #cards 512 size 80 coarsen threshold 460 Card regions per heap region 1 cards per card region 4096
 CPUs: 12 total, 12 available
 Memory: 16294M
 Large Page Support: Disabled
 NUMA Support: Disabled
 Compressed Oops: Enabled (Zero based)
 Heap Region Size: 2M
 Heap Min Capacity: 8M
 Heap Initial Capacity: 256M
 Heap Max Capacity: 4074M
 Pre-touch: Disabled
 Parallel Workers: 10
 Concurrent Workers: 3
 Concurrent Refinement Workers: 10
 Periodic GC: Disabled

Heap:
 garbage-first heap   total reserved 4171776K, committed 264192K, used 35956K [0x0000000701600000, 0x0000000800000000)
  region size 2048K, 18 young (36864K), 0 survivors (0K)
 Metaspace       used 18816K, committed 19072K, reserved 1114112K
  class space    used 1740K, committed 1856K, reserved 1048576K

Heap Regions: E=young(eden), S=young(survivor), O=old, HS=humongous(starts), HC=humongous(continues), CS=collection set, F=free, TAMS=top-at-mark-start, PB=parsable bottom
|   0|0x0000000701600000, 0x0000000701800000, 0x0000000701800000|100%|HS|  |TAMS 0x0000000701600000| PB 0x0000000701600000| Complete |  0
|   1|0x0000000701800000, 0x0000000701800000, 0x0000000701a00000|  0%| F|  |TAMS 0x0000000701800000| PB 0x0000000701800000| Untracked |  0
|   2|0x0000000701a00000, 0x0000000701a00000, 0x0000000701c00000|  0%| F|  |TAMS 0x0000000701a00000| PB 0x0000000701a00000| Untracked |  0
|   3|0x0000000701c00000, 0x0000000701c00000, 0x0000000701e00000|  0%| F|  |TAMS 0x0000000701c00000| PB 0x0000000701c00000| Untracked |  0
|   4|0x0000000701e00000, 0x0000000701e00000, 0x0000000702000000|  0%| F|  |TAMS 0x0000000701e00000| PB 0x0000000701e00000| Untracked |  0
|   5|0x0000000702000000, 0x0000000702000000, 0x0000000702200000|  0%| F|  |TAMS 0x0000000702000000| PB 0x0000000702000000| Untracked |  0
|   6|0x0000000702200000, 0x0000000702200000, 0x0000000702400000|  0%| F|  |TAMS 0x0000000702200000| PB 0x0000000702200000| Untracked |  0
|   7|0x0000000702400000, 0x0000000702400000, 0x0000000702600000|  0%| F|  |TAMS 0x0000000702400000| PB 0x0000000702400000| Untracked |  0
|   8|0x0000000702600000, 0x0000000702600000, 0x0000000702800000|  0%| F|  |TAMS 0x0000000702600000| PB 0x0000000702600000| Untracked |  0
|   9|0x0000000702800000, 0x0000000702800000, 0x0000000702a00000|  0%| F|  |TAMS 0x0000000702800000| PB 0x0000000702800000| Untracked |  0
|  10|0x0000000702a00000, 0x0000000702a00000, 0x0000000702c00000|  0%| F|  |TAMS 0x0000000702a00000| PB 0x0000000702a00000| Untracked |  0
|  11|0x0000000702c00000, 0x0000000702c00000, 0x0000000702e00000|  0%| F|  |TAMS 0x0000000702c00000| PB 0x0000000702c00000| Untracked |  0
|  12|0x0000000702e00000, 0x0000000702e00000, 0x0000000703000000|  0%| F|  |TAMS 0x0000000702e00000| PB 0x0000000702e00000| Untracked |  0
|  13|0x0000000703000000, 0x0000000703000000, 0x0000000703200000|  0%| F|  |TAMS 0x0000000703000000| PB 0x0000000703000000| Untracked |  0
|  14|0x0000000703200000, 0x0000000703200000, 0x0000000703400000|  0%| F|  |TAMS 0x0000000703200000| PB 0x0000000703200000| Untracked |  0
|  15|0x0000000703400000, 0x0000000703400000, 0x0000000703600000|  0%| F|  |TAMS 0x0000000703400000| PB 0x0000000703400000| Untracked |  0
|  16|0x0000000703600000, 0x0000000703600000, 0x0000000703800000|  0%| F|  |TAMS 0x0000000703600000| PB 0x0000000703600000| Untracked |  0
|  17|0x0000000703800000, 0x0000000703800000, 0x0000000703a00000|  0%| F|  |TAMS 0x0000000703800000| PB 0x0000000703800000| Untracked |  0
|  18|0x0000000703a00000, 0x0000000703a00000, 0x0000000703c00000|  0%| F|  |TAMS 0x0000000703a00000| PB 0x0000000703a00000| Untracked |  0
|  19|0x0000000703c00000, 0x0000000703c00000, 0x0000000703e00000|  0%| F|  |TAMS 0x0000000703c00000| PB 0x0000000703c00000| Untracked |  0
|  20|0x0000000703e00000, 0x0000000703e00000, 0x0000000704000000|  0%| F|  |TAMS 0x0000000703e00000| PB 0x0000000703e00000| Untracked |  0
|  21|0x0000000704000000, 0x0000000704000000, 0x0000000704200000|  0%| F|  |TAMS 0x0000000704000000| PB 0x0000000704000000| Untracked |  0
|  22|0x0000000704200000, 0x0000000704200000, 0x0000000704400000|  0%| F|  |TAMS 0x0000000704200000| PB 0x0000000704200000| Untracked |  0
|  23|0x0000000704400000, 0x0000000704400000, 0x0000000704600000|  0%| F|  |TAMS 0x0000000704400000| PB 0x0000000704400000| Untracked |  0
|  24|0x0000000704600000, 0x0000000704600000, 0x0000000704800000|  0%| F|  |TAMS 0x0000000704600000| PB 0x0000000704600000| Untracked |  0
|  25|0x0000000704800000, 0x0000000704800000, 0x0000000704a00000|  0%| F|  |TAMS 0x0000000704800000| PB 0x0000000704800000| Untracked |  0
|  26|0x0000000704a00000, 0x0000000704a00000, 0x0000000704c00000|  0%| F|  |TAMS 0x0000000704a00000| PB 0x0000000704a00000| Untracked |  0
|  27|0x0000000704c00000, 0x0000000704c00000, 0x0000000704e00000|  0%| F|  |TAMS 0x0000000704c00000| PB 0x0000000704c00000| Untracked |  0
|  28|0x0000000704e00000, 0x0000000704e00000, 0x0000000705000000|  0%| F|  |TAMS 0x0000000704e00000| PB 0x0000000704e00000| Untracked |  0
|  29|0x0000000705000000, 0x0000000705000000, 0x0000000705200000|  0%| F|  |TAMS 0x0000000705000000| PB 0x0000000705000000| Untracked |  0
|  30|0x0000000705200000, 0x0000000705200000, 0x0000000705400000|  0%| F|  |TAMS 0x0000000705200000| PB 0x0000000705200000| Untracked |  0
|  31|0x0000000705400000, 0x0000000705400000, 0x0000000705600000|  0%| F|  |TAMS 0x0000000705400000| PB 0x0000000705400000| Untracked |  0
|  32|0x0000000705600000, 0x0000000705600000, 0x0000000705800000|  0%| F|  |TAMS 0x0000000705600000| PB 0x0000000705600000| Untracked |  0
|  33|0x0000000705800000, 0x0000000705800000, 0x0000000705a00000|  0%| F|  |TAMS 0x0000000705800000| PB 0x0000000705800000| Untracked |  0
|  34|0x0000000705a00000, 0x0000000705a00000, 0x0000000705c00000|  0%| F|  |TAMS 0x0000000705a00000| PB 0x0000000705a00000| Untracked |  0
|  35|0x0000000705c00000, 0x0000000705c00000, 0x0000000705e00000|  0%| F|  |TAMS 0x0000000705c00000| PB 0x0000000705c00000| Untracked |  0
|  36|0x0000000705e00000, 0x0000000705e00000, 0x0000000706000000|  0%| F|  |TAMS 0x0000000705e00000| PB 0x0000000705e00000| Untracked |  0
|  37|0x0000000706000000, 0x0000000706000000, 0x0000000706200000|  0%| F|  |TAMS 0x0000000706000000| PB 0x0000000706000000| Untracked |  0
|  38|0x0000000706200000, 0x0000000706200000, 0x0000000706400000|  0%| F|  |TAMS 0x0000000706200000| PB 0x0000000706200000| Untracked |  0
|  39|0x0000000706400000, 0x0000000706400000, 0x0000000706600000|  0%| F|  |TAMS 0x0000000706400000| PB 0x0000000706400000| Untracked |  0
|  40|0x0000000706600000, 0x0000000706600000, 0x0000000706800000|  0%| F|  |TAMS 0x0000000706600000| PB 0x0000000706600000| Untracked |  0
|  41|0x0000000706800000, 0x0000000706800000, 0x0000000706a00000|  0%| F|  |TAMS 0x0000000706800000| PB 0x0000000706800000| Untracked |  0
|  42|0x0000000706a00000, 0x0000000706a00000, 0x0000000706c00000|  0%| F|  |TAMS 0x0000000706a00000| PB 0x0000000706a00000| Untracked |  0
|  43|0x0000000706c00000, 0x0000000706c00000, 0x0000000706e00000|  0%| F|  |TAMS 0x0000000706c00000| PB 0x0000000706c00000| Untracked |  0
|  44|0x0000000706e00000, 0x0000000706e00000, 0x0000000707000000|  0%| F|  |TAMS 0x0000000706e00000| PB 0x0000000706e00000| Untracked |  0
|  45|0x0000000707000000, 0x0000000707000000, 0x0000000707200000|  0%| F|  |TAMS 0x0000000707000000| PB 0x0000000707000000| Untracked |  0
|  46|0x0000000707200000, 0x0000000707200000, 0x0000000707400000|  0%| F|  |TAMS 0x0000000707200000| PB 0x0000000707200000| Untracked |  0
|  47|0x0000000707400000, 0x0000000707400000, 0x0000000707600000|  0%| F|  |TAMS 0x0000000707400000| PB 0x0000000707400000| Untracked |  0
|  48|0x0000000707600000, 0x0000000707600000, 0x0000000707800000|  0%| F|  |TAMS 0x0000000707600000| PB 0x0000000707600000| Untracked |  0
|  49|0x0000000707800000, 0x0000000707800000, 0x0000000707a00000|  0%| F|  |TAMS 0x0000000707800000| PB 0x0000000707800000| Untracked |  0
|  50|0x0000000707a00000, 0x0000000707a00000, 0x0000000707c00000|  0%| F|  |TAMS 0x0000000707a00000| PB 0x0000000707a00000| Untracked |  0
|  51|0x0000000707c00000, 0x0000000707c00000, 0x0000000707e00000|  0%| F|  |TAMS 0x0000000707c00000| PB 0x0000000707c00000| Untracked |  0
|  52|0x0000000707e00000, 0x0000000707e00000, 0x0000000708000000|  0%| F|  |TAMS 0x0000000707e00000| PB 0x0000000707e00000| Untracked |  0
|  53|0x0000000708000000, 0x0000000708000000, 0x0000000708200000|  0%| F|  |TAMS 0x0000000708000000| PB 0x0000000708000000| Untracked |  0
|  54|0x0000000708200000, 0x0000000708200000, 0x0000000708400000|  0%| F|  |TAMS 0x0000000708200000| PB 0x0000000708200000| Untracked |  0
|  55|0x0000000708400000, 0x0000000708400000, 0x0000000708600000|  0%| F|  |TAMS 0x0000000708400000| PB 0x0000000708400000| Untracked |  0
|  56|0x0000000708600000, 0x0000000708600000, 0x0000000708800000|  0%| F|  |TAMS 0x0000000708600000| PB 0x0000000708600000| Untracked |  0
|  57|0x0000000708800000, 0x0000000708800000, 0x0000000708a00000|  0%| F|  |TAMS 0x0000000708800000| PB 0x0000000708800000| Untracked |  0
|  58|0x0000000708a00000, 0x0000000708a00000, 0x0000000708c00000|  0%| F|  |TAMS 0x0000000708a00000| PB 0x0000000708a00000| Untracked |  0
|  59|0x0000000708c00000, 0x0000000708c00000, 0x0000000708e00000|  0%| F|  |TAMS 0x0000000708c00000| PB 0x0000000708c00000| Untracked |  0
|  60|0x0000000708e00000, 0x0000000708e00000, 0x0000000709000000|  0%| F|  |TAMS 0x0000000708e00000| PB 0x0000000708e00000| Untracked |  0
|  61|0x0000000709000000, 0x0000000709000000, 0x0000000709200000|  0%| F|  |TAMS 0x0000000709000000| PB 0x0000000709000000| Untracked |  0
|  62|0x0000000709200000, 0x0000000709200000, 0x0000000709400000|  0%| F|  |TAMS 0x0000000709200000| PB 0x0000000709200000| Untracked |  0
|  63|0x0000000709400000, 0x0000000709400000, 0x0000000709600000|  0%| F|  |TAMS 0x0000000709400000| PB 0x0000000709400000| Untracked |  0
|  64|0x0000000709600000, 0x0000000709600000, 0x0000000709800000|  0%| F|  |TAMS 0x0000000709600000| PB 0x0000000709600000| Untracked |  0
|  65|0x0000000709800000, 0x0000000709800000, 0x0000000709a00000|  0%| F|  |TAMS 0x0000000709800000| PB 0x0000000709800000| Untracked |  0
|  66|0x0000000709a00000, 0x0000000709a00000, 0x0000000709c00000|  0%| F|  |TAMS 0x0000000709a00000| PB 0x0000000709a00000| Untracked |  0
|  67|0x0000000709c00000, 0x0000000709c00000, 0x0000000709e00000|  0%| F|  |TAMS 0x0000000709c00000| PB 0x0000000709c00000| Untracked |  0
|  68|0x0000000709e00000, 0x0000000709e00000, 0x000000070a000000|  0%| F|  |TAMS 0x0000000709e00000| PB 0x0000000709e00000| Untracked |  0
|  69|0x000000070a000000, 0x000000070a000000, 0x000000070a200000|  0%| F|  |TAMS 0x000000070a000000| PB 0x000000070a000000| Untracked |  0
|  70|0x000000070a200000, 0x000000070a200000, 0x000000070a400000|  0%| F|  |TAMS 0x000000070a200000| PB 0x000000070a200000| Untracked |  0
|  71|0x000000070a400000, 0x000000070a400000, 0x000000070a600000|  0%| F|  |TAMS 0x000000070a400000| PB 0x000000070a400000| Untracked |  0
|  72|0x000000070a600000, 0x000000070a600000, 0x000000070a800000|  0%| F|  |TAMS 0x000000070a600000| PB 0x000000070a600000| Untracked |  0
|  73|0x000000070a800000, 0x000000070a800000, 0x000000070aa00000|  0%| F|  |TAMS 0x000000070a800000| PB 0x000000070a800000| Untracked |  0
|  74|0x000000070aa00000, 0x000000070aa00000, 0x000000070ac00000|  0%| F|  |TAMS 0x000000070aa00000| PB 0x000000070aa00000| Untracked |  0
|  75|0x000000070ac00000, 0x000000070ac00000, 0x000000070ae00000|  0%| F|  |TAMS 0x000000070ac00000| PB 0x000000070ac00000| Untracked |  0
|  76|0x000000070ae00000, 0x000000070ae00000, 0x000000070b000000|  0%| F|  |TAMS 0x000000070ae00000| PB 0x000000070ae00000| Untracked |  0
|  77|0x000000070b000000, 0x000000070b000000, 0x000000070b200000|  0%| F|  |TAMS 0x000000070b000000| PB 0x000000070b000000| Untracked |  0
|  78|0x000000070b200000, 0x000000070b200000, 0x000000070b400000|  0%| F|  |TAMS 0x000000070b200000| PB 0x000000070b200000| Untracked |  0
|  79|0x000000070b400000, 0x000000070b400000, 0x000000070b600000|  0%| F|  |TAMS 0x000000070b400000| PB 0x000000070b400000| Untracked |  0
|  80|0x000000070b600000, 0x000000070b600000, 0x000000070b800000|  0%| F|  |TAMS 0x000000070b600000| PB 0x000000070b600000| Untracked |  0
|  81|0x000000070b800000, 0x000000070b800000, 0x000000070ba00000|  0%| F|  |TAMS 0x000000070b800000| PB 0x000000070b800000| Untracked |  0
|  82|0x000000070ba00000, 0x000000070ba00000, 0x000000070bc00000|  0%| F|  |TAMS 0x000000070ba00000| PB 0x000000070ba00000| Untracked |  0
|  83|0x000000070bc00000, 0x000000070bc00000, 0x000000070be00000|  0%| F|  |TAMS 0x000000070bc00000| PB 0x000000070bc00000| Untracked |  0
|  84|0x000000070be00000, 0x000000070be00000, 0x000000070c000000|  0%| F|  |TAMS 0x000000070be00000| PB 0x000000070be00000| Untracked |  0
|  85|0x000000070c000000, 0x000000070c000000, 0x000000070c200000|  0%| F|  |TAMS 0x000000070c000000| PB 0x000000070c000000| Untracked |  0
|  86|0x000000070c200000, 0x000000070c200000, 0x000000070c400000|  0%| F|  |TAMS 0x000000070c200000| PB 0x000000070c200000| Untracked |  0
|  87|0x000000070c400000, 0x000000070c400000, 0x000000070c600000|  0%| F|  |TAMS 0x000000070c400000| PB 0x000000070c400000| Untracked |  0
|  88|0x000000070c600000, 0x000000070c600000, 0x000000070c800000|  0%| F|  |TAMS 0x000000070c600000| PB 0x000000070c600000| Untracked |  0
|  89|0x000000070c800000, 0x000000070c800000, 0x000000070ca00000|  0%| F|  |TAMS 0x000000070c800000| PB 0x000000070c800000| Untracked |  0
|  90|0x000000070ca00000, 0x000000070ca00000, 0x000000070cc00000|  0%| F|  |TAMS 0x000000070ca00000| PB 0x000000070ca00000| Untracked |  0
|  91|0x000000070cc00000, 0x000000070cc00000, 0x000000070ce00000|  0%| F|  |TAMS 0x000000070cc00000| PB 0x000000070cc00000| Untracked |  0
|  92|0x000000070ce00000, 0x000000070ce00000, 0x000000070d000000|  0%| F|  |TAMS 0x000000070ce00000| PB 0x000000070ce00000| Untracked |  0
|  93|0x000000070d000000, 0x000000070d000000, 0x000000070d200000|  0%| F|  |TAMS 0x000000070d000000| PB 0x000000070d000000| Untracked |  0
|  94|0x000000070d200000, 0x000000070d200000, 0x000000070d400000|  0%| F|  |TAMS 0x000000070d200000| PB 0x000000070d200000| Untracked |  0
|  95|0x000000070d400000, 0x000000070d400000, 0x000000070d600000|  0%| F|  |TAMS 0x000000070d400000| PB 0x000000070d400000| Untracked |  0
|  96|0x000000070d600000, 0x000000070d600000, 0x000000070d800000|  0%| F|  |TAMS 0x000000070d600000| PB 0x000000070d600000| Untracked |  0
|  97|0x000000070d800000, 0x000000070d800000, 0x000000070da00000|  0%| F|  |TAMS 0x000000070d800000| PB 0x000000070d800000| Untracked |  0
|  98|0x000000070da00000, 0x000000070da00000, 0x000000070dc00000|  0%| F|  |TAMS 0x000000070da00000| PB 0x000000070da00000| Untracked |  0
|  99|0x000000070dc00000, 0x000000070dc00000, 0x000000070de00000|  0%| F|  |TAMS 0x000000070dc00000| PB 0x000000070dc00000| Untracked |  0
| 100|0x000000070de00000, 0x000000070de00000, 0x000000070e000000|  0%| F|  |TAMS 0x000000070de00000| PB 0x000000070de00000| Untracked |  0
| 101|0x000000070e000000, 0x000000070e000000, 0x000000070e200000|  0%| F|  |TAMS 0x000000070e000000| PB 0x000000070e000000| Untracked |  0
| 102|0x000000070e200000, 0x000000070e200000, 0x000000070e400000|  0%| F|  |TAMS 0x000000070e200000| PB 0x000000070e200000| Untracked |  0
| 103|0x000000070e400000, 0x000000070e400000, 0x000000070e600000|  0%| F|  |TAMS 0x000000070e400000| PB 0x000000070e400000| Untracked |  0
| 104|0x000000070e600000, 0x000000070e600000, 0x000000070e800000|  0%| F|  |TAMS 0x000000070e600000| PB 0x000000070e600000| Untracked |  0
| 105|0x000000070e800000, 0x000000070e800000, 0x000000070ea00000|  0%| F|  |TAMS 0x000000070e800000| PB 0x000000070e800000| Untracked |  0
| 106|0x000000070ea00000, 0x000000070ea00000, 0x000000070ec00000|  0%| F|  |TAMS 0x000000070ea00000| PB 0x000000070ea00000| Untracked |  0
| 107|0x000000070ec00000, 0x000000070ec00000, 0x000000070ee00000|  0%| F|  |TAMS 0x000000070ec00000| PB 0x000000070ec00000| Untracked |  0
| 108|0x000000070ee00000, 0x000000070ee00000, 0x000000070f000000|  0%| F|  |TAMS 0x000000070ee00000| PB 0x000000070ee00000| Untracked |  0
| 109|0x000000070f000000, 0x000000070f000000, 0x000000070f200000|  0%| F|  |TAMS 0x000000070f000000| PB 0x000000070f000000| Untracked |  0
| 110|0x000000070f200000, 0x000000070f2f9340, 0x000000070f400000| 48%| E|  |TAMS 0x000000070f200000| PB 0x000000070f200000| Complete |  0
| 111|0x000000070f400000, 0x000000070f600000, 0x000000070f600000|100%| E|CS|TAMS 0x000000070f400000| PB 0x000000070f400000| Complete |  0
| 112|0x000000070f600000, 0x000000070f800000, 0x000000070f800000|100%| E|CS|TAMS 0x000000070f600000| PB 0x000000070f600000| Complete |  0
| 113|0x000000070f800000, 0x000000070fa00000, 0x000000070fa00000|100%| E|  |TAMS 0x000000070f800000| PB 0x000000070f800000| Complete |  0
| 114|0x000000070fa00000, 0x000000070fc00000, 0x000000070fc00000|100%| E|CS|TAMS 0x000000070fa00000| PB 0x000000070fa00000| Complete |  0
| 115|0x000000070fc00000, 0x000000070fe00000, 0x000000070fe00000|100%| E|CS|TAMS 0x000000070fc00000| PB 0x000000070fc00000| Complete |  0
| 116|0x000000070fe00000, 0x0000000710000000, 0x0000000710000000|100%| E|CS|TAMS 0x000000070fe00000| PB 0x000000070fe00000| Complete |  0
| 117|0x0000000710000000, 0x0000000710200000, 0x0000000710200000|100%| E|CS|TAMS 0x0000000710000000| PB 0x0000000710000000| Complete |  0
| 118|0x0000000710200000, 0x0000000710400000, 0x0000000710400000|100%| E|CS|TAMS 0x0000000710200000| PB 0x0000000710200000| Complete |  0
| 119|0x0000000710400000, 0x0000000710600000, 0x0000000710600000|100%| E|CS|TAMS 0x0000000710400000| PB 0x0000000710400000| Complete |  0
| 120|0x0000000710600000, 0x0000000710800000, 0x0000000710800000|100%| E|CS|TAMS 0x0000000710600000| PB 0x0000000710600000| Complete |  0
| 121|0x0000000710800000, 0x0000000710a00000, 0x0000000710a00000|100%| E|CS|TAMS 0x0000000710800000| PB 0x0000000710800000| Complete |  0
| 122|0x0000000710a00000, 0x0000000710c00000, 0x0000000710c00000|100%| E|CS|TAMS 0x0000000710a00000| PB 0x0000000710a00000| Complete |  0
| 123|0x0000000710c00000, 0x0000000710e00000, 0x0000000710e00000|100%| E|CS|TAMS 0x0000000710c00000| PB 0x0000000710c00000| Complete |  0
| 124|0x0000000710e00000, 0x0000000711000000, 0x0000000711000000|100%| E|CS|TAMS 0x0000000710e00000| PB 0x0000000710e00000| Complete |  0
| 125|0x0000000711000000, 0x0000000711200000, 0x0000000711200000|100%| E|CS|TAMS 0x0000000711000000| PB 0x0000000711000000| Complete |  0
| 126|0x0000000711200000, 0x0000000711400000, 0x0000000711400000|100%| E|CS|TAMS 0x0000000711200000| PB 0x0000000711200000| Complete |  0
| 127|0x0000000711400000, 0x0000000711600000, 0x0000000711600000|100%| E|CS|TAMS 0x0000000711400000| PB 0x0000000711400000| Complete |  0
|2036|0x00000007ffe00000, 0x00000007fff1d3c0, 0x0000000800000000| 55%| O|  |TAMS 0x00000007ffe00000| PB 0x00000007ffe00000| Untracked |  0

Card table byte_map: [0x0000021d7bc80000,0x0000021d7c480000] _byte_map_base: 0x0000021d78475000

Marking Bits: (CMBitMap*) 0x0000021d635d4520
 Bits: [0x0000021d00000000, 0x0000021d03fa8000)

Polling page: 0x0000021d61380000

Metaspace:

Usage:
  Non-class:     16.68 MB used.
      Class:      1.70 MB used.
       Both:     18.38 MB used.

Virtual space:
  Non-class space:       64.00 MB reserved,      16.81 MB ( 26%) committed,  1 nodes.
      Class space:        1.00 GB reserved,       1.81 MB ( <1%) committed,  1 nodes.
             Both:        1.06 GB reserved,      18.62 MB (  2%) committed. 

Chunk freelists:
   Non-Class:  14.78 MB
       Class:  14.10 MB
        Both:  28.88 MB

MaxMetaspaceSize: unlimited
CompressedClassSpaceSize: 1.00 GB
Initial GC threshold: 21.00 MB
Current GC threshold: 21.00 MB
CDS: on
 - commit_granule_bytes: 65536.
 - commit_granule_words: 8192.
 - virtual_space_node_default_size: 8388608.
 - enlarge_chunks_in_place: 1.
UseCompressedClassPointers 1, UseCompactObjectHeaders 0
Narrow klass pointer bits 32, Max shift 3
Narrow klass base: 0x0000021d04000000, Narrow klass shift: 0
Encoding Range: [0x0000021d04000000 - 0x0000021e04000000), (4294967296 bytes)
Klass Range:    [0x0000021d04000000 - 0x0000021d45000000), (1090519040 bytes)
Klass ID Range:  [8 - 1090519033) (1090519025)


Internal statistics:

num_allocs_failed_limit: 0.
num_arena_births: 146.
num_arena_deaths: 0.
num_vsnodes_births: 2.
num_vsnodes_deaths: 0.
num_space_committed: 298.
num_space_uncommitted: 0.
num_chunks_returned_to_freelist: 0.
num_chunks_taken_from_freelist: 392.
num_chunk_merges: 0.
num_chunk_splits: 263.
num_chunks_enlarged: 183.
num_inconsistent_stats: 0.

CodeHeap 'non-profiled nmethods': size=120064Kb used=604Kb max_used=604Kb free=119459Kb
 bounds [0x0000021d738d0000, 0x0000021d73b40000, 0x0000021d7ae10000]
CodeHeap 'profiled nmethods': size=120000Kb used=3366Kb max_used=3366Kb free=116634Kb
 bounds [0x0000021d6be10000, 0x0000021d6c160000, 0x0000021d73340000]
CodeHeap 'non-nmethods': size=5696Kb used=1701Kb max_used=1723Kb free=3994Kb
 bounds [0x0000021d73340000, 0x0000021d735b0000, 0x0000021d738d0000]
CodeCache: size=245760Kb, used=5671Kb, max_used=5693Kb, free=240087Kb
 total_blobs=2893, nmethods=2079, adapters=719, full_count=0
Compilation: enabled, stopped_count=0, restarted_count=0

Compilation events (20 events):
Event: 1.672 Thread 0x0000021d4ac63af0 nmethod 2077 0x0000021d73966588 code [0x0000021d739666a0, 0x0000021d739668d0]
Event: 1.679 Thread 0x0000021d7f11a210 nmethod 2070 0x0000021d6c146608 code [0x0000021d6c1475e0, 0x0000021d6c1552a0]
Event: 1.679 Thread 0x0000021d7f11a210 2073   !   3       sun.font.FontDesignMetrics::getMetrics (265 bytes)
Event: 1.680 Thread 0x0000021d7f11a210 nmethod 2073 0x0000021d6c155608 code [0x0000021d6c1559c0, 0x0000021d6c157fc8]
Event: 1.680 Thread 0x0000021d7f11a210 2079       3       java.lang.ref.SoftReference::<init> (14 bytes)
Event: 1.680 Thread 0x0000021d7f11a210 nmethod 2079 0x0000021d6c158108 code [0x0000021d6c158240, 0x0000021d6c158528]
Event: 1.680 Thread 0x0000021d7f11a210 2075       3       javax.swing.GroupLayout$AutoPreferredGapSpring::calculatePreferredSize (34 bytes)
Event: 1.680 Thread 0x0000021d7f11a210 nmethod 2075 0x0000021d6c158588 code [0x0000021d6c1586a0, 0x0000021d6c1588d0]
Event: 1.680 Thread 0x0000021d7f11a210 2080       1       sun.java2d.loops.RenderCache$Entry::getValue (5 bytes)
Event: 1.680 Thread 0x0000021d7f11a210 nmethod 2080 0x0000021d73966908 code [0x0000021d73966a00, 0x0000021d73966ac8]
Event: 1.680 Thread 0x0000021d7f11a210 2071       3       sun.swing.SwingUtilities2$KeyPair::<init> (15 bytes)
Event: 1.680 Thread 0x0000021d7f11a210 nmethod 2071 0x0000021d6c158908 code [0x0000021d6c158a20, 0x0000021d6c158c50]
Event: 1.680 Thread 0x0000021d7f11a210 2072       3       sun.swing.SwingUtilities2$KeyPair::hashCode (19 bytes)
Event: 1.680 Thread 0x0000021d7f11a210 nmethod 2072 0x0000021d6c158c88 code [0x0000021d6c158dc0, 0x0000021d6c159088]
Event: 1.680 Thread 0x0000021d7f11a210 2074       3       sun.swing.SwingUtilities2$KeyPair::equals (48 bytes)
Event: 1.680 Thread 0x0000021d7f11a210 nmethod 2074 0x0000021d6c159108 code [0x0000021d6c159260, 0x0000021d6c1597b8]
Event: 1.680 Thread 0x0000021d7f11a210 2076       1       javax.swing.JTable::getColumnModel (5 bytes)
Event: 1.680 Thread 0x0000021d7f11a210 nmethod 2076 0x0000021d73966c08 code [0x0000021d73966d00, 0x0000021d73966dd0]
Event: 1.680 Thread 0x0000021d7f11a210 2078       1       javax.swing.table.TableColumn::getHeaderRenderer (5 bytes)
Event: 1.680 Thread 0x0000021d7f11a210 nmethod 2078 0x0000021d73966f08 code [0x0000021d73967000, 0x0000021d739670c8]

GC Heap History (0 events):
No events

Dll operation events (10 events):
Event: 0.020 Loaded shared library C:\Program Files\Java\jdk-24\bin\java.dll
Event: 0.048 Loaded shared library C:\Program Files\Java\jdk-24\bin\jsvml.dll
Event: 0.084 Loaded shared library C:\Program Files\Java\jdk-24\bin\net.dll
Event: 0.086 Loaded shared library C:\Program Files\Java\jdk-24\bin\nio.dll
Event: 0.453 Loaded shared library C:\Program Files\Java\jdk-24\bin\zip.dll
Event: 0.466 Loaded shared library C:\Program Files\Java\jdk-24\bin\jimage.dll
Event: 0.487 Loaded shared library C:\Program Files\Java\jdk-24\bin\awt.dll
Event: 0.619 Loaded shared library C:\Program Files\Java\jdk-24\bin\freetype.dll
Event: 0.620 Loaded shared library C:\Program Files\Java\jdk-24\bin\fontmanager.dll
Event: 1.263 Loaded shared library C:\Program Files\Java\jdk-24\bin\extnet.dll

Deoptimization events (20 events):
Event: 1.599 Thread 0x0000021d7f1117e0 DEOPT PACKING pc=0x0000021d73958db8 sp=0x000000a065cfce50
Event: 1.599 Thread 0x0000021d7f1117e0 DEOPT UNPACKING pc=0x0000021d73464e82 sp=0x000000a065cfcdf8 mode 2
Event: 1.610 Thread 0x0000021d7f1117e0 Uncommon trap: trap_request=0xffffff4d fr.pc=0x0000021d73919894 relative=0x00000000000000f4
Event: 1.610 Thread 0x0000021d7f1117e0 Uncommon trap: reason=unstable_if action=reinterpret pc=0x0000021d73919894 method=jdk.internal.classfile.impl.RawBytecodeHelper.next()Z @ 46 c2
Event: 1.610 Thread 0x0000021d7f1117e0 DEOPT PACKING pc=0x0000021d73919894 sp=0x000000a065cfb980
Event: 1.610 Thread 0x0000021d7f1117e0 DEOPT UNPACKING pc=0x0000021d73464e82 sp=0x000000a065cfb908 mode 2
Event: 1.611 Thread 0x0000021d7f1117e0 DEOPT PACKING pc=0x0000021d6bf98784 sp=0x000000a065cfbe50
Event: 1.611 Thread 0x0000021d7f1117e0 DEOPT UNPACKING pc=0x0000021d73395722 sp=0x000000a065cfb368 mode 0
Event: 1.654 Thread 0x0000021d7f1117e0 Uncommon trap: trap_request=0xffffffc6 fr.pc=0x0000021d73931554 relative=0x0000000000000654
Event: 1.654 Thread 0x0000021d7f1117e0 Uncommon trap: reason=bimorphic_or_optimized_type_check action=maybe_recompile pc=0x0000021d73931554 method=java.util.concurrent.ConcurrentHashMap.get(Ljava/lang/Object;)Ljava/lang/Object; @ 149 c2
Event: 1.654 Thread 0x0000021d7f1117e0 DEOPT PACKING pc=0x0000021d73931554 sp=0x000000a065cfd4b0
Event: 1.654 Thread 0x0000021d7f1117e0 DEOPT UNPACKING pc=0x0000021d73464e82 sp=0x000000a065cfd460 mode 2
Event: 1.657 Thread 0x0000021d7f1117e0 DEOPT PACKING pc=0x0000021d6c1325d3 sp=0x000000a065cfd2e0
Event: 1.657 Thread 0x0000021d7f1117e0 DEOPT UNPACKING pc=0x0000021d73395722 sp=0x000000a065cfc6e0 mode 0
Event: 1.659 Thread 0x0000021d7f1117e0 DEOPT PACKING pc=0x0000021d6c132ebb sp=0x000000a065cfd230
Event: 1.659 Thread 0x0000021d7f1117e0 DEOPT UNPACKING pc=0x0000021d73395722 sp=0x000000a065cfc6e0 mode 0
Event: 1.680 Thread 0x0000021d7f1117e0 DEOPT PACKING pc=0x0000021d6c0f148a sp=0x000000a065cff0e0
Event: 1.680 Thread 0x0000021d7f1117e0 DEOPT UNPACKING pc=0x0000021d73395722 sp=0x000000a065cfe548 mode 3
Event: 12.732 Thread 0x0000021d7f112680 DEOPT PACKING pc=0x0000021d6c105dd7 sp=0x000000a065bfe9e0
Event: 12.732 Thread 0x0000021d7f112680 DEOPT UNPACKING pc=0x0000021d73395722 sp=0x000000a065bfde70 mode 3

Classes loaded (20 events):
Event: 1.667 Loading class java/awt/KeyboardFocusManager$LightweightFocusRequest
Event: 1.667 Loading class java/awt/KeyboardFocusManager$LightweightFocusRequest done
Event: 1.674 Loading class sun/awt/im/CompositionAreaHandler
Event: 1.674 Loading class sun/awt/im/CompositionAreaHandler done
Event: 1.675 Loading class java/text/AttributedString
Event: 1.675 Loading class java/text/AttributedString done
Event: 1.675 Loading class java/text/AttributedString$AttributedStringIterator
Event: 1.675 Loading class java/text/AttributedCharacterIterator
Event: 1.675 Loading class java/text/AttributedCharacterIterator done
Event: 1.675 Loading class java/text/AttributedString$AttributedStringIterator done
Event: 1.676 Loading class java/awt/TextComponent
Event: 1.676 Loading class java/awt/TextComponent done
Event: 1.679 Loading class java/util/concurrent/locks/AbstractQueuedSynchronizer$ExclusiveNode
Event: 1.679 Loading class java/util/concurrent/locks/AbstractQueuedSynchronizer$Node
Event: 1.679 Loading class java/util/concurrent/locks/AbstractQueuedSynchronizer$Node done
Event: 1.679 Loading class java/util/concurrent/locks/AbstractQueuedSynchronizer$ExclusiveNode done
Event: 1.680 Loading class java/util/concurrent/locks/AbstractQueuedSynchronizer$ConditionNode
Event: 1.680 Loading class java/util/concurrent/ForkJoinPool$ManagedBlocker
Event: 1.680 Loading class java/util/concurrent/ForkJoinPool$ManagedBlocker done
Event: 1.680 Loading class java/util/concurrent/locks/AbstractQueuedSynchronizer$ConditionNode done

Classes unloaded (0 events):
No events

Classes redefined (0 events):
No events

Internal exceptions (20 events):
Event: 0.669 Thread 0x0000021d610b0d10 Exception <a 'java/lang/ClassNotFoundException'{0x0000000710de6e60}: com/sun/swing/internal/plaf/metal/resources/spi/metalProvider> (0x0000000710de6e60) 
thrown [s\open\src\hotspot\share\classfile\systemDictionary.cpp, line 327]
Event: 0.669 Thread 0x0000021d610b0d10 Exception <a 'java/lang/ClassNotFoundException'{0x0000000710dea8c0}: com/sun/swing/internal/plaf/basic/resources/spi/basicProvider> (0x0000000710dea8c0) 
thrown [s\open\src\hotspot\share\classfile\systemDictionary.cpp, line 327]
Event: 0.826 Thread 0x0000021d7f1117e0 Exception <a 'java/lang/ClassNotFoundException'{0x0000000710b351c8}: com/sun/swing/internal/plaf/synth/resources/spi/synthProvider> (0x0000000710b351c8) 
thrown [s\open\src\hotspot\share\classfile\systemDictionary.cpp, line 327]
Event: 0.842 Thread 0x0000021d7f1117e0 Exception <a 'java/lang/NoSuchMethodError'{0x0000000710b81b80}: 'int java.lang.invoke.Invokers$Holder.invokeExact_MT(java.lang.Object, java.lang.Object)'> (0x0000000710b81b80) 
thrown [s\open\src\hotspot\share\interpreter\linkResolver.cpp, line 805]
Event: 0.847 Thread 0x0000021d7f1117e0 Exception <a 'java/lang/NoSuchMethodError'{0x0000000710b8c4f8}: 'java.lang.Object java.lang.invoke.DirectMethodHandle$Holder.newInvokeSpecial(java.lang.Object, java.lang.Object, int)'> (0x0000000710b8c4f8) 
thrown [s\open\src\hotspot\share\interpreter\linkResolver.cpp, line 805]
Event: 0.850 Thread 0x0000021d7f1117e0 Exception <a 'java/lang/NoSuchMethodError'{0x0000000710ba5e30}: 'java.lang.Object java.lang.invoke.DirectMethodHandle$Holder.invokeStatic(java.lang.Object, java.lang.Object, java.lang.Object, java.lang.Object, int)'> (0x0000000710ba5e30) 
thrown [s\open\src\hotspot\share\interpreter\linkResolver.cpp, line 805]
Event: 0.851 Thread 0x0000021d7f1117e0 Exception <a 'java/lang/NoSuchMethodError'{0x0000000710bb7128}: 'int java.lang.invoke.DirectMethodHandle$Holder.invokeSpecial(java.lang.Object, java.lang.Object, java.lang.Object)'> (0x0000000710bb7128) 
thrown [s\open\src\hotspot\share\interpreter\linkResolver.cpp, line 805]
Event: 0.972 Thread 0x0000021d7f1117e0 Exception <a 'java/lang/NoSuchMethodError'{0x0000000710635998}: 'void java.lang.invoke.DirectMethodHandle$Holder.invokeStaticInit(java.lang.Object)'> (0x0000000710635998) 
thrown [s\open\src\hotspot\share\interpreter\linkResolver.cpp, line 805]
Event: 1.011 Thread 0x0000021d7f112680 Exception <a 'java/lang/NoSuchMethodError'{0x0000000711105cf0}: 'void java.lang.invoke.DirectMethodHandle$Holder.invokeVirtual(java.lang.Object, java.lang.Object)'> (0x0000000711105cf0) 
thrown [s\open\src\hotspot\share\interpreter\linkResolver.cpp, line 805]
Event: 1.028 Thread 0x0000021d7f1117e0 Exception <a 'java/lang/NoSuchMethodError'{0x000000071069a108}: 'void java.lang.invoke.DelegatingMethodHandle$Holder.reinvoke_L(java.lang.Object, java.lang.Object, java.lang.Object, java.lang.Object, long, long, float)'> (0x000000071069a108) 
thrown [s\open\src\hotspot\share\interpreter\linkResolver.cpp, line 805]
Event: 1.030 Thread 0x0000021d7f1117e0 Exception <a 'java/lang/NoSuchMethodError'{0x00000007106ba2c0}: 'java.lang.Object java.lang.invoke.DirectMethodHandle$Holder.invokeStatic(java.lang.Object, java.lang.Object, java.lang.Object, java.lang.Object, java.lang.Object, long)'> (0x00000007106ba2c0) 
thrown [s\open\src\hotspot\share\interpreter\linkResolver.cpp, line 805]
Event: 1.033 Thread 0x0000021d7f1117e0 Exception <a 'java/lang/NoSuchMethodError'{0x00000007106fdcc0}: 'float java.lang.invoke.DelegatingMethodHandle$Holder.reinvoke_L(java.lang.Object, java.lang.Object, java.lang.Object, java.lang.Object, long, long)'> (0x00000007106fdcc0) 
thrown [s\open\src\hotspot\share\interpreter\linkResolver.cpp, line 805]
Event: 1.103 Thread 0x0000021d7f1117e0 Exception <a 'java/lang/NoSuchMethodError'{0x0000000710779408}: 'void java.lang.invoke.DirectMethodHandle$Holder.invokeStatic(java.lang.Object, java.lang.Object)'> (0x0000000710779408) 
thrown [s\open\src\hotspot\share\interpreter\linkResolver.cpp, line 805]
Event: 1.136 Thread 0x0000021d7f1117e0 Exception <a 'java/lang/NoSuchMethodError'{0x000000071044e040}: 'java.lang.Object java.lang.invoke.DirectMethodHandle$Holder.invokeInterface(java.lang.Object, java.lang.Object)'> (0x000000071044e040) 
thrown [s\open\src\hotspot\share\interpreter\linkResolver.cpp, line 805]
Event: 1.173 Thread 0x0000021d7f1117e0 Exception <a 'java/lang/NoSuchMethodError'{0x0000000710308f88}: 'void java.lang.invoke.DirectMethodHandle$Holder.invokeStatic(java.lang.Object, java.lang.Object, java.lang.Object)'> (0x0000000710308f88) 
thrown [s\open\src\hotspot\share\interpreter\linkResolver.cpp, line 805]
Event: 1.176 Thread 0x0000021d7f1117e0 Exception <a 'java/lang/NoSuchMethodError'{0x00000007103209d8}: 'java.lang.Object java.lang.invoke.DirectMethodHandle$Holder.invokeVirtual(java.lang.Object, java.lang.Object, java.lang.Object)'> (0x00000007103209d8) 
thrown [s\open\src\hotspot\share\interpreter\linkResolver.cpp, line 805]
Event: 1.451 Thread 0x0000021d7f1117e0 Implicit null exception at 0x0000021d73945d11 to 0x0000021d739463a8
Event: 1.452 Thread 0x0000021d7f1117e0 Implicit null exception at 0x0000021d73945291 to 0x0000021d73945908
Event: 1.528 Thread 0x0000021d7f1117e0 Exception <a 'java/lang/NoSuchMethodError'{0x000000070f43c070}: 'void java.lang.invoke.DirectMethodHandle$Holder.invokeStaticInit(java.lang.Object, java.lang.Object)'> (0x000000070f43c070) 
thrown [s\open\src\hotspot\share\interpreter\linkResolver.cpp, line 805]
Event: 1.533 Thread 0x0000021d7f1117e0 Exception <a 'java/lang/NoSuchMethodError'{0x000000070f469ed8}: 'void java.lang.invoke.DirectMethodHandle$Holder.invokeInterface(java.lang.Object, java.lang.Object)'> (0x000000070f469ed8) 
thrown [s\open\src\hotspot\share\interpreter\linkResolver.cpp, line 805]

VM Operations (20 events):
Event: 0.962 Executing VM operation: HandshakeAllThreads (Deoptimize)
Event: 0.962 Executing VM operation: HandshakeAllThreads (Deoptimize) done
Event: 1.113 Executing VM operation: HandshakeAllThreads (Deoptimize)
Event: 1.113 Executing VM operation: HandshakeAllThreads (Deoptimize) done
Event: 1.253 Executing VM operation: HandshakeAllThreads (Deoptimize)
Event: 1.253 Executing VM operation: HandshakeAllThreads (Deoptimize) done
Event: 1.481 Executing VM operation: HandshakeAllThreads (Deoptimize)
Event: 1.481 Executing VM operation: HandshakeAllThreads (Deoptimize) done
Event: 1.571 Executing VM operation: HandshakeAllThreads (Deoptimize)
Event: 1.571 Executing VM operation: HandshakeAllThreads (Deoptimize) done
Event: 1.574 Executing VM operation: HandshakeAllThreads (Deoptimize)
Event: 1.575 Executing VM operation: HandshakeAllThreads (Deoptimize) done
Event: 1.611 Executing VM operation: HandshakeAllThreads (Deoptimize)
Event: 1.611 Executing VM operation: HandshakeAllThreads (Deoptimize) done
Event: 1.612 Executing VM operation: HandshakeAllThreads (Deoptimize)
Event: 1.612 Executing VM operation: HandshakeAllThreads (Deoptimize) done
Event: 1.665 Executing VM operation: HandshakeAllThreads (Deoptimize)
Event: 1.665 Executing VM operation: HandshakeAllThreads (Deoptimize) done
Event: 1.676 Executing VM operation: HandshakeAllThreads (Deoptimize)
Event: 1.676 Executing VM operation: HandshakeAllThreads (Deoptimize) done

Memory protections (0 events):
No events

Nmethod flushes (0 events):
No events

Events (20 events):
Event: 0.046 Thread 0x0000021d610b0d10 Thread added: 0x0000021d7f110940
Event: 0.046 Thread 0x0000021d610b0d10 Thread added: 0x0000021d49021060
Event: 0.046 Thread 0x0000021d610b0d10 Thread added: 0x0000021d7f11a210
Event: 0.074 Thread 0x0000021d610b0d10 Thread added: 0x0000021d7f111f30
Event: 0.355 Thread 0x0000021d610b0d10 Thread added: 0x0000021d49239aa0
Event: 0.355 Thread 0x0000021d610b0d10 Thread added: 0x0000021d4923aa30
Event: 0.355 Thread 0x0000021d49239aa0 Thread added: 0x0000021d4923b180
Event: 0.443 Thread 0x0000021d610b0d10 Thread added: 0x0000021d7f111090
Event: 0.536 Thread 0x0000021d610b0d10 Thread added: 0x0000021d7f10f350
Event: 0.537 Thread 0x0000021d610b0d10 Thread added: 0x0000021d7f10faa0
Event: 0.537 Thread 0x0000021d610b0d10 Thread added: 0x0000021d7f112680
Event: 0.678 Thread 0x0000021d610b0d10 Thread added: 0x0000021d7f1117e0
Event: 0.678 Thread 0x0000021d610b0d10 Thread exited: 0x0000021d610b0d10
Event: 0.678 Thread 0x0000021d4992dce0 Thread added: 0x0000021d4992dce0
Event: 0.806 Thread 0x0000021d7f1117e0 Thread added: 0x0000021d4992e430
Event: 1.104 Thread 0x0000021d7f1117e0 Thread added: 0x0000021d4992bfa0
Event: 1.156 Thread 0x0000021d7f11a210 Thread added: 0x0000021d4ac63af0
Event: 1.164 Thread 0x0000021d49021060 Thread added: 0x0000021d4ac80eb0
Event: 6.678 Thread 0x0000021d4ac80eb0 Thread exited: 0x0000021d4ac80eb0
Event: 11.679 Thread 0x0000021d4ac63af0 Thread exited: 0x0000021d4ac63af0


Dynamic libraries:
0x00007ff710dc0000 - 0x00007ff710dd0000 	C:\Program Files\Java\jdk-24\bin\java.exe
0x00007ffd8a380000 - 0x00007ffd8a5e0000 	C:\Windows\SYSTEM32\ntdll.dll
0x00007ffd89370000 - 0x00007ffd89437000 	C:\Windows\System32\KERNEL32.DLL
0x00007ffd87960000 - 0x00007ffd87d2a000 	C:\Windows\System32\KERNELBASE.dll
0x00007ffd87d30000 - 0x00007ffd87e7b000 	C:\Windows\System32\ucrtbase.dll
0x00007ffd4be40000 - 0x00007ffd4be56000 	C:\Program Files\Java\jdk-24\bin\jli.dll
0x00007ffd12a50000 - 0x00007ffd12a6b000 	C:\Program Files\Java\jdk-24\bin\VCRUNTIME140.dll
0x00007ffd88180000 - 0x00007ffd8834c000 	C:\Windows\System32\USER32.dll
0x00007ffd88150000 - 0x00007ffd88177000 	C:\Windows\System32\win32u.dll
0x00007ffd72410000 - 0x00007ffd726a7000 	C:\Windows\WinSxS\amd64_microsoft.windows.common-controls_6595b64144ccf1df_6.0.26100.3624_none_3e086962e3345f24\COMCTL32.dll
0x00007ffd8a300000 - 0x00007ffd8a32a000 	C:\Windows\System32\GDI32.dll
0x00007ffd89700000 - 0x00007ffd897a9000 	C:\Windows\System32\msvcrt.dll
0x00007ffd87820000 - 0x00007ffd87951000 	C:\Windows\System32\gdi32full.dll
0x00007ffd87770000 - 0x00007ffd87813000 	C:\Windows\System32\msvcp_win.dll
0x00007ffd89a60000 - 0x00007ffd89a8f000 	C:\Windows\System32\IMM32.DLL
0x00007ffd4bda0000 - 0x00007ffd4bdac000 	C:\Program Files\Java\jdk-24\bin\vcruntime140_1.dll
0x00007ffcd4d30000 - 0x00007ffcd4dbe000 	C:\Program Files\Java\jdk-24\bin\msvcp140.dll
0x00007ffcc6be0000 - 0x00007ffcc7982000 	C:\Program Files\Java\jdk-24\bin\server\jvm.dll
0x00007ffd897b0000 - 0x00007ffd89862000 	C:\Windows\System32\ADVAPI32.dll
0x00007ffd88770000 - 0x00007ffd88816000 	C:\Windows\System32\sechost.dll
0x00007ffd895e0000 - 0x00007ffd896f6000 	C:\Windows\System32\RPCRT4.dll
0x00007ffd89ab0000 - 0x00007ffd89b24000 	C:\Windows\System32\WS2_32.dll
0x00007ffd86cb0000 - 0x00007ffd86d0e000 	C:\Windows\SYSTEM32\POWRPROF.dll
0x00007ffd80ec0000 - 0x00007ffd80ecb000 	C:\Windows\SYSTEM32\VERSION.dll
0x00007ffd7bc70000 - 0x00007ffd7bca6000 	C:\Windows\SYSTEM32\WINMM.dll
0x00007ffd86c70000 - 0x00007ffd86c84000 	C:\Windows\SYSTEM32\UMPDC.dll
0x00007ffd86330000 - 0x00007ffd8634a000 	C:\Windows\SYSTEM32\kernel.appcore.dll
0x00007ffd27ab0000 - 0x00007ffd27aba000 	C:\Program Files\Java\jdk-24\bin\jimage.dll
0x00007ffd74000000 - 0x00007ffd74241000 	C:\Windows\SYSTEM32\DBGHELP.DLL
0x00007ffd883e0000 - 0x00007ffd88762000 	C:\Windows\System32\combase.dll
0x00007ffd89090000 - 0x00007ffd89166000 	C:\Windows\System32\OLEAUT32.dll
0x00007ffd6ae10000 - 0x00007ffd6ae49000 	C:\Windows\SYSTEM32\dbgcore.DLL
0x00007ffd87ff0000 - 0x00007ffd88089000 	C:\Windows\System32\bcryptPrimitives.dll
0x00007ffd4bdc0000 - 0x00007ffd4bdfc000 	C:\Program Files\Java\jdk-24\bin\jdwp.dll
0x00007ffcd8b50000 - 0x00007ffcd8b6e000 	C:\Program Files\Java\jdk-24\bin\java.dll
0x00007ffd89440000 - 0x00007ffd895d6000 	C:\Windows\System32\ole32.dll
0x00007ffd89b60000 - 0x00007ffd8a289000 	C:\Windows\System32\SHELL32.dll
0x00007ffd87e80000 - 0x00007ffd87fe8000 	C:\Windows\System32\wintypes.dll
0x00007ffd851e0000 - 0x00007ffd85a32000 	C:\Windows\SYSTEM32\windows.storage.dll
0x00007ffd88a00000 - 0x00007ffd88aed000 	C:\Windows\System32\SHCORE.dll
0x00007ffd8a290000 - 0x00007ffd8a2f4000 	C:\Windows\System32\shlwapi.dll
0x00007ffd87470000 - 0x00007ffd8749f000 	C:\Windows\SYSTEM32\profapi.dll
0x00007ffcd4670000 - 0x00007ffcd4747000 	C:\Program Files\Java\jdk-24\bin\jsvml.dll
0x00007ffd274a0000 - 0x00007ffd274b0000 	C:\Program Files\Java\jdk-24\bin\net.dll
0x00007ffd86830000 - 0x00007ffd8689a000 	C:\Windows\system32\mswsock.dll
0x00007ffcd53a0000 - 0x00007ffcd53b6000 	C:\Program Files\Java\jdk-24\bin\nio.dll
0x00007ffd4be60000 - 0x00007ffd4be6b000 	C:\Program Files\Java\jdk-24\bin\dt_shmem.dll
0x00007ffcd4dc0000 - 0x00007ffcd4dd7000 	C:\Program Files\Java\jdk-24\bin\zip.dll
0x00007ffcd44f0000 - 0x00007ffcd466f000 	C:\Program Files\Java\jdk-24\bin\awt.dll
0x00007ffd84760000 - 0x00007ffd847fc000 	C:\Windows\SYSTEM32\apphelp.dll
0x00007ffd84830000 - 0x00007ffd848de000 	C:\Windows\system32\uxtheme.dll
0x00007ffd89170000 - 0x00007ffd892cd000 	C:\Windows\System32\MSCTF.dll
0x00007ffd84b50000 - 0x00007ffd84b86000 	C:\Windows\system32\DWMAPI.DLL
0x00007ffcd4460000 - 0x00007ffcd44e7000 	C:\Program Files\Java\jdk-24\bin\freetype.dll
0x00007ffcd4380000 - 0x00007ffcd4457000 	C:\Program Files\Java\jdk-24\bin\fontmanager.dll
0x00007ffcefbf0000 - 0x00007ffcefcfc000 	C:\Windows\system32\opengl32.dll
0x00007ffcf15b0000 - 0x00007ffcf15dd000 	C:\Windows\SYSTEM32\GLU32.dll
0x00007ffd84930000 - 0x00007ffd84977000 	C:\Windows\SYSTEM32\dxcore.dll
0x00007ffd89870000 - 0x00007ffd89918000 	C:\Windows\System32\clbcatq.dll
0x00007ffd82f60000 - 0x00007ffd8318e000 	C:\Windows\SYSTEM32\WindowsCodecs.dll
0x00007ffd5d3a0000 - 0x00007ffd5d3fa000 	C:\Windows\system32\dataexchange.dll
0x00007ffd7b840000 - 0x00007ffd7ba7b000 	C:\Windows\system32\twinapi.appcore.dll
0x00007ffd85dd0000 - 0x00007ffd85ef5000 	C:\Windows\SYSTEM32\DNSAPI.dll
0x00007ffd85d40000 - 0x00007ffd85d73000 	C:\Windows\SYSTEM32\IPHLPAPI.DLL
0x00007ffd89aa0000 - 0x00007ffd89aaa000 	C:\Windows\System32\NSI.dll
0x00007ffd80990000 - 0x00007ffd8099b000 	C:\Windows\System32\rasadhlp.dll
0x00007ffd7cd60000 - 0x00007ffd7cde5000 	C:\Windows\System32\fwpuclnt.dll
0x00007ffd1dea0000 - 0x00007ffd1dea9000 	C:\Program Files\Java\jdk-24\bin\extnet.dll
0x00007ffd6d8c0000 - 0x00007ffd6da09000 	C:\Windows\SYSTEM32\textinputframework.dll

dbghelp: loaded successfully - version: 4.0.5 - missing functions: none
symbol engine: initialized successfully - sym options: 0x614 - pdb path: .;C:\Program Files\Java\jdk-24\bin;C:\Windows\SYSTEM32;C:\Windows\WinSxS\amd64_microsoft.windows.common-controls_6595b64144ccf1df_6.0.26100.3624_none_3e086962e3345f24;C:\Program Files\Java\jdk-24\bin\server

VM Arguments:
jvm_args: -Dfile.encoding=UTF-8 -agentlib:jdwp=transport=dt_shmem,address=javadebug --module-path=C:\Users\Administrator\Documents\NetBeansProjects\PABaru\PA\build\classes 
java_command: pa.Cashier
java_class_path (initial): D:\Library Netbeans\mysql-connector-j-9.3.0\mysql-connector-j-9.3.0.jar;C:\Program Files\NetBeans-25\netbeans\java\modules\ext\AbsoluteLayout.jar;D:\Library Netbeans\jfreechart-demo-1.5.6-jar-with-dependencies.jar;C:\Users\Administrator\Documents\NetBeansProjects\PABaru\PA\build\classes
Launcher Type: SUN_STANDARD

[Global flags]
     intx CICompilerCount                          = 4                                         {product} {ergonomic}
     uint ConcGCThreads                            = 3                                         {product} {ergonomic}
     uint G1ConcRefinementThreads                  = 10                                        {product} {ergonomic}
   size_t G1HeapRegionSize                         = 2097152                                   {product} {ergonomic}
   size_t InitialHeapSize                          = 268435456                                 {product} {ergonomic}
   size_t MarkStackSize                            = 4194304                                   {product} {ergonomic}
   size_t MarkStackSizeMax                         = 536870912                                 {product} {ergonomic}
   size_t MaxHeapSize                              = 4271898624                                {product} {ergonomic}
   size_t MaxNewSize                               = 2562719744                                {product} {ergonomic}
   size_t MinHeapDeltaBytes                        = 2097152                                   {product} {ergonomic}
   size_t MinHeapSize                              = 8388608                                   {product} {ergonomic}
    uintx NonNMethodCodeHeapSize                   = 5832704                                {pd product} {ergonomic}
    uintx NonProfiledCodeHeapSize                  = 122945536                              {pd product} {ergonomic}
    uintx ProfiledCodeHeapSize                     = 122880000                              {pd product} {ergonomic}
    uintx ReservedCodeCacheSize                    = 251658240                              {pd product} {ergonomic}
     bool SegmentedCodeCache                       = true                                      {product} {ergonomic}
   size_t SoftMaxHeapSize                          = 4271898624                             {manageable} {ergonomic}
     bool UseCompressedOops                        = true                           {product lp64_product} {ergonomic}
     bool UseG1GC                                  = true                                      {product} {ergonomic}
     bool UseLargePagesIndividualAllocation        = false                                  {pd product} {ergonomic}

Logging:
Log output configuration:
 #0: stdout all=warning uptime,level,tags foldmultilines=false
 #1: stderr all=off uptime,level,tags foldmultilines=false

Environment Variables:
PATH=C:\Program Files\Common Files\Oracle\Java\javapath;C:\Program Files (x86)\Common Files\Oracle\Java\java8path;C:\Program Files (x86)\Common Files\Oracle\Java\javapath;C:\Windows\system32;C:\Windows;C:\Windows\System32\Wbem;C:\Windows\System32\WindowsPowerShell\v1.0\;C:\Windows\System32\OpenSSH\;C:\Program Files\NVIDIA Corporation\NVIDIA App\NvDLISR;C:\Program Files (x86)\NVIDIA Corporation\PhysX\Common;C:\Users\Administrator\AppData\Local\Microsoft\WindowsApps;C:\Users\Administrator\AppData\Local\Programs\Microsoft VS Code\bin;
USERNAME=Administrator
OS=Windows_NT
PROCESSOR_IDENTIFIER=Intel64 Family 6 Model 165 Stepping 5, GenuineIntel
TMP=C:\Users\ADMINI~1\AppData\Local\Temp
TEMP=C:\Users\ADMINI~1\AppData\Local\Temp




Periodic native trim disabled

---------------  S Y S T E M  ---------------

OS:
 Windows 11 , 64 bit Build 26100 (10.0.26100.3775)
OS uptime: 0 days 6:08 hours
Hyper-V role detected

CPU: total 12 (initial active 12) (6 cores per cpu, 2 threads per core) family 6 model 165 stepping 5 microcode 0xe2, cx8, cmov, fxsr, ht, mmx, 3dnowpref, sse, sse2, sse3, ssse3, sse4.1, sse4.2, popcnt, lzcnt, tsc, tscinvbit, avx, avx2, aes, erms, clmul, bmi1, bmi2, adx, fma, vzeroupper, clflush, clflushopt, hv, rdtscp, f16c
Processor Information for the first 12 processors :
  Max Mhz: 2904, Current Mhz: 2904, Mhz Limit: 2904

Memory: 4k page, system-wide physical 16294M (6574M free)
TotalPageFile size 30118M (AvailPageFile size 13352M)
current process WorkingSet (physical memory assigned to process): 114M, peak: 120M
current process commit charge ("private bytes"): 379M, peak: 385M

vm_info: Java HotSpot(TM) 64-Bit Server VM (24+36-3646) for windows-amd64 JRE (24+36-3646), built on 2025-02-06T00:20:43Z with MS VC++ 17.6 (VS2022)

END.
