#
# A fatal error has been detected by the Java Runtime Environment:
#
#  EXCEPTION_ACCESS_VIOLATION (0xc0000005) at pc=0x00007ffcd45ca9a9, pid=16584, tid=21884
#
# JRE version: Java(TM) SE Runtime Environment (24.0+36) (build 24+36-3646)
# Java VM: Java HotSpot(TM) 64-Bit Server VM (24+36-3646, mixed mode, sharing, tiered, compressed oops, compressed class ptrs, g1 gc, windows-amd64)
# Problematic frame:
# C  [awt.dll+0xda9a9]
#
# No core dump will be written. Minidumps are not enabled by default on client versions of Windows
#
# If you would like to submit a bug report, please visit:
#   https://bugreport.java.com/bugreport/crash.jsp
# The crash happened outside the Java Virtual Machine in native code.
# See problematic frame for where to report the bug.
#

---------------  S U M M A R Y ------------

Command Line: -Dfile.encoding=UTF-8 --module-path=C:\Users\Administrator\Documents\NetBeansProjects\PABaru\PA\build\classes pa.Cashier

Host: Intel(R) Core(TM) i5-10400F CPU @ 2.90GHz, 12 cores, 15G,  Windows 11 , 64 bit Build 26100 (10.0.26100.3775)
Time: Sun Jun 22 13:03:40 2025 SE Asia Standard Time elapsed time: 907.594156 seconds (0d 0h 15m 7s)

---------------  T H R E A D  ---------------

Current thread (0x000002b554a2d1c0):  JavaThread "AWT-EventQueue-0"        [_thread_in_native, id=21884, stack(0x000000f5d7800000,0x000000f5d7900000) (1024K)]

Stack: [0x000000f5d7800000,0x000000f5d7900000],  sp=0x000000f5d78fe9a0,  free space=1018k
Native frames: (J=compiled Java code, j=interpreted, Vv=VM code, C=native code)
C  [awt.dll+0xda9a9]  (no source info available)
C  [awt.dll+0xd9d68]  (no source info available)
C  0x000002b50753ce20  (no source info available)

The last pc belongs to native method entry point (kind = native) (printed below).
Java frames: (J=compiled Java code, j=interpreted, Vv=VM code)
j  sun.awt.Win32GraphicsConfig.getBounds(I)Ljava/awt/Rectangle;+0 java.desktop@24
j  sun.awt.Win32GraphicsConfig.getBounds()Ljava/awt/Rectangle;+8 java.desktop@24
j  sun.awt.Win32GraphicsDevice.displayChanged()V+23 java.desktop@24
j  sun.java2d.d3d.D3DGraphicsDevice.displayChanged()V+1 java.desktop@24
j  sun.awt.Win32GraphicsEnvironment.displayChanged()V+271 java.desktop@24
j  sun.awt.windows.WToolkit.lambda$displayChanged$0()V+15 java.desktop@24
j  sun.awt.windows.WToolkit$$Lambda+0x000002b510134040.run()V+0 java.desktop@24
j  java.awt.event.InvocationEvent.dispatch()V+47 java.desktop@24
j  java.awt.EventQueue.dispatchEventImpl(Ljava/awt/AWTEvent;Ljava/lang/Object;)V+21 java.desktop@24
j  java.awt.EventQueue.dispatchEvent(Ljava/awt/AWTEvent;)V+22 java.desktop@24
j  java.awt.EventDispatchThread.pumpOneEventForFilters(I)V+81 java.desktop@24
j  java.awt.EventDispatchThread.pumpEventsForFilter(ILjava/awt/Conditional;Ljava/awt/EventFilter;)V+35 java.desktop@24
j  java.awt.EventDispatchThread.pumpEventsForHierarchy(ILjava/awt/Conditional;Ljava/awt/Component;)V+11 java.desktop@24
j  java.awt.EventDispatchThread.pumpEvents(ILjava/awt/Conditional;)V+4 java.desktop@24
j  java.awt.EventDispatchThread.pumpEvents(Ljava/awt/Conditional;)V+3 java.desktop@24
j  java.awt.EventDispatchThread.run()V+9 java.desktop@24
v  ~StubRoutines::call_stub 0x000002b507530fcd

siginfo: EXCEPTION_ACCESS_VIOLATION (0xc0000005), reading address 0x0000000000000028


Registers:
RAX=0x0000000000000000, RBX=0x000002b555d9f850, RCX=0x0000000000000000, RDX=0x0000000000000000
RSP=0x000000f5d78fe9a0, RBP=0x0000000000000000, RSI=0x0000000000000000, RDI=0x0000000000000000
R8 =0x0000000000000001, R9 =0x000000f5d5c76000, R10=0x000002b554a69030, R11=0x000002b550564908
R12=0x0000000000000000, R13=0x000002b5546d7e60, R14=0x000002b554337270, R15=0x0000000000000000
RIP=0x00007ffcd45ca9a9, EFLAGS=0x0000000000010246

XMM[0]=0x0000000000000000 0x0000000000000000
XMM[1]=0x0000000000000000 0x000000f5d78fea70
XMM[2]=0x0000000000000021 0x000002b5540c7ae8
XMM[3]=0x00007ffd27ab2574 0x000000000000000b
XMM[4]=0x0000000000000000 0x0000000000000000
XMM[5]=0x000002b554a2d1c0 0x000002b554374601
XMM[6]=0x0000000000000000 0x0000000000000063
XMM[7]=0x0000000000000000 0x0000000000000070
XMM[8]=0x0000000000000000 0x0000000000000061
XMM[9]=0x0000000000000000 0x000000000000004e
XMM[10]=0x0000000000000000 0x0000000000000000
XMM[11]=0x0000000000000000 0x0000000000000000
XMM[12]=0x0000000000000000 0x0000000000000000
XMM[13]=0x0000000000000000 0x0000000000000000
XMM[14]=0x0000000000000000 0x0000000000000000
XMM[15]=0x0000000000000000 0x0000000000000000
  MXCSR=0x00001fa0


Register to memory mapping:

RAX=0x0 is null
RBX=0x000002b555d9f850 points into unknown readable memory: 0x000002b554a1e210 | 10 e2 a1 54 b5 02 00 00
RCX=0x0 is null
RDX=0x0 is null
RSP=0x000000f5d78fe9a0 is pointing into the stack for thread: 0x000002b554a2d1c0
RBP=0x0 is null
RSI=0x0 is null
RDI=0x0 is null
R8 =0x0000000000000001 is an unknown value
R9 =0x000000f5d5c76000 points into unknown readable memory: 0x0000000000000000 | 00 00 00 00 00 00 00 00
R10=0x000002b554a69030 points into unknown readable memory: 0x0000004000000003 | 03 00 00 00 40 00 00 00
R11={method} {0x000002b550564910} '<init>' '(IIII)V' in 'java/awt/Rectangle'
R12=0x0 is null
R13=0x000002b5546d7e60 points into unknown readable memory: 0x000002b550564908 | 08 49 56 50 b5 02 00 00
R14=0x000002b554337270 points into unknown readable memory: 0x0000000710da18a8 | a8 18 da 10 07 00 00 00
R15=0x0 is null

Top of Stack: (sp=0x000000f5d78fe9a0)
0x000000f5d78fe9a0:   00007ffcd4627838 000002b555d9f850   8xb.....P..U....
0x000000f5d78fe9b0:   000002b554a2d588 000002b555d9f850   ...T....P..U....
0x000000f5d78fe9c0:   000002b554a2d588 00007ffcd45c9d68   ...T....h.\.....
0x000000f5d78fe9d0:   000002b555d9f850 000002b555d9f850   P..U....P..U....
0x000000f5d78fe9e0:   00000000000000fa 000002b554a2d588   ...........T....
0x000000f5d78fe9f0:   0000000710b32b30 000002b550454f60   0+......`OEP....
0x000000f5d78fea00:   0000000000000000 000000f5d78fea20   ........ .......
0x000000f5d78fea10:   0000000000000000 0000000000000000   ................
0x000000f5d78fea20:   000089541efd05dd 0000000710b30d10   ....T...........
0x000000f5d78fea30:   000002b554a2d1c0 000000f5d78feb18   ...T............
0x000000f5d78fea40:   000002b5504557d8 0000000000000000   .WEP............
0x000000f5d78fea50:   0000000000000120 00000000000000fa    ...............
0x000000f5d78fea60:   000000f5d78feaf0 000002b50753ce20   ........ .S.....
0x000000f5d78fea70:   000002b550454e70 000002b5504557d8   pNEP.....WEP....
0x000000f5d78fea80:   000000f5d78fea98 000000f5d78feaf8   ................
0x000000f5d78fea90:   000002b50753899a 0000000000000000   ..S.............
0x000000f5d78feaa0:   000000070ff3e4f8 fffffffffffffff7   ................
0x000000f5d78feab0:   0000000000000000 0000000000000005   ................
0x000000f5d78feac0:   000002b5504582f0 0000000000000000   ..EP............
0x000000f5d78fead0:   0000000710b32b30 000002b5504557d8   0+.......WEP....
0x000000f5d78feae0:   0000000000000000 000000f5d78feb10   ................
0x000000f5d78feaf0:   000000f5d78feb68 000002b50753899a   h.........S.....
0x000000f5d78feb00:   0000000000000000 000002b50753a43a   ........:.S.....
0x000000f5d78feb10:   0000000000000000 000000070ff3e4f8   ................
0x000000f5d78feb20:   fffffffffffffff7 000002b550455880   .........XEP....
0x000000f5d78feb30:   0000000000000002 000002b5504582f0   ..........EP....
0x000000f5d78feb40:   0000000000000000 0000000710b32b30   ........0+......
0x000000f5d78feb50:   000002b550455898 fffffffffffffff5   .XEP............
0x000000f5d78feb60:   000000f5d78feb78 000000f5d78febc8   x...............
0x000000f5d78feb70:   000002b50753899a 000000070ff3e4f8   ..S.............
0x000000f5d78feb80:   fffffffffffffff7 000002b5504e8917   ..........NP....
0x000000f5d78feb90:   0000000000000003 000002b5504ea098   ..........NP....

Instructions: (pc=0x00007ffcd45ca9a9)
  0x00007ffcd45ca8a9:   cc cc cc cc cc cc cc 48 89 5c 24 08 48 89 6c 24
  0x00007ffcd45ca8b9:   10 48 89 74 24 18 57 48 83 ec 20 41 8b f8 0f b6
  0x00007ffcd45ca8c9:   f2 48 8b e9 e8 ce d3 f4 ff 48 8b d8 48 89 44 24
  0x00007ffcd45ca8d9:   48 41 b8 01 00 00 00 8b d7 48 8b c8 e8 36 d3 f4
  0x00007ffcd45ca8e9:   ff 48 8b c8 44 0f b6 c6 48 8b d5 e8 97 fa ff ff
  0x00007ffcd45ca8f9:   48 8b f8 48 8b cb e8 5c d5 f4 ff 90 48 8b c7 48
  0x00007ffcd45ca909:   8b 5c 24 30 48 8b 6c 24 38 48 8b 74 24 40 48 83
  0x00007ffcd45ca919:   c4 20 5f c3 cc cc cc 48 8b 49 28 e9 07 07 00 00
  0x00007ffcd45ca929:   cc cc cc cc cc cc cc 48 89 5c 24 08 57 48 83 ec
  0x00007ffcd45ca939:   20 8b f9 e8 5f d3 f4 ff 48 8b d8 48 89 44 24 38
  0x00007ffcd45ca949:   41 b8 01 00 00 00 8b d7 48 8b c8 e8 c7 d2 f4 ff
  0x00007ffcd45ca959:   48 8b 08 8b 39 48 8b cb e8 fa d4 f4 ff 90 8b c7
  0x00007ffcd45ca969:   48 8b 5c 24 30 48 83 c4 20 5f c3 cc cc cc cc cc
  0x00007ffcd45ca979:   cc cc cc cc cc cc cc 48 89 5c 24 08 57 48 83 ec
  0x00007ffcd45ca989:   20 8b f9 e8 0f d3 f4 ff 48 8b d8 48 89 44 24 38
  0x00007ffcd45ca999:   41 b8 01 00 00 00 8b d7 48 8b c8 e8 77 d2 f4 ff
=>0x00007ffcd45ca9a9:   48 8b 78 28 48 8b cb e8 ab d4 f4 ff 90 48 8b c7
  0x00007ffcd45ca9b9:   48 8b 5c 24 30 48 83 c4 20 5f c3 cc cc cc cc cc
  0x00007ffcd45ca9c9:   cc cc cc cc cc cc cc 48 89 5c 24 08 57 48 83 ec
  0x00007ffcd45ca9d9:   20 8b f9 e8 bf d2 f4 ff 48 8b d8 48 89 44 24 38
  0x00007ffcd45ca9e9:   41 b8 01 00 00 00 8b d7 48 8b c8 e8 27 d2 f4 ff
  0x00007ffcd45ca9f9:   48 8b 78 30 48 8b cb e8 5b d4 f4 ff 90 48 8b c7
  0x00007ffcd45caa09:   48 8b 5c 24 30 48 83 c4 20 5f c3 cc cc cc cc cc
  0x00007ffcd45caa19:   cc cc cc cc cc cc cc 48 89 5c 24 08 57 48 83 ec
  0x00007ffcd45caa29:   20 8b f9 e8 6f d2 f4 ff 48 8b d8 48 89 44 24 38
  0x00007ffcd45caa39:   41 b8 01 00 00 00 8b d7 48 8b c8 e8 d7 d1 f4 ff
  0x00007ffcd45caa49:   48 8b 78 08 48 85 ff 74 07 48 8b bf 08 0c 00 00
  0x00007ffcd45caa59:   48 8b cb e8 ff d3 f4 ff 90 48 8b c7 48 8b 5c 24
  0x00007ffcd45caa69:   30 48 83 c4 20 5f c3 f3 0f 10 41 48 c3 cc cc cc
  0x00007ffcd45caa79:   cc cc cc cc cc cc cc f3 0f 10 41 4c c3 cc cc cc
  0x00007ffcd45caa89:   cc cc cc cc cc cc cc 48 89 5c 24 10 48 89 74 24
  0x00007ffcd45caa99:   18 55 57 41 56 48 8d 6c 24 e0 48 81 ec 20 01 00


Stack slot to memory mapping:

stack at sp + 0 slots: 0x00007ffcd4627838 awt.dll
stack at sp + 1 slots: 0x000002b555d9f850 points into unknown readable memory: 0x000002b554a1e210 | 10 e2 a1 54 b5 02 00 00
stack at sp + 2 slots: 0x000002b554a2d588 points into unknown readable memory: 0x00007ffcc78117b0 | b0 17 81 c7 fc 7f 00 00
stack at sp + 3 slots: 0x000002b555d9f850 points into unknown readable memory: 0x000002b554a1e210 | 10 e2 a1 54 b5 02 00 00
stack at sp + 4 slots: 0x000002b554a2d588 points into unknown readable memory: 0x00007ffcc78117b0 | b0 17 81 c7 fc 7f 00 00
stack at sp + 5 slots: 0x00007ffcd45c9d68 awt.dll
stack at sp + 6 slots: 0x000002b555d9f850 points into unknown readable memory: 0x000002b554a1e210 | 10 e2 a1 54 b5 02 00 00
stack at sp + 7 slots: 0x000002b555d9f850 points into unknown readable memory: 0x000002b554a1e210 | 10 e2 a1 54 b5 02 00 00

Lock stack of current Java thread (top to bottom):

native method entry point (kind = native)  [0x000002b50753ca40, 0x000002b50753d478]  2616 bytes
[MachCode]
  0x000002b50753ca40: 488b 4b08 | 0fb7 492e | 584c 8d74 | ccf8 6800 | 0000 0068 | 0000 0000 | 5055 488b | ec41 5568 
  0x000002b50753ca60: 0000 0000 | 4c8b 6b08 | 4d8d 6d38 | 5348 8b53 | 0848 8b52 | 0848 8b52 | 1848 8b52 | 7048 8b12 
  0x000002b50753ca80: 5248 8b53 | 1048 85d2 | 0f84 0700 | 0000 4881 | c208 0100 | 0052 488b | 5308 488b | 5208 488b 
  0x000002b50753caa0: 5210 5249 | 8bc6 482b | c548 c1e8 | 0350 6800 | 0000 0068 | f7ff ffff | 41c6 8771 | 0400 0001 
  0x000002b50753cac0: 488b 4310 | 4885 c074 | 208b 88cc | 0000 0083 | c102 8988 | cc00 0000 | 2388 e000 | 0000 0f84 
  0x000002b50753cae0: e408 0000 | e9cd 0000 | 0048 8b43 | 1848 85c0 | 0f85 b000 | 0000 e805 | 0000 00e9 | 9900 0000 
  0x000002b50753cb00: 488b d348 | 8d44 2408 | 4c89 6dc0 | 498b cfc5 | f877 4989 | afb8 0300 | 0049 8987 | a803 0000 
  0x000002b50753cb20: 4883 ec20 | 40f6 c40f | 0f84 1900 | 0000 4883 | ec08 48b8 | 0031 ffc6 | fc7f 0000 | ffd0 4883 
  0x000002b50753cb40: c408 e90c | 0000 0048 | b800 31ff | c6fc 7f00 | 00ff d048 | 83c4 2049 | c787 a803 | 0000 0000 
  0x000002b50753cb60: 0000 49c7 | 87b8 0300 | 0000 0000 | 0049 c787 | b003 0000 | 0000 0000 | c5f8 7749 | 837f 0800 
  0x000002b50753cb80: 0f84 0500 | 0000 e935 | 43ff ff4c | 8b6d c04c | 8b75 c84e | 8d74 f500 | c348 8b43 | 1848 85c0 
  0x000002b50753cba0: 0f84 1000 | 0000 8b08 | 83c1 0289 | 0823 4814 | 0f84 1208 | 0000 493b | a7f0 0400 | 000f 8748 
  0x000002b50753cbc0: 0000 0089 | 8424 00f0 | ffff 8984 | 2400 e0ff | ff89 8424 | 00d0 ffff | 8984 2400 | c0ff ff89 
  0x000002b50753cbe0: 8424 00b0 | ffff 8984 | 2400 a0ff | ff89 8424 | 0090 ffff | 8984 2400 | 80ff ff49 | 3ba7 e804 
  0x000002b50753cc00: 0000 7607 | 4989 a7f0 | 0400 0041 | c687 7104 | 0000 0048 | 8b5d e84c | 8b5b 0845 | 0fb7 5b2e 
  0x000002b50753cc20: 41c1 e303 | 492b e348 | 83ec 2048 | 83e4 f04c | 8b5b 604d | 85db 0f85 | ab00 0000 | e805 0000 
  0x000002b50753cc40: 00e9 9900 | 0000 488b | d348 8d44 | 2408 4c89 | 6dc0 498b | cfc5 f877 | 4989 afb8 | 0300 0049 
  0x000002b50753cc60: 8987 a803 | 0000 4883 | ec20 40f6 | c40f 0f84 | 1900 0000 | 4883 ec08 | 48b8 405b | ffc6 fc7f 
  0x000002b50753cc80: 0000 ffd0 | 4883 c408 | e90c 0000 | 0048 b840 | 5bff c6fc | 7f00 00ff | d048 83c4 | 2049 c787 
  0x000002b50753cca0: a803 0000 | 0000 0000 | 49c7 87b8 | 0300 0000 | 0000 0049 | c787 b003 | 0000 0000 | 0000 c5f8 
  0x000002b50753ccc0: 7749 837f | 0800 0f84 | 0500 0000 | e9ef 41ff | ff4c 8b6d | c04c 8b75 | c84e 8d74 | f500 c348 
  0x000002b50753cce0: 8b5d e84c | 8b5b 6041 | ffd3 488b | 5de8 4889 | 4518 448b | 5b28 41f6 | c308 0f84 | 1b00 0000 
  0x000002b50753cd00: 4c8b 5b08 | 4d8b 5b08 | 4d8b 5b18 | 4d8b 5b70 | 4d8b 1b4c | 895d 1048 | 8d55 1048 | 8b43 5849 
  0x000002b50753cd20: bad0 7138 | c7fc 7f00 | 0049 3bc2 | 0f85 ab00 | 0000 e805 | 0000 00e9 | 9900 0000 | 488b d348 
  0x000002b50753cd40: 8d44 2408 | 4c89 6dc0 | 498b cfc5 | f877 4989 | afb8 0300 | 0049 8987 | a803 0000 | 4883 ec20 
  0x000002b50753cd60: 40f6 c40f | 0f84 1900 | 0000 4883 | ec08 48b8 | 405b ffc6 | fc7f 0000 | ffd0 4883 | c408 e90c 
  0x000002b50753cd80: 0000 0048 | b840 5bff | c6fc 7f00 | 00ff d048 | 83c4 2049 | c787 a803 | 0000 0000 | 0000 49c7 
  0x000002b50753cda0: 87b8 0300 | 0000 0000 | 0049 c787 | b003 0000 | 0000 0000 | c5f8 7749 | 837f 0800 | 0f84 0500 
  0x000002b50753cdc0: 0000 e9f9 | 40ff ff4c | 8b6d c04c | 8b75 c84e | 8d74 f500 | c348 8b5d | e848 8b43 | 5849 8d8f 
  0x000002b50753cde0: c803 0000 | 4c8d 15d5 | 0000 004d | 8997 b003 | 0000 c5f8 | 7749 89af | b803 0000 | 4989 a7a8 
  0x000002b50753ce00: 0300 0041 | c787 5404 | 0000 0400 | 0000 493b | a748 0500 | 0076 0749 | 89a7 4805 | 0000 ffd0 
  0x000002b50753ce20: 493b a748 | 0500 0072 | 0b49 c787 | 4805 0000 | 0000 0000 | c5f8 7748 | 83ec 10c5 | fb11 0424 
  0x000002b50753ce40: 4883 ec10 | 4889 0424 | 48c7 4424 | 0800 0000 | 0041 c787 | 5404 0000 | 0500 0000 | f083 4424 
  0x000002b50753ce60: c000 493b | 6f28 0f87 | 0e00 0000 | 4183 bf50 | 0400 0000 | 0f84 2000 | 0000 498b | cf4c 8be4 
  0x000002b50753ce80: 4883 ec20 | 4883 e4f0 | 48b8 c0ba | 00c7 fc7f | 0000 ffd0 | 498b e44d | 33e4 41c7 | 8754 0400 
  0x000002b50753cea0: 0008 0000 | 004d 8b97 | 7005 0000 | 4983 fa00 | 7435 49c7 | 8770 0500 | 0000 0000 | 0041 ffe2 
  0x000002b50753cec0: 49ba 00bb | 5307 b502 | 0000 41ff | d248 83ec | 10c5 fb11 | 0424 4883 | ec10 4889 | 0424 48c7 
  0x000002b50753cee0: 4424 0800 | 0000 0049 | c787 a803 | 0000 0000 | 0000 49c7 | 87b8 0300 | 0000 0000 | 0049 c787 
  0x000002b50753cf00: b003 0000 | 0000 0000 | c5f8 774d | 8b9f 3804 | 0000 41c7 | 8300 0100 | 0000 0000 | 0049 bb3a 
  0x000002b50753cf20: a453 07b5 | 0200 004c | 3b5d 180f | 8555 0100 | 0048 8b04 | 2448 83c4 | 1048 85c0 | 0f84 2f01 
  0x000002b50753cf40: 0000 a803 | 0f85 0800 | 0000 488b | 00e9 1f01 | 0000 a801 | 0f85 0900 | 0000 488b | 40fe e90e 
  0x000002b50753cf60: 0100 0048 | 8b40 ff41 | 807f 4800 | 0f84 ff00 | 0000 4883 | f800 0f84 | f500 0000 | 4d8b 5f38 
  0x000002b50753cf80: 4d85 db0f | 8414 0000 | 0049 83eb | 084d 895f | 384d 035f | 4049 8903 | e9d4 0000 | 0048 83ec 
  0x000002b50753cfa0: 7048 8904 | 2448 894c | 2408 4889 | 5424 104c | 8944 2418 | 4c89 4c24 | 204c 8954 | 2428 4c89 
  0x000002b50753cfc0: 5c24 30c5 | fb11 4424 | 40c5 fb11 | 4c24 48c5 | fb11 5424 | 50c5 fb11 | 5c24 58c5 | fb11 6424 
  0x000002b50753cfe0: 60c5 fb11 | 6c24 6849 | 8bd7 488b | c848 83ec | 2040 f6c4 | 0f0f 8419 | 0000 0048 | 83ec 0848 
  0x000002b50753d000: b830 4af3 | c6fc 7f00 | 00ff d048 | 83c4 08e9 | 0c00 0000 | 48b8 304a | f3c6 fc7f | 0000 ffd0 
  0x000002b50753d020: 4883 c420 | c5fb 106c | 2468 c5fb | 1064 2460 | c5fb 105c | 2458 c5fb | 1054 2450 | c5fb 104c 
  0x000002b50753d040: 2448 c5fb | 1044 2440 | 4c8b 5c24 | 304c 8b54 | 2428 4c8b | 4c24 204c | 8b44 2418 | 488b 5424 
  0x000002b50753d060: 1048 8b4c | 2408 488b | 0424 4883 | c470 c5f8 | 7748 8945 | 1048 83ec | 1048 8904 | 2448 c744 
  0x000002b50753d080: 2408 0000 | 0000 4183 | bfd0 0400 | 0002 0f85 | bf00 0000 | 4881 ec80 | 0000 0048 | 8944 2478 
  0x000002b50753d0a0: 4889 4c24 | 7048 8954 | 2468 4889 | 5c24 6048 | 896c 2450 | 4889 7424 | 4848 897c | 2440 4c89 
  0x000002b50753d0c0: 4424 384c | 894c 2430 | 4c89 5424 | 284c 895c | 2420 4c89 | 6424 184c | 896c 2410 | 4c89 7424 
  0x000002b50753d0e0: 084c 893c | 244c 8be4 | 4883 ec20 | 4883 e4f0 | 48b8 6058 | 38c7 fc7f | 0000 ffd0 | 498b e44c 
  0x000002b50753d100: 8b3c 244c | 8b74 2408 | 4c8b 6c24 | 104c 8b64 | 2418 4c8b | 5c24 204c | 8b54 2428 | 4c8b 4c24 
  0x000002b50753d120: 304c 8b44 | 2438 488b | 7c24 4048 | 8b74 2448 | 488b 6c24 | 5048 8b5c | 2460 488b | 5424 6848 
  0x000002b50753d140: 8b4c 2470 | 488b 4424 | 7848 81c4 | 8000 0000 | 4d33 e448 | 8b5d e84c | 8b6b 084d | 8d6d 3849 
  0x000002b50753d160: 837f 0800 | 0f84 bb00 | 0000 e805 | 0000 00e9 | 9600 0000 | 488d 4424 | 084c 896d | c049 8bcf 
  0x000002b50753d180: c5f8 7749 | 89af b803 | 0000 4989 | 87a8 0300 | 0048 83ec | 2040 f6c4 | 0f0f 8419 | 0000 0048 
  0x000002b50753d1a0: 83ec 0848 | b8e0 79ff | c6fc 7f00 | 00ff d048 | 83c4 08e9 | 0c00 0000 | 48b8 e079 | ffc6 fc7f 
  0x000002b50753d1c0: 0000 ffd0 | 4883 c420 | 49c7 87a8 | 0300 0000 | 0000 0049 | c787 b803 | 0000 0000 | 0000 49c7 
  0x000002b50753d1e0: 87b0 0300 | 0000 0000 | 00c5 f877 | 4983 7f08 | 000f 8405 | 0000 00e9 | c43c ffff | 4c8b 6dc0 
  0x000002b50753d200: 4c8b 75c8 | 4e8d 74f5 | 00c3 48b9 | f8eb 5ec7 | fc7f 0000 | 4883 e4f0 | 48b8 b0a9 | 25c7 fc7f 
  0x000002b50753d220: 0000 ffd0 | f444 8b5b | 2841 f6c3 | 200f 8472 | 0100 0048 | 8d55 a84c | 8b5a 084d | 85db 0f85 
  0x000002b50753d240: bb00 0000 | e805 0000 | 00e9 9600 | 0000 488d | 4424 084c | 896d c049 | 8bcf c5f8 | 7749 89af 
  0x000002b50753d260: b803 0000 | 4989 87a8 | 0300 0048 | 83ec 2040 | f6c4 0f0f | 8419 0000 | 0048 83ec | 0848 b810 
  0x000002b50753d280: 79ff c6fc | 7f00 00ff | d048 83c4 | 08e9 0c00 | 0000 48b8 | 1079 ffc6 | fc7f 0000 | ffd0 4883 
  0x000002b50753d2a0: c420 49c7 | 87a8 0300 | 0000 0000 | 0049 c787 | b803 0000 | 0000 0000 | 49c7 87b0 | 0300 0000 
  0x000002b50753d2c0: 0000 00c5 | f877 4983 | 7f08 000f | 8405 0000 | 00e9 ea3b | ffff 4c8b | 6dc0 4c8b | 75c8 4e8d 
  0x000002b50753d2e0: 74f5 00c3 | 48b9 f8eb | 5ec7 fc7f | 0000 4883 | e4f0 48b8 | b0a9 25c7 | fc7f 0000 | ffd0 f44c 
  0x000002b50753d300: 896d c04c | 8b4a 0848 | c742 0800 | 0000 0045 | 8b87 5806 | 0000 4f3b | 4c07 f80f | 8542 0000 
  0x000002b50753d320: 0041 83af | 5806 0000 | 084f 3b4c | 07f0 0f84 | 2a00 0000 | 498b 01a8 | 020f 8512 | 0000 004c 
  0x000002b50753d340: 8bc0 4983 | c801 f04d | 0fb1 010f | 840d 0000 | 0041 8387 | 5806 0000 | 08e9 0500 | 0000 e93e 
  0x000002b50753d360: 0000 004c | 894a 0848 | 8bca 4883 | ec20 40f6 | c40f 0f84 | 1900 0000 | 4883 ec08 | 48b8 304b 
  0x000002b50753d380: ffc6 fc7f | 0000 ffd0 | 4883 c408 | e90c 0000 | 0048 b830 | 4bff c6fc | 7f00 00ff | d048 83c4 
  0x000002b50753d3a0: 204c 8b6d | c048 8b04 | 2448 83c4 | 10c5 fb10 | 0424 4883 | c410 4c8b | 5d18 41ff | d34c 8b5d 
  0x000002b50753d3c0: f8c9 5f49 | 8be3 ffe7 | ba00 0000 | 00e8 0500 | 0000 e996 | 0000 0048 | 8d44 2408 | 4c89 6dc0 
  0x000002b50753d3e0: 498b cfc5 | f877 4989 | afb8 0300 | 0049 8987 | a803 0000 | 4883 ec20 | 40f6 c40f | 0f84 1900 
  0x000002b50753d400: 0000 4883 | ec08 48b8 | d03f ffc6 | fc7f 0000 | ffd0 4883 | c408 e90c | 0000 0048 | b8d0 3fff 
  0x000002b50753d420: c6fc 7f00 | 00ff d048 | 83c4 2049 | c787 a803 | 0000 0000 | 0000 49c7 | 87b8 0300 | 0000 0000 
  0x000002b50753d440: 0049 c787 | b003 0000 | 0000 0000 | c5f8 7749 | 837f 0800 | 0f84 0500 | 0000 e961 | 3aff ff4c 
  0x000002b50753d460: 8b6d c04c | 8b75 c84e | 8d74 f500 | c348 8b5d | e8e9 40f7 | ffff 6690 
[/MachCode]

---------------  P R O C E S S  ---------------

Threads class SMR info:
_java_thread_list=0x000002b555f33030, length=16, elements={
0x000002b57ce6ed80, 0x000002b57ce6f6c0, 0x000002b554018420, 0x000002b554018f50,
0x000002b57ce76d90, 0x000002b57ce77880, 0x000002b554019fa0, 0x000002b55401cb30,
0x000002b5540d9540, 0x000002b5542001b0, 0x000002b554612750, 0x000002b55438f8a0,
0x000002b554a01410, 0x000002b554a2d1c0, 0x000002b56a62bed0, 0x000002b555da1b80
}

Java Threads: ( => current thread )
  0x000002b57ce6ed80 JavaThread "Reference Handler"          daemon [_thread_blocked, id=23752, stack(0x000000f5d6a00000,0x000000f5d6b00000) (1024K)]
  0x000002b57ce6f6c0 JavaThread "Finalizer"                  daemon [_thread_blocked, id=1684, stack(0x000000f5d6b00000,0x000000f5d6c00000) (1024K)]
  0x000002b554018420 JavaThread "Signal Dispatcher"          daemon [_thread_blocked, id=22684, stack(0x000000f5d6c00000,0x000000f5d6d00000) (1024K)]
  0x000002b554018f50 JavaThread "Attach Listener"            daemon [_thread_blocked, id=22216, stack(0x000000f5d6d00000,0x000000f5d6e00000) (1024K)]
  0x000002b57ce76d90 JavaThread "Service Thread"             daemon [_thread_blocked, id=21224, stack(0x000000f5d6e00000,0x000000f5d6f00000) (1024K)]
  0x000002b57ce77880 JavaThread "Monitor Deflation Thread"   daemon [_thread_blocked, id=4020, stack(0x000000f5d6f00000,0x000000f5d7000000) (1024K)]
  0x000002b554019fa0 JavaThread "C2 CompilerThread0"         daemon [_thread_blocked, id=17604, stack(0x000000f5d7000000,0x000000f5d7100000) (1024K)]
  0x000002b55401cb30 JavaThread "C1 CompilerThread0"         daemon [_thread_blocked, id=18592, stack(0x000000f5d7100000,0x000000f5d7200000) (1024K)]
  0x000002b5540d9540 JavaThread "Common-Cleaner"             daemon [_thread_blocked, id=17224, stack(0x000000f5d7200000,0x000000f5d7300000) (1024K)]
  0x000002b5542001b0 JavaThread "Notification Thread"        daemon [_thread_blocked, id=2152, stack(0x000000f5d7400000,0x000000f5d7500000) (1024K)]
  0x000002b554612750 JavaThread "Java2D Disposer"            daemon [_thread_blocked, id=18776, stack(0x000000f5d7500000,0x000000f5d7600000) (1024K)]
  0x000002b55438f8a0 JavaThread "AWT-Shutdown"                      [_thread_blocked, id=5700, stack(0x000000f5d7600000,0x000000f5d7700000) (1024K)]
  0x000002b554a01410 JavaThread "AWT-Windows"                daemon [_thread_in_native, id=7056, stack(0x000000f5d7700000,0x000000f5d7800000) (1024K)]
=>0x000002b554a2d1c0 JavaThread "AWT-EventQueue-0"                  [_thread_in_native, id=21884, stack(0x000000f5d7800000,0x000000f5d7900000) (1024K)]
  0x000002b56a62bed0 JavaThread "DestroyJavaVM"                     [_thread_blocked, id=6480, stack(0x000000f5d6200000,0x000000f5d6300000) (1024K)]
  0x000002b555da1b80 JavaThread "mysql-cj-abandoned-connection-cleanup" daemon [_thread_blocked, id=19996, stack(0x000000f5d7e00000,0x000000f5d7f00000) (1024K)]
Total: 16

Other Threads:
  0x000002b57ce5d0b0 VMThread "VM Thread"                           [id=7312, stack(0x000000f5d6900000,0x000000f5d6a00000) (1024K)]
  0x000002b57ce4c1b0 WatcherThread "VM Periodic Task Thread"        [id=9720, stack(0x000000f5d6800000,0x000000f5d6900000) (1024K)]
  0x000002b56c9ee9d0 WorkerThread "GC Thread#0"                     [id=6068, stack(0x000000f5d6300000,0x000000f5d6400000) (1024K)]
  0x000002b56ca05750 ConcurrentGCThread "G1 Main Marker"            [id=10068, stack(0x000000f5d6400000,0x000000f5d6500000) (1024K)]
  0x000002b56ca06a00 WorkerThread "G1 Conc#0"                       [id=4528, stack(0x000000f5d6500000,0x000000f5d6600000) (1024K)]
  0x000002b57cd184d0 ConcurrentGCThread "G1 Refine#0"               [id=2832, stack(0x000000f5d6600000,0x000000f5d6700000) (1024K)]
  0x000002b57cd19d10 ConcurrentGCThread "G1 Service"                [id=2824, stack(0x000000f5d6700000,0x000000f5d6800000) (1024K)]
Total: 7

Threads with active compile tasks:
Total: 0

VM state: not at safepoint (normal execution)

VM Mutex/Monitor currently owned by a thread: None

Heap address: 0x0000000701600000, size: 4074 MB, Compressed Oops mode: Zero based, Oop shift amount: 3

CDS archive(s) mapped at: [0x000002b50f000000-0x000002b50fd40000-0x000002b50fd40000), size 13893632, SharedBaseAddress: 0x000002b50f000000, ArchiveRelocationMode: 1.
Compressed class space mapped at: 0x000002b510000000-0x000002b550000000, reserved size: 1073741824
UseCompressedClassPointers 1, UseCompactObjectHeaders 0
Narrow klass pointer bits 32, Max shift 3
Narrow klass base: 0x000002b50f000000, Narrow klass shift: 0
Encoding Range: [0x000002b50f000000 - 0x000002b60f000000), (4294967296 bytes)
Klass Range:    [0x000002b50f000000 - 0x000002b550000000), (1090519040 bytes)
Klass ID Range:  [8 - 1090519033) (1090519025)

GC Precious Log:
 CardTable entry size: 512
 Card Set container configuration: InlinePtr #cards 4 size 8 Array Of Cards #cards 16 size 48 Howl #buckets 8 coarsen threshold 3686 Howl Bitmap #cards 512 size 80 coarsen threshold 460 Card regions per heap region 1 cards per card region 4096
 CPUs: 12 total, 12 available
 Memory: 16294M
 Large Page Support: Disabled
 NUMA Support: Disabled
 Compressed Oops: Enabled (Zero based)
 Heap Region Size: 2M
 Heap Min Capacity: 8M
 Heap Initial Capacity: 256M
 Heap Max Capacity: 4074M
 Pre-touch: Disabled
 Parallel Workers: 10
 Concurrent Workers: 3
 Concurrent Refinement Workers: 10
 Periodic GC: Disabled

Heap:
 garbage-first heap   total reserved 4171776K, committed 264192K, used 21620K [0x0000000701600000, 0x0000000800000000)
  region size 2048K, 12 young (24576K), 0 survivors (0K)
 Metaspace       used 13747K, committed 13952K, reserved 1114112K
  class space    used 1355K, committed 1472K, reserved 1048576K

Heap Regions: E=young(eden), S=young(survivor), O=old, HS=humongous(starts), HC=humongous(continues), CS=collection set, F=free, TAMS=top-at-mark-start, PB=parsable bottom
|   0|0x0000000701600000, 0x0000000701600000, 0x0000000701800000|  0%| F|  |TAMS 0x0000000701600000| PB 0x0000000701600000| Untracked |  0
|   1|0x0000000701800000, 0x0000000701800000, 0x0000000701a00000|  0%| F|  |TAMS 0x0000000701800000| PB 0x0000000701800000| Untracked |  0
|   2|0x0000000701a00000, 0x0000000701a00000, 0x0000000701c00000|  0%| F|  |TAMS 0x0000000701a00000| PB 0x0000000701a00000| Untracked |  0
|   3|0x0000000701c00000, 0x0000000701c00000, 0x0000000701e00000|  0%| F|  |TAMS 0x0000000701c00000| PB 0x0000000701c00000| Untracked |  0
|   4|0x0000000701e00000, 0x0000000701e00000, 0x0000000702000000|  0%| F|  |TAMS 0x0000000701e00000| PB 0x0000000701e00000| Untracked |  0
|   5|0x0000000702000000, 0x0000000702000000, 0x0000000702200000|  0%| F|  |TAMS 0x0000000702000000| PB 0x0000000702000000| Untracked |  0
|   6|0x0000000702200000, 0x0000000702200000, 0x0000000702400000|  0%| F|  |TAMS 0x0000000702200000| PB 0x0000000702200000| Untracked |  0
|   7|0x0000000702400000, 0x0000000702400000, 0x0000000702600000|  0%| F|  |TAMS 0x0000000702400000| PB 0x0000000702400000| Untracked |  0
|   8|0x0000000702600000, 0x0000000702600000, 0x0000000702800000|  0%| F|  |TAMS 0x0000000702600000| PB 0x0000000702600000| Untracked |  0
|   9|0x0000000702800000, 0x0000000702800000, 0x0000000702a00000|  0%| F|  |TAMS 0x0000000702800000| PB 0x0000000702800000| Untracked |  0
|  10|0x0000000702a00000, 0x0000000702a00000, 0x0000000702c00000|  0%| F|  |TAMS 0x0000000702a00000| PB 0x0000000702a00000| Untracked |  0
|  11|0x0000000702c00000, 0x0000000702c00000, 0x0000000702e00000|  0%| F|  |TAMS 0x0000000702c00000| PB 0x0000000702c00000| Untracked |  0
|  12|0x0000000702e00000, 0x0000000702e00000, 0x0000000703000000|  0%| F|  |TAMS 0x0000000702e00000| PB 0x0000000702e00000| Untracked |  0
|  13|0x0000000703000000, 0x0000000703000000, 0x0000000703200000|  0%| F|  |TAMS 0x0000000703000000| PB 0x0000000703000000| Untracked |  0
|  14|0x0000000703200000, 0x0000000703200000, 0x0000000703400000|  0%| F|  |TAMS 0x0000000703200000| PB 0x0000000703200000| Untracked |  0
|  15|0x0000000703400000, 0x0000000703400000, 0x0000000703600000|  0%| F|  |TAMS 0x0000000703400000| PB 0x0000000703400000| Untracked |  0
|  16|0x0000000703600000, 0x0000000703600000, 0x0000000703800000|  0%| F|  |TAMS 0x0000000703600000| PB 0x0000000703600000| Untracked |  0
|  17|0x0000000703800000, 0x0000000703800000, 0x0000000703a00000|  0%| F|  |TAMS 0x0000000703800000| PB 0x0000000703800000| Untracked |  0
|  18|0x0000000703a00000, 0x0000000703a00000, 0x0000000703c00000|  0%| F|  |TAMS 0x0000000703a00000| PB 0x0000000703a00000| Untracked |  0
|  19|0x0000000703c00000, 0x0000000703c00000, 0x0000000703e00000|  0%| F|  |TAMS 0x0000000703c00000| PB 0x0000000703c00000| Untracked |  0
|  20|0x0000000703e00000, 0x0000000703e00000, 0x0000000704000000|  0%| F|  |TAMS 0x0000000703e00000| PB 0x0000000703e00000| Untracked |  0
|  21|0x0000000704000000, 0x0000000704000000, 0x0000000704200000|  0%| F|  |TAMS 0x0000000704000000| PB 0x0000000704000000| Untracked |  0
|  22|0x0000000704200000, 0x0000000704200000, 0x0000000704400000|  0%| F|  |TAMS 0x0000000704200000| PB 0x0000000704200000| Untracked |  0
|  23|0x0000000704400000, 0x0000000704400000, 0x0000000704600000|  0%| F|  |TAMS 0x0000000704400000| PB 0x0000000704400000| Untracked |  0
|  24|0x0000000704600000, 0x0000000704600000, 0x0000000704800000|  0%| F|  |TAMS 0x0000000704600000| PB 0x0000000704600000| Untracked |  0
|  25|0x0000000704800000, 0x0000000704800000, 0x0000000704a00000|  0%| F|  |TAMS 0x0000000704800000| PB 0x0000000704800000| Untracked |  0
|  26|0x0000000704a00000, 0x0000000704a00000, 0x0000000704c00000|  0%| F|  |TAMS 0x0000000704a00000| PB 0x0000000704a00000| Untracked |  0
|  27|0x0000000704c00000, 0x0000000704c00000, 0x0000000704e00000|  0%| F|  |TAMS 0x0000000704c00000| PB 0x0000000704c00000| Untracked |  0
|  28|0x0000000704e00000, 0x0000000704e00000, 0x0000000705000000|  0%| F|  |TAMS 0x0000000704e00000| PB 0x0000000704e00000| Untracked |  0
|  29|0x0000000705000000, 0x0000000705000000, 0x0000000705200000|  0%| F|  |TAMS 0x0000000705000000| PB 0x0000000705000000| Untracked |  0
|  30|0x0000000705200000, 0x0000000705200000, 0x0000000705400000|  0%| F|  |TAMS 0x0000000705200000| PB 0x0000000705200000| Untracked |  0
|  31|0x0000000705400000, 0x0000000705400000, 0x0000000705600000|  0%| F|  |TAMS 0x0000000705400000| PB 0x0000000705400000| Untracked |  0
|  32|0x0000000705600000, 0x0000000705600000, 0x0000000705800000|  0%| F|  |TAMS 0x0000000705600000| PB 0x0000000705600000| Untracked |  0
|  33|0x0000000705800000, 0x0000000705800000, 0x0000000705a00000|  0%| F|  |TAMS 0x0000000705800000| PB 0x0000000705800000| Untracked |  0
|  34|0x0000000705a00000, 0x0000000705a00000, 0x0000000705c00000|  0%| F|  |TAMS 0x0000000705a00000| PB 0x0000000705a00000| Untracked |  0
|  35|0x0000000705c00000, 0x0000000705c00000, 0x0000000705e00000|  0%| F|  |TAMS 0x0000000705c00000| PB 0x0000000705c00000| Untracked |  0
|  36|0x0000000705e00000, 0x0000000705e00000, 0x0000000706000000|  0%| F|  |TAMS 0x0000000705e00000| PB 0x0000000705e00000| Untracked |  0
|  37|0x0000000706000000, 0x0000000706000000, 0x0000000706200000|  0%| F|  |TAMS 0x0000000706000000| PB 0x0000000706000000| Untracked |  0
|  38|0x0000000706200000, 0x0000000706200000, 0x0000000706400000|  0%| F|  |TAMS 0x0000000706200000| PB 0x0000000706200000| Untracked |  0
|  39|0x0000000706400000, 0x0000000706400000, 0x0000000706600000|  0%| F|  |TAMS 0x0000000706400000| PB 0x0000000706400000| Untracked |  0
|  40|0x0000000706600000, 0x0000000706600000, 0x0000000706800000|  0%| F|  |TAMS 0x0000000706600000| PB 0x0000000706600000| Untracked |  0
|  41|0x0000000706800000, 0x0000000706800000, 0x0000000706a00000|  0%| F|  |TAMS 0x0000000706800000| PB 0x0000000706800000| Untracked |  0
|  42|0x0000000706a00000, 0x0000000706a00000, 0x0000000706c00000|  0%| F|  |TAMS 0x0000000706a00000| PB 0x0000000706a00000| Untracked |  0
|  43|0x0000000706c00000, 0x0000000706c00000, 0x0000000706e00000|  0%| F|  |TAMS 0x0000000706c00000| PB 0x0000000706c00000| Untracked |  0
|  44|0x0000000706e00000, 0x0000000706e00000, 0x0000000707000000|  0%| F|  |TAMS 0x0000000706e00000| PB 0x0000000706e00000| Untracked |  0
|  45|0x0000000707000000, 0x0000000707000000, 0x0000000707200000|  0%| F|  |TAMS 0x0000000707000000| PB 0x0000000707000000| Untracked |  0
|  46|0x0000000707200000, 0x0000000707200000, 0x0000000707400000|  0%| F|  |TAMS 0x0000000707200000| PB 0x0000000707200000| Untracked |  0
|  47|0x0000000707400000, 0x0000000707400000, 0x0000000707600000|  0%| F|  |TAMS 0x0000000707400000| PB 0x0000000707400000| Untracked |  0
|  48|0x0000000707600000, 0x0000000707600000, 0x0000000707800000|  0%| F|  |TAMS 0x0000000707600000| PB 0x0000000707600000| Untracked |  0
|  49|0x0000000707800000, 0x0000000707800000, 0x0000000707a00000|  0%| F|  |TAMS 0x0000000707800000| PB 0x0000000707800000| Untracked |  0
|  50|0x0000000707a00000, 0x0000000707a00000, 0x0000000707c00000|  0%| F|  |TAMS 0x0000000707a00000| PB 0x0000000707a00000| Untracked |  0
|  51|0x0000000707c00000, 0x0000000707c00000, 0x0000000707e00000|  0%| F|  |TAMS 0x0000000707c00000| PB 0x0000000707c00000| Untracked |  0
|  52|0x0000000707e00000, 0x0000000707e00000, 0x0000000708000000|  0%| F|  |TAMS 0x0000000707e00000| PB 0x0000000707e00000| Untracked |  0
|  53|0x0000000708000000, 0x0000000708000000, 0x0000000708200000|  0%| F|  |TAMS 0x0000000708000000| PB 0x0000000708000000| Untracked |  0
|  54|0x0000000708200000, 0x0000000708200000, 0x0000000708400000|  0%| F|  |TAMS 0x0000000708200000| PB 0x0000000708200000| Untracked |  0
|  55|0x0000000708400000, 0x0000000708400000, 0x0000000708600000|  0%| F|  |TAMS 0x0000000708400000| PB 0x0000000708400000| Untracked |  0
|  56|0x0000000708600000, 0x0000000708600000, 0x0000000708800000|  0%| F|  |TAMS 0x0000000708600000| PB 0x0000000708600000| Untracked |  0
|  57|0x0000000708800000, 0x0000000708800000, 0x0000000708a00000|  0%| F|  |TAMS 0x0000000708800000| PB 0x0000000708800000| Untracked |  0
|  58|0x0000000708a00000, 0x0000000708a00000, 0x0000000708c00000|  0%| F|  |TAMS 0x0000000708a00000| PB 0x0000000708a00000| Untracked |  0
|  59|0x0000000708c00000, 0x0000000708c00000, 0x0000000708e00000|  0%| F|  |TAMS 0x0000000708c00000| PB 0x0000000708c00000| Untracked |  0
|  60|0x0000000708e00000, 0x0000000708e00000, 0x0000000709000000|  0%| F|  |TAMS 0x0000000708e00000| PB 0x0000000708e00000| Untracked |  0
|  61|0x0000000709000000, 0x0000000709000000, 0x0000000709200000|  0%| F|  |TAMS 0x0000000709000000| PB 0x0000000709000000| Untracked |  0
|  62|0x0000000709200000, 0x0000000709200000, 0x0000000709400000|  0%| F|  |TAMS 0x0000000709200000| PB 0x0000000709200000| Untracked |  0
|  63|0x0000000709400000, 0x0000000709400000, 0x0000000709600000|  0%| F|  |TAMS 0x0000000709400000| PB 0x0000000709400000| Untracked |  0
|  64|0x0000000709600000, 0x0000000709600000, 0x0000000709800000|  0%| F|  |TAMS 0x0000000709600000| PB 0x0000000709600000| Untracked |  0
|  65|0x0000000709800000, 0x0000000709800000, 0x0000000709a00000|  0%| F|  |TAMS 0x0000000709800000| PB 0x0000000709800000| Untracked |  0
|  66|0x0000000709a00000, 0x0000000709a00000, 0x0000000709c00000|  0%| F|  |TAMS 0x0000000709a00000| PB 0x0000000709a00000| Untracked |  0
|  67|0x0000000709c00000, 0x0000000709c00000, 0x0000000709e00000|  0%| F|  |TAMS 0x0000000709c00000| PB 0x0000000709c00000| Untracked |  0
|  68|0x0000000709e00000, 0x0000000709e00000, 0x000000070a000000|  0%| F|  |TAMS 0x0000000709e00000| PB 0x0000000709e00000| Untracked |  0
|  69|0x000000070a000000, 0x000000070a000000, 0x000000070a200000|  0%| F|  |TAMS 0x000000070a000000| PB 0x000000070a000000| Untracked |  0
|  70|0x000000070a200000, 0x000000070a200000, 0x000000070a400000|  0%| F|  |TAMS 0x000000070a200000| PB 0x000000070a200000| Untracked |  0
|  71|0x000000070a400000, 0x000000070a400000, 0x000000070a600000|  0%| F|  |TAMS 0x000000070a400000| PB 0x000000070a400000| Untracked |  0
|  72|0x000000070a600000, 0x000000070a600000, 0x000000070a800000|  0%| F|  |TAMS 0x000000070a600000| PB 0x000000070a600000| Untracked |  0
|  73|0x000000070a800000, 0x000000070a800000, 0x000000070aa00000|  0%| F|  |TAMS 0x000000070a800000| PB 0x000000070a800000| Untracked |  0
|  74|0x000000070aa00000, 0x000000070aa00000, 0x000000070ac00000|  0%| F|  |TAMS 0x000000070aa00000| PB 0x000000070aa00000| Untracked |  0
|  75|0x000000070ac00000, 0x000000070ac00000, 0x000000070ae00000|  0%| F|  |TAMS 0x000000070ac00000| PB 0x000000070ac00000| Untracked |  0
|  76|0x000000070ae00000, 0x000000070ae00000, 0x000000070b000000|  0%| F|  |TAMS 0x000000070ae00000| PB 0x000000070ae00000| Untracked |  0
|  77|0x000000070b000000, 0x000000070b000000, 0x000000070b200000|  0%| F|  |TAMS 0x000000070b000000| PB 0x000000070b000000| Untracked |  0
|  78|0x000000070b200000, 0x000000070b200000, 0x000000070b400000|  0%| F|  |TAMS 0x000000070b200000| PB 0x000000070b200000| Untracked |  0
|  79|0x000000070b400000, 0x000000070b400000, 0x000000070b600000|  0%| F|  |TAMS 0x000000070b400000| PB 0x000000070b400000| Untracked |  0
|  80|0x000000070b600000, 0x000000070b600000, 0x000000070b800000|  0%| F|  |TAMS 0x000000070b600000| PB 0x000000070b600000| Untracked |  0
|  81|0x000000070b800000, 0x000000070b800000, 0x000000070ba00000|  0%| F|  |TAMS 0x000000070b800000| PB 0x000000070b800000| Untracked |  0
|  82|0x000000070ba00000, 0x000000070ba00000, 0x000000070bc00000|  0%| F|  |TAMS 0x000000070ba00000| PB 0x000000070ba00000| Untracked |  0
|  83|0x000000070bc00000, 0x000000070bc00000, 0x000000070be00000|  0%| F|  |TAMS 0x000000070bc00000| PB 0x000000070bc00000| Untracked |  0
|  84|0x000000070be00000, 0x000000070be00000, 0x000000070c000000|  0%| F|  |TAMS 0x000000070be00000| PB 0x000000070be00000| Untracked |  0
|  85|0x000000070c000000, 0x000000070c000000, 0x000000070c200000|  0%| F|  |TAMS 0x000000070c000000| PB 0x000000070c000000| Untracked |  0
|  86|0x000000070c200000, 0x000000070c200000, 0x000000070c400000|  0%| F|  |TAMS 0x000000070c200000| PB 0x000000070c200000| Untracked |  0
|  87|0x000000070c400000, 0x000000070c400000, 0x000000070c600000|  0%| F|  |TAMS 0x000000070c400000| PB 0x000000070c400000| Untracked |  0
|  88|0x000000070c600000, 0x000000070c600000, 0x000000070c800000|  0%| F|  |TAMS 0x000000070c600000| PB 0x000000070c600000| Untracked |  0
|  89|0x000000070c800000, 0x000000070c800000, 0x000000070ca00000|  0%| F|  |TAMS 0x000000070c800000| PB 0x000000070c800000| Untracked |  0
|  90|0x000000070ca00000, 0x000000070ca00000, 0x000000070cc00000|  0%| F|  |TAMS 0x000000070ca00000| PB 0x000000070ca00000| Untracked |  0
|  91|0x000000070cc00000, 0x000000070cc00000, 0x000000070ce00000|  0%| F|  |TAMS 0x000000070cc00000| PB 0x000000070cc00000| Untracked |  0
|  92|0x000000070ce00000, 0x000000070ce00000, 0x000000070d000000|  0%| F|  |TAMS 0x000000070ce00000| PB 0x000000070ce00000| Untracked |  0
|  93|0x000000070d000000, 0x000000070d000000, 0x000000070d200000|  0%| F|  |TAMS 0x000000070d000000| PB 0x000000070d000000| Untracked |  0
|  94|0x000000070d200000, 0x000000070d200000, 0x000000070d400000|  0%| F|  |TAMS 0x000000070d200000| PB 0x000000070d200000| Untracked |  0
|  95|0x000000070d400000, 0x000000070d400000, 0x000000070d600000|  0%| F|  |TAMS 0x000000070d400000| PB 0x000000070d400000| Untracked |  0
|  96|0x000000070d600000, 0x000000070d600000, 0x000000070d800000|  0%| F|  |TAMS 0x000000070d600000| PB 0x000000070d600000| Untracked |  0
|  97|0x000000070d800000, 0x000000070d800000, 0x000000070da00000|  0%| F|  |TAMS 0x000000070d800000| PB 0x000000070d800000| Untracked |  0
|  98|0x000000070da00000, 0x000000070da00000, 0x000000070dc00000|  0%| F|  |TAMS 0x000000070da00000| PB 0x000000070da00000| Untracked |  0
|  99|0x000000070dc00000, 0x000000070dc00000, 0x000000070de00000|  0%| F|  |TAMS 0x000000070dc00000| PB 0x000000070dc00000| Untracked |  0
| 100|0x000000070de00000, 0x000000070de00000, 0x000000070e000000|  0%| F|  |TAMS 0x000000070de00000| PB 0x000000070de00000| Untracked |  0
| 101|0x000000070e000000, 0x000000070e000000, 0x000000070e200000|  0%| F|  |TAMS 0x000000070e000000| PB 0x000000070e000000| Untracked |  0
| 102|0x000000070e200000, 0x000000070e200000, 0x000000070e400000|  0%| F|  |TAMS 0x000000070e200000| PB 0x000000070e200000| Untracked |  0
| 103|0x000000070e400000, 0x000000070e400000, 0x000000070e600000|  0%| F|  |TAMS 0x000000070e400000| PB 0x000000070e400000| Untracked |  0
| 104|0x000000070e600000, 0x000000070e600000, 0x000000070e800000|  0%| F|  |TAMS 0x000000070e600000| PB 0x000000070e600000| Untracked |  0
| 105|0x000000070e800000, 0x000000070e800000, 0x000000070ea00000|  0%| F|  |TAMS 0x000000070e800000| PB 0x000000070e800000| Untracked |  0
| 106|0x000000070ea00000, 0x000000070ea00000, 0x000000070ec00000|  0%| F|  |TAMS 0x000000070ea00000| PB 0x000000070ea00000| Untracked |  0
| 107|0x000000070ec00000, 0x000000070ec00000, 0x000000070ee00000|  0%| F|  |TAMS 0x000000070ec00000| PB 0x000000070ec00000| Untracked |  0
| 108|0x000000070ee00000, 0x000000070ee00000, 0x000000070f000000|  0%| F|  |TAMS 0x000000070ee00000| PB 0x000000070ee00000| Untracked |  0
| 109|0x000000070f000000, 0x000000070f000000, 0x000000070f200000|  0%| F|  |TAMS 0x000000070f000000| PB 0x000000070f000000| Untracked |  0
| 110|0x000000070f200000, 0x000000070f200000, 0x000000070f400000|  0%| F|  |TAMS 0x000000070f200000| PB 0x000000070f200000| Untracked |  0
| 111|0x000000070f400000, 0x000000070f400000, 0x000000070f600000|  0%| F|  |TAMS 0x000000070f400000| PB 0x000000070f400000| Untracked |  0
| 112|0x000000070f600000, 0x000000070f600000, 0x000000070f800000|  0%| F|  |TAMS 0x000000070f600000| PB 0x000000070f600000| Untracked |  0
| 113|0x000000070f800000, 0x000000070f800000, 0x000000070fa00000|  0%| F|  |TAMS 0x000000070f800000| PB 0x000000070f800000| Untracked |  0
| 114|0x000000070fa00000, 0x000000070fa00000, 0x000000070fc00000|  0%| F|  |TAMS 0x000000070fa00000| PB 0x000000070fa00000| Untracked |  0
| 115|0x000000070fc00000, 0x000000070fc00000, 0x000000070fe00000|  0%| F|  |TAMS 0x000000070fc00000| PB 0x000000070fc00000| Untracked |  0
| 116|0x000000070fe00000, 0x000000070ffeb888, 0x0000000710000000| 96%| E|  |TAMS 0x000000070fe00000| PB 0x000000070fe00000| Complete |  0
| 117|0x0000000710000000, 0x0000000710200000, 0x0000000710200000|100%| E|CS|TAMS 0x0000000710000000| PB 0x0000000710000000| Complete |  0
| 118|0x0000000710200000, 0x0000000710400000, 0x0000000710400000|100%| E|  |TAMS 0x0000000710200000| PB 0x0000000710200000| Complete |  0
| 119|0x0000000710400000, 0x0000000710600000, 0x0000000710600000|100%| E|CS|TAMS 0x0000000710400000| PB 0x0000000710400000| Complete |  0
| 120|0x0000000710600000, 0x0000000710800000, 0x0000000710800000|100%| E|CS|TAMS 0x0000000710600000| PB 0x0000000710600000| Complete |  0
| 121|0x0000000710800000, 0x0000000710a00000, 0x0000000710a00000|100%| E|CS|TAMS 0x0000000710800000| PB 0x0000000710800000| Complete |  0
| 122|0x0000000710a00000, 0x0000000710c00000, 0x0000000710c00000|100%| E|CS|TAMS 0x0000000710a00000| PB 0x0000000710a00000| Complete |  0
| 123|0x0000000710c00000, 0x0000000710e00000, 0x0000000710e00000|100%| E|CS|TAMS 0x0000000710c00000| PB 0x0000000710c00000| Complete |  0
| 124|0x0000000710e00000, 0x0000000711000000, 0x0000000711000000|100%| E|CS|TAMS 0x0000000710e00000| PB 0x0000000710e00000| Complete |  0
| 125|0x0000000711000000, 0x0000000711200000, 0x0000000711200000|100%| E|CS|TAMS 0x0000000711000000| PB 0x0000000711000000| Complete |  0
| 126|0x0000000711200000, 0x0000000711400000, 0x0000000711400000|100%| E|CS|TAMS 0x0000000711200000| PB 0x0000000711200000| Complete |  0
| 127|0x0000000711400000, 0x0000000711600000, 0x0000000711600000|100%| E|CS|TAMS 0x0000000711400000| PB 0x0000000711400000| Complete |  0
|2036|0x00000007ffe00000, 0x00000007fff1d3c0, 0x0000000800000000| 55%| O|  |TAMS 0x00000007ffe00000| PB 0x00000007ffe00000| Untracked |  0

Card table byte_map: [0x000002b575f80000,0x000002b576780000] _byte_map_base: 0x000002b572775000

Marking Bits: (CMBitMap*) 0x000002b56c9ef0e0
 Bits: [0x000002b576780000, 0x000002b57a728000)

Polling page: 0x000002b56a7e0000

Metaspace:

Usage:
  Non-class:     12.10 MB used.
      Class:      1.32 MB used.
       Both:     13.43 MB used.

Virtual space:
  Non-class space:       64.00 MB reserved,      12.19 MB ( 19%) committed,  1 nodes.
      Class space:        1.00 GB reserved,       1.44 MB ( <1%) committed,  1 nodes.
             Both:        1.06 GB reserved,      13.62 MB (  1%) committed. 

Chunk freelists:
   Non-Class:  3.69 MB
       Class:  14.59 MB
        Both:  18.28 MB

MaxMetaspaceSize: unlimited
CompressedClassSpaceSize: 1.00 GB
Initial GC threshold: 21.00 MB
Current GC threshold: 21.00 MB
CDS: on
 - commit_granule_bytes: 65536.
 - commit_granule_words: 8192.
 - virtual_space_node_default_size: 8388608.
 - enlarge_chunks_in_place: 1.
UseCompressedClassPointers 1, UseCompactObjectHeaders 0
Narrow klass pointer bits 32, Max shift 3
Narrow klass base: 0x000002b50f000000, Narrow klass shift: 0
Encoding Range: [0x000002b50f000000 - 0x000002b60f000000), (4294967296 bytes)
Klass Range:    [0x000002b50f000000 - 0x000002b550000000), (1090519040 bytes)
Klass ID Range:  [8 - 1090519033) (1090519025)


Internal statistics:

num_allocs_failed_limit: 0.
num_arena_births: 156.
num_arena_deaths: 0.
num_vsnodes_births: 2.
num_vsnodes_deaths: 0.
num_space_committed: 218.
num_space_uncommitted: 0.
num_chunks_returned_to_freelist: 0.
num_chunks_taken_from_freelist: 291.
num_chunk_merges: 0.
num_chunk_splits: 177.
num_chunks_enlarged: 99.
num_inconsistent_stats: 0.

CodeHeap 'non-profiled nmethods': size=120064Kb used=465Kb max_used=465Kb free=119598Kb
 bounds [0x000002b507ac0000, 0x000002b507d30000, 0x000002b50f000000]
CodeHeap 'profiled nmethods': size=120000Kb used=2240Kb max_used=2240Kb free=117759Kb
 bounds [0x000002b500000000, 0x000002b500270000, 0x000002b507530000]
CodeHeap 'non-nmethods': size=5696Kb used=1551Kb max_used=1582Kb free=4144Kb
 bounds [0x000002b507530000, 0x000002b5077a0000, 0x000002b507ac0000]
CodeCache: size=245760Kb, used=4256Kb, max_used=4287Kb, free=241501Kb
 total_blobs=2277, nmethods=1554, adapters=628, full_count=0
Compilation: enabled, stopped_count=0, restarted_count=0

Compilation events (20 events):
Event: 450.750 Thread 0x000002b55401cb30 1546       1       java.net.URL::getUserInfo (5 bytes)
Event: 450.750 Thread 0x000002b55401cb30 nmethod 1546 0x000002b507b33c08 code [0x000002b507b33d00, 0x000002b507b33dc8]
Event: 490.761 Thread 0x000002b55401cb30 1547       3       java.lang.ref.ReferenceQueue::poll0 (65 bytes)
Event: 490.761 Thread 0x000002b55401cb30 nmethod 1547 0x000002b500229988 code [0x000002b500229ac0, 0x000002b500229fa0]
Event: 620.807 Thread 0x000002b55401cb30 1548       3       java.lang.ClassLoader::getResource (41 bytes)
Event: 620.807 Thread 0x000002b55401cb30 nmethod 1548 0x000002b50022a008 code [0x000002b50022a180, 0x000002b50022a770]
Event: 635.809 Thread 0x000002b55401cb30 1549       1       jdk.internal.loader.URLClassPath$FileLoader$1::getURL (5 bytes)
Event: 635.809 Thread 0x000002b55401cb30 nmethod 1549 0x000002b507b33f08 code [0x000002b507b34000, 0x000002b507b340c8]
Event: 645.831 Thread 0x000002b55401cb30 1550       3       java.io.WinNTFileSystem::resolve (349 bytes)
Event: 645.834 Thread 0x000002b55401cb30 nmethod 1550 0x000002b50022a808 code [0x000002b50022aca0, 0x000002b50022e590]
Event: 656.771 Thread 0x000002b554019fa0 1551       4       jdk.internal.logger.SurrogateLogger::defaultPlatformLevel (4 bytes)
Event: 656.771 Thread 0x000002b554019fa0 nmethod 1551 0x000002b507b34208 code [0x000002b507b34300, 0x000002b507b34380]
Event: 656.808 Thread 0x000002b55401cb30 1552       3       java.lang.invoke.DirectMethodHandle::make (25 bytes)
Event: 656.808 Thread 0x000002b55401cb30 nmethod 1552 0x000002b50022e608 code [0x000002b50022e760, 0x000002b50022ebe0]
Event: 656.861 Thread 0x000002b55401cb30 1553   !   3       java.awt.Toolkit::setDesktopProperty (81 bytes)
Event: 656.862 Thread 0x000002b55401cb30 nmethod 1553 0x000002b50022ec08 code [0x000002b50022eda0, 0x000002b50022f6b0]
Event: 896.065 Thread 0x000002b55401cb30 1554   !   3       java.io.WinNTFileSystem::isInvalid (78 bytes)
Event: 896.065 Thread 0x000002b55401cb30 nmethod 1554 0x000002b50022f708 code [0x000002b50022f840, 0x000002b50022faa0]
Event: 900.077 Thread 0x000002b55401cb30 1555   !   3       java.lang.Object::wait (59 bytes)
Event: 900.077 Thread 0x000002b55401cb30 nmethod 1555 0x000002b50022fb08 code [0x000002b50022fc80, 0x000002b500230200]

GC Heap History (0 events):
No events

Dll operation events (10 events):
Event: 0.007 Loaded shared library C:\Program Files\Java\jdk-24\bin\java.dll
Event: 0.032 Loaded shared library C:\Program Files\Java\jdk-24\bin\jsvml.dll
Event: 0.057 Loaded shared library C:\Program Files\Java\jdk-24\bin\net.dll
Event: 0.058 Loaded shared library C:\Program Files\Java\jdk-24\bin\nio.dll
Event: 0.076 Loaded shared library C:\Program Files\Java\jdk-24\bin\zip.dll
Event: 0.088 Loaded shared library C:\Program Files\Java\jdk-24\bin\jimage.dll
Event: 0.100 Loaded shared library C:\Program Files\Java\jdk-24\bin\awt.dll
Event: 0.198 Loaded shared library C:\Program Files\Java\jdk-24\bin\freetype.dll
Event: 0.198 Loaded shared library C:\Program Files\Java\jdk-24\bin\fontmanager.dll
Event: 0.773 Loaded shared library C:\Program Files\Java\jdk-24\bin\extnet.dll

Deoptimization events (20 events):
Event: 0.665 Thread 0x000002b554a2d1c0 DEOPT PACKING pc=0x000002b507af44e8 sp=0x000000f5d78fd080
Event: 0.665 Thread 0x000002b554a2d1c0 DEOPT UNPACKING pc=0x000002b507646302 sp=0x000000f5d78fd000 mode 2
Event: 0.690 Thread 0x000002b554a2d1c0 DEOPT PACKING pc=0x000002b5000d1699 sp=0x000000f5d78fb5e0
Event: 0.690 Thread 0x000002b554a2d1c0 DEOPT UNPACKING pc=0x000002b507585722 sp=0x000000f5d78faa80 mode 0
Event: 0.701 Thread 0x000002b554a2d1c0 Uncommon trap: trap_request=0xffffff6e fr.pc=0x000002b507b1db78 relative=0x0000000000000278
Event: 0.701 Thread 0x000002b554a2d1c0 Uncommon trap: reason=loop_limit_check action=maybe_recompile pc=0x000002b507b1db78 method=java.math.BigInteger.implMulAdd([I[IIII)I @ 26 c2
Event: 0.701 Thread 0x000002b554a2d1c0 DEOPT PACKING pc=0x000002b507b1db78 sp=0x000000f5d78fb7a0
Event: 0.701 Thread 0x000002b554a2d1c0 DEOPT UNPACKING pc=0x000002b507646302 sp=0x000000f5d78fb6f0 mode 2
Event: 0.769 Thread 0x000002b554a2d1c0 Uncommon trap: trap_request=0xffffff4d fr.pc=0x000002b507b211c0 relative=0x0000000000001200
Event: 0.769 Thread 0x000002b554a2d1c0 Uncommon trap: reason=unstable_if action=reinterpret pc=0x000002b507b211c0 method=java.lang.String.<init>([CIILjava/lang/Void;)V @ 5 c2
Event: 0.769 Thread 0x000002b554a2d1c0 DEOPT PACKING pc=0x000002b507b211c0 sp=0x000000f5d78fc910
Event: 0.769 Thread 0x000002b554a2d1c0 DEOPT UNPACKING pc=0x000002b507646302 sp=0x000000f5d78fc7f0 mode 2
Event: 0.789 Thread 0x000002b554a2d1c0 Uncommon trap: trap_request=0xffffff4d fr.pc=0x000002b507b08188 relative=0x00000000000000e8
Event: 0.789 Thread 0x000002b554a2d1c0 Uncommon trap: reason=unstable_if action=reinterpret pc=0x000002b507b08188 method=jdk.internal.classfile.impl.RawBytecodeHelper.next()Z @ 46 c2
Event: 0.789 Thread 0x000002b554a2d1c0 DEOPT PACKING pc=0x000002b507b08188 sp=0x000000f5d78fc8d0
Event: 0.789 Thread 0x000002b554a2d1c0 DEOPT UNPACKING pc=0x000002b507646302 sp=0x000000f5d78fc858 mode 2
Event: 0.795 Thread 0x000002b554a2d1c0 Uncommon trap: trap_request=0xffffffde fr.pc=0x000002b507b2e6e4 relative=0x0000000000000304
Event: 0.795 Thread 0x000002b554a2d1c0 Uncommon trap: reason=class_check action=maybe_recompile pc=0x000002b507b2e6e4 method=java.util.regex.Pattern$BmpCharPropertyGreedy.match(Ljava/util/regex/Matcher;ILjava/lang/CharSequence;)Z @ 26 c2
Event: 0.795 Thread 0x000002b554a2d1c0 DEOPT PACKING pc=0x000002b507b2e6e4 sp=0x000000f5d78fe750
Event: 0.795 Thread 0x000002b554a2d1c0 DEOPT UNPACKING pc=0x000002b507646302 sp=0x000000f5d78fe708 mode 2

Classes loaded (20 events):
Event: 0.795 Loading class sun/reflect/misc/ReflectUtil
Event: 0.795 Loading class sun/reflect/misc/ReflectUtil done
Event: 0.797 Loading class java/lang/Throwable$WrappedPrintStream
Event: 0.797 Loading class java/lang/Throwable$PrintStreamOrWriter
Event: 0.797 Loading class java/lang/Throwable$PrintStreamOrWriter done
Event: 0.797 Loading class java/lang/Throwable$WrappedPrintStream done
Event: 0.797 Loading class java/lang/StackTraceElement$HashedModules
Event: 0.797 Loading class java/lang/StackTraceElement$HashedModules done
Event: 0.798 Loading class javax/swing/event/AncestorEvent
Event: 0.799 Loading class javax/swing/event/AncestorEvent done
Event: 0.799 Loading class java/util/concurrent/locks/AbstractQueuedSynchronizer$ExclusiveNode
Event: 0.799 Loading class java/util/concurrent/locks/AbstractQueuedSynchronizer$Node
Event: 0.799 Loading class java/util/concurrent/locks/AbstractQueuedSynchronizer$Node done
Event: 0.799 Loading class java/util/concurrent/locks/AbstractQueuedSynchronizer$ExclusiveNode done
Event: 0.799 Loading class java/util/concurrent/locks/AbstractQueuedSynchronizer$ConditionNode
Event: 0.799 Loading class java/util/concurrent/ForkJoinPool$ManagedBlocker
Event: 0.799 Loading class java/util/concurrent/ForkJoinPool$ManagedBlocker done
Event: 0.799 Loading class java/util/concurrent/locks/AbstractQueuedSynchronizer$ConditionNode done
Event: 907.588 Loading class java/util/ArrayList$ListItr
Event: 907.588 Loading class java/util/ArrayList$ListItr done

Classes unloaded (0 events):
No events

Classes redefined (0 events):
No events

Internal exceptions (20 events):
Event: 0.466 Thread 0x000002b554a2d1c0 Exception <a 'java/lang/NoSuchMethodError'{0x0000000710b80a00}: 'int java.lang.invoke.Invokers$Holder.invokeExact_MT(java.lang.Object, java.lang.Object)'> (0x0000000710b80a00) 
thrown [s\open\src\hotspot\share\interpreter\linkResolver.cpp, line 805]
Event: 0.469 Thread 0x000002b554a2d1c0 Exception <a 'java/lang/NoSuchMethodError'{0x0000000710b8b378}: 'java.lang.Object java.lang.invoke.DirectMethodHandle$Holder.newInvokeSpecial(java.lang.Object, java.lang.Object, int)'> (0x0000000710b8b378) 
thrown [s\open\src\hotspot\share\interpreter\linkResolver.cpp, line 805]
Event: 0.471 Thread 0x000002b554a2d1c0 Exception <a 'java/lang/NoSuchMethodError'{0x0000000710ba4cb0}: 'java.lang.Object java.lang.invoke.DirectMethodHandle$Holder.invokeStatic(java.lang.Object, java.lang.Object, java.lang.Object, java.lang.Object, int)'> (0x0000000710ba4cb0) 
thrown [s\open\src\hotspot\share\interpreter\linkResolver.cpp, line 805]
Event: 0.472 Thread 0x000002b554a2d1c0 Exception <a 'java/lang/NoSuchMethodError'{0x0000000710bb5fa8}: 'int java.lang.invoke.DirectMethodHandle$Holder.invokeSpecial(java.lang.Object, java.lang.Object, java.lang.Object)'> (0x0000000710bb5fa8) 
thrown [s\open\src\hotspot\share\interpreter\linkResolver.cpp, line 805]
Event: 0.559 Thread 0x000002b554a2d1c0 Exception <a 'java/lang/NoSuchMethodError'{0x000000071095d0c0}: 'void java.lang.invoke.DelegatingMethodHandle$Holder.reinvoke_L(java.lang.Object, java.lang.Object, java.lang.Object, java.lang.Object, long, long, int)'> (0x000000071095d0c0) 
thrown [s\open\src\hotspot\share\interpreter\linkResolver.cpp, line 805]
Event: 0.560 Thread 0x000002b554a2d1c0 Exception <a 'java/lang/NoSuchMethodError'{0x000000071097cdf8}: 'java.lang.Object java.lang.invoke.DirectMethodHandle$Holder.invokeStatic(java.lang.Object, java.lang.Object, java.lang.Object, java.lang.Object, java.lang.Object, long)'> (0x000000071097cdf8) 
thrown [s\open\src\hotspot\share\interpreter\linkResolver.cpp, line 805]
Event: 0.562 Thread 0x000002b554a2d1c0 Exception <a 'java/lang/NoSuchMethodError'{0x00000007109a0928}: 'void java.lang.invoke.DelegatingMethodHandle$Holder.reinvoke_L(java.lang.Object, java.lang.Object, java.lang.Object, java.lang.Object, long, long, long)'> (0x00000007109a0928) 
thrown [s\open\src\hotspot\share\interpreter\linkResolver.cpp, line 805]
Event: 0.563 Thread 0x000002b554a2d1c0 Exception <a 'java/lang/NoSuchMethodError'{0x00000007109b9fb8}: 'void java.lang.invoke.DirectMethodHandle$Holder.invokeStaticInit(java.lang.Object)'> (0x00000007109b9fb8) 
thrown [s\open\src\hotspot\share\interpreter\linkResolver.cpp, line 805]
Event: 0.592 Thread 0x000002b554a01410 Exception <a 'java/lang/NoSuchMethodError'{0x0000000711109ef8}: 'void java.lang.invoke.DirectMethodHandle$Holder.invokeVirtual(java.lang.Object, java.lang.Object)'> (0x0000000711109ef8) 
thrown [s\open\src\hotspot\share\interpreter\linkResolver.cpp, line 805]
Event: 0.606 Thread 0x000002b554a2d1c0 Exception <a 'java/lang/NoSuchMethodError'{0x000000071061df98}: 'void java.lang.invoke.DelegatingMethodHandle$Holder.reinvoke_L(java.lang.Object, java.lang.Object, java.lang.Object, java.lang.Object, long, long, float)'> (0x000000071061df98) 
thrown [s\open\src\hotspot\share\interpreter\linkResolver.cpp, line 805]
Event: 0.609 Thread 0x000002b554a2d1c0 Exception <a 'java/lang/NoSuchMethodError'{0x0000000710668940}: 'float java.lang.invoke.DelegatingMethodHandle$Holder.reinvoke_L(java.lang.Object, java.lang.Object, java.lang.Object, java.lang.Object, long, long)'> (0x0000000710668940) 
thrown [s\open\src\hotspot\share\interpreter\linkResolver.cpp, line 805]
Event: 0.657 Thread 0x000002b554a2d1c0 Exception <a 'java/lang/NoSuchMethodError'{0x00000007106e4e60}: 'void java.lang.invoke.DirectMethodHandle$Holder.invokeStatic(java.lang.Object, java.lang.Object)'> (0x00000007106e4e60) 
thrown [s\open\src\hotspot\share\interpreter\linkResolver.cpp, line 805]
Event: 0.681 Thread 0x000002b554a2d1c0 Exception <a 'java/lang/NoSuchMethodError'{0x00000007104a1698}: 'java.lang.Object java.lang.invoke.DirectMethodHandle$Holder.invokeInterface(java.lang.Object, java.lang.Object)'> (0x00000007104a1698) 
thrown [s\open\src\hotspot\share\interpreter\linkResolver.cpp, line 805]
Event: 0.710 Thread 0x000002b554a2d1c0 Exception <a 'java/lang/NoSuchMethodError'{0x000000071035b530}: 'void java.lang.invoke.DirectMethodHandle$Holder.invokeStatic(java.lang.Object, java.lang.Object, java.lang.Object)'> (0x000000071035b530) 
thrown [s\open\src\hotspot\share\interpreter\linkResolver.cpp, line 805]
Event: 0.711 Thread 0x000002b554a2d1c0 Exception <a 'java/lang/NoSuchMethodError'{0x0000000710372f80}: 'java.lang.Object java.lang.invoke.DirectMethodHandle$Holder.invokeVirtual(java.lang.Object, java.lang.Object, java.lang.Object)'> (0x0000000710372f80) 
thrown [s\open\src\hotspot\share\interpreter\linkResolver.cpp, line 805]
Event: 0.778 Thread 0x000002b554a2d1c0 Exception <a 'java/net/ConnectException'{0x000000070fe9da70}: Connection refused: connect> (0x000000070fe9da70) 
thrown [s\open\src\hotspot\share\prims\jni.cpp, line 536]
Event: 0.780 Thread 0x000002b554a2d1c0 Exception <a 'java/net/ConnectException'{0x000000070fe9e690}: Connection refused: connect> (0x000000070fe9e690) 
thrown [s\open\src\hotspot\share\prims\jni.cpp, line 536]
Event: 0.796 Thread 0x000002b554a2d1c0 Exception <a 'java/net/ConnectException'{0x000000070ff359e8}: Connection refused: connect> (0x000000070ff359e8) 
thrown [s\open\src\hotspot\share\prims\jni.cpp, line 536]
Event: 0.796 Thread 0x000002b554a2d1c0 Exception <a 'java/net/ConnectException'{0x000000070ff36250}: Connection refused: connect> (0x000000070ff36250) 
thrown [s\open\src\hotspot\share\prims\jni.cpp, line 536]
Event: 0.797 Thread 0x000002b554a2d1c0 Exception <a 'java/lang/NullPointerException'{0x000000070ff39140}> (0x000000070ff39140) 
thrown [s\open\src\hotspot\share\interpreter\linkResolver.cpp, line 1523]

VM Operations (20 events):
Event: 0.502 Executing VM operation: HandshakeAllThreads (Deoptimize)
Event: 0.502 Executing VM operation: HandshakeAllThreads (Deoptimize) done
Event: 0.517 Executing VM operation: HandshakeAllThreads (Deoptimize)
Event: 0.517 Executing VM operation: HandshakeAllThreads (Deoptimize) done
Event: 0.542 Executing VM operation: HandshakeAllThreads (Deoptimize)
Event: 0.542 Executing VM operation: HandshakeAllThreads (Deoptimize) done
Event: 0.666 Executing VM operation: HandshakeAllThreads (Deoptimize)
Event: 0.666 Executing VM operation: HandshakeAllThreads (Deoptimize) done
Event: 0.767 Executing VM operation: HandshakeAllThreads (Deoptimize)
Event: 0.767 Executing VM operation: HandshakeAllThreads (Deoptimize) done
Event: 60.150 Executing VM operation: HandshakeAllThreads (HandshakeForDeflation)
Event: 60.150 Executing VM operation: HandshakeAllThreads (HandshakeForDeflation) done
Event: 60.150 Executing VM operation: RendezvousGCThreads
Event: 60.150 Executing VM operation: RendezvousGCThreads done
Event: 661.315 Executing VM operation: HandshakeAllThreads (HandshakeForDeflation)
Event: 661.315 Executing VM operation: HandshakeAllThreads (HandshakeForDeflation) done
Event: 661.315 Executing VM operation: RendezvousGCThreads
Event: 661.315 Executing VM operation: RendezvousGCThreads done
Event: 907.588 Executing VM operation: HandshakeAllThreads (Deoptimize)
Event: 907.588 Executing VM operation: HandshakeAllThreads (Deoptimize) done

Memory protections (0 events):
No events

Nmethod flushes (0 events):
No events

Events (20 events):
Event: 0.030 Thread 0x000002b56a62bed0 Thread added: 0x000002b554018f50
Event: 0.030 Thread 0x000002b56a62bed0 Thread added: 0x000002b57ce76d90
Event: 0.030 Thread 0x000002b56a62bed0 Thread added: 0x000002b57ce77880
Event: 0.030 Thread 0x000002b56a62bed0 Thread added: 0x000002b554019fa0
Event: 0.030 Thread 0x000002b56a62bed0 Thread added: 0x000002b55401cb30
Event: 0.047 Thread 0x000002b56a62bed0 Thread added: 0x000002b5540d9540
Event: 0.067 Thread 0x000002b55401cb30 Thread added: 0x000002b5541e5f80
Event: 0.069 Thread 0x000002b56a62bed0 Thread added: 0x000002b5542001b0
Event: 0.132 Thread 0x000002b56a62bed0 Thread added: 0x000002b554612750
Event: 0.132 Thread 0x000002b56a62bed0 Thread added: 0x000002b55438f8a0
Event: 0.133 Thread 0x000002b56a62bed0 Thread added: 0x000002b554a01410
Event: 0.254 Thread 0x000002b56a62bed0 Thread added: 0x000002b554a2d1c0
Event: 0.255 Thread 0x000002b56a62bed0 Thread exited: 0x000002b56a62bed0
Event: 0.255 Thread 0x000002b56a62bed0 Thread added: 0x000002b56a62bed0
Event: 0.359 Thread 0x000002b5541e5f80 Thread exited: 0x000002b5541e5f80
Event: 0.658 Thread 0x000002b554a2d1c0 Thread added: 0x000002b555da1b80
Event: 0.687 Thread 0x000002b554019fa0 Thread added: 0x000002b555ee31d0
Event: 0.700 Thread 0x000002b55401cb30 Thread added: 0x000002b555f056c0
Event: 5.660 Thread 0x000002b555f056c0 Thread exited: 0x000002b555f056c0
Event: 5.660 Thread 0x000002b555ee31d0 Thread exited: 0x000002b555ee31d0


Dynamic libraries:
0x00007ff710dc0000 - 0x00007ff710dd0000 	C:\Program Files\Java\jdk-24\bin\java.exe
0x00007ffd8a380000 - 0x00007ffd8a5e0000 	C:\Windows\SYSTEM32\ntdll.dll
0x00007ffd89370000 - 0x00007ffd89437000 	C:\Windows\System32\KERNEL32.DLL
0x00007ffd87960000 - 0x00007ffd87d2a000 	C:\Windows\System32\KERNELBASE.dll
0x00007ffd87d30000 - 0x00007ffd87e7b000 	C:\Windows\System32\ucrtbase.dll
0x00007ffd12a50000 - 0x00007ffd12a6b000 	C:\Program Files\Java\jdk-24\bin\VCRUNTIME140.dll
0x00007ffd4be40000 - 0x00007ffd4be56000 	C:\Program Files\Java\jdk-24\bin\jli.dll
0x00007ffd88180000 - 0x00007ffd8834c000 	C:\Windows\System32\USER32.dll
0x00007ffd72410000 - 0x00007ffd726a7000 	C:\Windows\WinSxS\amd64_microsoft.windows.common-controls_6595b64144ccf1df_6.0.26100.3624_none_3e086962e3345f24\COMCTL32.dll
0x00007ffd88150000 - 0x00007ffd88177000 	C:\Windows\System32\win32u.dll
0x00007ffd89700000 - 0x00007ffd897a9000 	C:\Windows\System32\msvcrt.dll
0x00007ffd8a300000 - 0x00007ffd8a32a000 	C:\Windows\System32\GDI32.dll
0x00007ffd87820000 - 0x00007ffd87951000 	C:\Windows\System32\gdi32full.dll
0x00007ffd87770000 - 0x00007ffd87813000 	C:\Windows\System32\msvcp_win.dll
0x00007ffd89a60000 - 0x00007ffd89a8f000 	C:\Windows\System32\IMM32.DLL
0x00007ffd4bda0000 - 0x00007ffd4bdac000 	C:\Program Files\Java\jdk-24\bin\vcruntime140_1.dll
0x00007ffcd4d30000 - 0x00007ffcd4dbe000 	C:\Program Files\Java\jdk-24\bin\msvcp140.dll
0x00007ffcc6be0000 - 0x00007ffcc7982000 	C:\Program Files\Java\jdk-24\bin\server\jvm.dll
0x00007ffd897b0000 - 0x00007ffd89862000 	C:\Windows\System32\ADVAPI32.dll
0x00007ffd88770000 - 0x00007ffd88816000 	C:\Windows\System32\sechost.dll
0x00007ffd895e0000 - 0x00007ffd896f6000 	C:\Windows\System32\RPCRT4.dll
0x00007ffd89ab0000 - 0x00007ffd89b24000 	C:\Windows\System32\WS2_32.dll
0x00007ffd86cb0000 - 0x00007ffd86d0e000 	C:\Windows\SYSTEM32\POWRPROF.dll
0x00007ffd7bc70000 - 0x00007ffd7bca6000 	C:\Windows\SYSTEM32\WINMM.dll
0x00007ffd80ec0000 - 0x00007ffd80ecb000 	C:\Windows\SYSTEM32\VERSION.dll
0x00007ffd86c70000 - 0x00007ffd86c84000 	C:\Windows\SYSTEM32\UMPDC.dll
0x00007ffd86330000 - 0x00007ffd8634a000 	C:\Windows\SYSTEM32\kernel.appcore.dll
0x00007ffd27ab0000 - 0x00007ffd27aba000 	C:\Program Files\Java\jdk-24\bin\jimage.dll
0x00007ffd74000000 - 0x00007ffd74241000 	C:\Windows\SYSTEM32\DBGHELP.DLL
0x00007ffd883e0000 - 0x00007ffd88762000 	C:\Windows\System32\combase.dll
0x00007ffd89090000 - 0x00007ffd89166000 	C:\Windows\System32\OLEAUT32.dll
0x00007ffd6ae10000 - 0x00007ffd6ae49000 	C:\Windows\SYSTEM32\dbgcore.DLL
0x00007ffd87ff0000 - 0x00007ffd88089000 	C:\Windows\System32\bcryptPrimitives.dll
0x00007ffcd8b50000 - 0x00007ffcd8b6e000 	C:\Program Files\Java\jdk-24\bin\java.dll
0x00007ffd89440000 - 0x00007ffd895d6000 	C:\Windows\System32\ole32.dll
0x00007ffd89b60000 - 0x00007ffd8a289000 	C:\Windows\System32\SHELL32.dll
0x00007ffd87e80000 - 0x00007ffd87fe8000 	C:\Windows\System32\wintypes.dll
0x00007ffd851e0000 - 0x00007ffd85a32000 	C:\Windows\SYSTEM32\windows.storage.dll
0x00007ffd88a00000 - 0x00007ffd88aed000 	C:\Windows\System32\SHCORE.dll
0x00007ffd8a290000 - 0x00007ffd8a2f4000 	C:\Windows\System32\shlwapi.dll
0x00007ffd87470000 - 0x00007ffd8749f000 	C:\Windows\SYSTEM32\profapi.dll
0x00007ffcd4670000 - 0x00007ffcd4747000 	C:\Program Files\Java\jdk-24\bin\jsvml.dll
0x00007ffd274a0000 - 0x00007ffd274b0000 	C:\Program Files\Java\jdk-24\bin\net.dll
0x00007ffd86830000 - 0x00007ffd8689a000 	C:\Windows\system32\mswsock.dll
0x00007ffcd53a0000 - 0x00007ffcd53b6000 	C:\Program Files\Java\jdk-24\bin\nio.dll
0x00007ffcd4dc0000 - 0x00007ffcd4dd7000 	C:\Program Files\Java\jdk-24\bin\zip.dll
0x00007ffcd44f0000 - 0x00007ffcd466f000 	C:\Program Files\Java\jdk-24\bin\awt.dll
0x00007ffd84760000 - 0x00007ffd847fc000 	C:\Windows\SYSTEM32\apphelp.dll
0x00007ffd84830000 - 0x00007ffd848de000 	C:\Windows\system32\uxtheme.dll
0x00007ffd89170000 - 0x00007ffd892cd000 	C:\Windows\System32\MSCTF.dll
0x00007ffd84b50000 - 0x00007ffd84b86000 	C:\Windows\system32\DWMAPI.DLL
0x00007ffcd4460000 - 0x00007ffcd44e7000 	C:\Program Files\Java\jdk-24\bin\freetype.dll
0x00007ffcd4380000 - 0x00007ffcd4457000 	C:\Program Files\Java\jdk-24\bin\fontmanager.dll
0x00007ffcefbf0000 - 0x00007ffcefcfc000 	C:\Windows\system32\opengl32.dll
0x00007ffcf15b0000 - 0x00007ffcf15dd000 	C:\Windows\SYSTEM32\GLU32.dll
0x00007ffd84930000 - 0x00007ffd84977000 	C:\Windows\SYSTEM32\dxcore.dll
0x00007ffd86d60000 - 0x00007ffd86d73000 	C:\Windows\SYSTEM32\msasn1.dll
0x00007ffd80e50000 - 0x00007ffd80e8b000 	C:\Windows\SYSTEM32\cryptnet.dll
0x00007ffd875f0000 - 0x00007ffd87767000 	C:\Windows\System32\CRYPT32.dll
0x00007ffd86a60000 - 0x00007ffd86a6c000 	C:\Windows\SYSTEM32\cryptbase.dll
0x00007ffd86b00000 - 0x00007ffd86b5d000 	C:\Windows\SYSTEM32\wldp.dll
0x00007ffd80c10000 - 0x00007ffd80d8c000 	C:\Windows\SYSTEM32\drvstore.dll
0x00007ffd87200000 - 0x00007ffd8722d000 	C:\Windows\SYSTEM32\devobj.dll
0x00007ffd87190000 - 0x00007ffd871ef000 	C:\Windows\SYSTEM32\CFGMGR32.dll
0x00007ffd87560000 - 0x00007ffd875df000 	C:\Windows\System32\wintrust.dll
0x00007ffd89b30000 - 0x00007ffd89b50000 	C:\Windows\System32\imagehlp.dll
0x00007ffd86c90000 - 0x00007ffd86cac000 	C:\Windows\SYSTEM32\CRYPTSP.dll
0x00007ffd86290000 - 0x00007ffd862ca000 	C:\Windows\system32\rsaenh.dll
0x00007ffd87440000 - 0x00007ffd87466000 	C:\Windows\SYSTEM32\bcrypt.dll
0x00007ffd5c600000 - 0x00007ffd5c914000 	C:\Windows\system32\nvspcap64.dll
0x00007ffd86450000 - 0x00007ffd86485000 	C:\Windows\SYSTEM32\ntmarta.dll
0x00007ffd868a0000 - 0x00007ffd868c7000 	C:\Windows\SYSTEM32\gpapi.dll
0x00007ffd49600000 - 0x00007ffd497b4000 	C:\WINDOWS\System32\DriverStore\FileRepository\nv_dispi.inf_amd64_2c61c4d89b199ea8\nvppex.dll
0x00007ffd89870000 - 0x00007ffd89918000 	C:\Windows\System32\clbcatq.dll
0x00007ffd82f60000 - 0x00007ffd8318e000 	C:\Windows\SYSTEM32\WindowsCodecs.dll
0x00007ffd5d3a0000 - 0x00007ffd5d3fa000 	C:\Windows\system32\dataexchange.dll
0x00007ffd7b840000 - 0x00007ffd7ba7b000 	C:\Windows\system32\twinapi.appcore.dll
0x00007ffd85dd0000 - 0x00007ffd85ef5000 	C:\Windows\SYSTEM32\DNSAPI.dll
0x00007ffd85d40000 - 0x00007ffd85d73000 	C:\Windows\SYSTEM32\IPHLPAPI.DLL
0x00007ffd89aa0000 - 0x00007ffd89aaa000 	C:\Windows\System32\NSI.dll
0x00007ffd80990000 - 0x00007ffd8099b000 	C:\Windows\System32\rasadhlp.dll
0x00007ffd7cd60000 - 0x00007ffd7cde5000 	C:\Windows\System32\fwpuclnt.dll
0x00007ffd1dea0000 - 0x00007ffd1dea9000 	C:\Program Files\Java\jdk-24\bin\extnet.dll

dbghelp: loaded successfully - version: 4.0.5 - missing functions: none
symbol engine: initialized successfully - sym options: 0x614 - pdb path: .;C:\Program Files\Java\jdk-24\bin;C:\Windows\SYSTEM32;C:\Windows\WinSxS\amd64_microsoft.windows.common-controls_6595b64144ccf1df_6.0.26100.3624_none_3e086962e3345f24;C:\Program Files\Java\jdk-24\bin\server;C:\WINDOWS\System32\DriverStore\FileRepository\nv_dispi.inf_amd64_2c61c4d89b199ea8

VM Arguments:
jvm_args: -Dfile.encoding=UTF-8 --module-path=C:\Users\Administrator\Documents\NetBeansProjects\PABaru\PA\build\classes 
java_command: pa.Cashier
java_class_path (initial): D:\Library Netbeans\mysql-connector-j-9.3.0\mysql-connector-j-9.3.0.jar;C:\Program Files\NetBeans-25\netbeans\java\modules\ext\AbsoluteLayout.jar;D:\Library Netbeans\jfreechart-demo-1.5.6-jar-with-dependencies.jar;C:\Users\Administrator\Documents\NetBeansProjects\PABaru\PA\build\classes
Launcher Type: SUN_STANDARD

[Global flags]
     intx CICompilerCount                          = 4                                         {product} {ergonomic}
     uint ConcGCThreads                            = 3                                         {product} {ergonomic}
     uint G1ConcRefinementThreads                  = 10                                        {product} {ergonomic}
   size_t G1HeapRegionSize                         = 2097152                                   {product} {ergonomic}
   size_t InitialHeapSize                          = 268435456                                 {product} {ergonomic}
   size_t MarkStackSize                            = 4194304                                   {product} {ergonomic}
   size_t MarkStackSizeMax                         = 536870912                                 {product} {ergonomic}
   size_t MaxHeapSize                              = 4271898624                                {product} {ergonomic}
   size_t MaxNewSize                               = 2562719744                                {product} {ergonomic}
   size_t MinHeapDeltaBytes                        = 2097152                                   {product} {ergonomic}
   size_t MinHeapSize                              = 8388608                                   {product} {ergonomic}
    uintx NonNMethodCodeHeapSize                   = 5832704                                {pd product} {ergonomic}
    uintx NonProfiledCodeHeapSize                  = 122945536                              {pd product} {ergonomic}
    uintx ProfiledCodeHeapSize                     = 122880000                              {pd product} {ergonomic}
    uintx ReservedCodeCacheSize                    = 251658240                              {pd product} {ergonomic}
     bool SegmentedCodeCache                       = true                                      {product} {ergonomic}
   size_t SoftMaxHeapSize                          = 4271898624                             {manageable} {ergonomic}
     bool UseCompressedOops                        = true                           {product lp64_product} {ergonomic}
     bool UseG1GC                                  = true                                      {product} {ergonomic}
     bool UseLargePagesIndividualAllocation        = false                                  {pd product} {ergonomic}

Logging:
Log output configuration:
 #0: stdout all=warning uptime,level,tags foldmultilines=false
 #1: stderr all=off uptime,level,tags foldmultilines=false

Environment Variables:
PATH=C:\Program Files\Common Files\Oracle\Java\javapath;C:\Program Files (x86)\Common Files\Oracle\Java\java8path;C:\Program Files (x86)\Common Files\Oracle\Java\javapath;C:\Windows\system32;C:\Windows;C:\Windows\System32\Wbem;C:\Windows\System32\WindowsPowerShell\v1.0\;C:\Windows\System32\OpenSSH\;C:\Program Files\NVIDIA Corporation\NVIDIA App\NvDLISR;C:\Program Files (x86)\NVIDIA Corporation\PhysX\Common;C:\Users\Administrator\AppData\Local\Microsoft\WindowsApps;C:\Users\Administrator\AppData\Local\Programs\Microsoft VS Code\bin;
USERNAME=Administrator
OS=Windows_NT
PROCESSOR_IDENTIFIER=Intel64 Family 6 Model 165 Stepping 5, GenuineIntel
TMP=C:\Users\ADMINI~1\AppData\Local\Temp
TEMP=C:\Users\ADMINI~1\AppData\Local\Temp




Periodic native trim disabled

---------------  S Y S T E M  ---------------

OS:
 Windows 11 , 64 bit Build 26100 (10.0.26100.3775)
OS uptime: 0 days 6:08 hours
Hyper-V role detected

CPU: total 12 (initial active 12) (6 cores per cpu, 2 threads per core) family 6 model 165 stepping 5 microcode 0xe2, cx8, cmov, fxsr, ht, mmx, 3dnowpref, sse, sse2, sse3, ssse3, sse4.1, sse4.2, popcnt, lzcnt, tsc, tscinvbit, avx, avx2, aes, erms, clmul, bmi1, bmi2, adx, fma, vzeroupper, clflush, clflushopt, hv, rdtscp, f16c
Processor Information for the first 12 processors :
  Max Mhz: 2904, Current Mhz: 2904, Mhz Limit: 2904

Memory: 4k page, system-wide physical 16294M (6570M free)
TotalPageFile size 30118M (AvailPageFile size 13357M)
current process WorkingSet (physical memory assigned to process): 97M, peak: 116M
current process commit charge ("private bytes"): 375M, peak: 403M

vm_info: Java HotSpot(TM) 64-Bit Server VM (24+36-3646) for windows-amd64 JRE (24+36-3646), built on 2025-02-06T00:20:43Z with MS VC++ 17.6 (VS2022)

END.
